Archive member included to satisfy reference by file (symbol)

c:/programmes/fpga/nios2eds/bin/gnu/h-x86_64-mingw32/bin/../lib/gcc/nios2-elf/5.3.0\libgcc.a(lib2-divmod.o)
                              obj/default/hello_world.o (__udivsi3)
c:/programmes/fpga/nios2eds/bin/gnu/h-x86_64-mingw32/bin/../lib/gcc/nios2-elf/5.3.0\libgcc.a(addsf3.o)
                              obj/default/hello_world.o (__addsf3)
c:/programmes/fpga/nios2eds/bin/gnu/h-x86_64-mingw32/bin/../lib/gcc/nios2-elf/5.3.0\libgcc.a(lesf2.o)
                              obj/default/hello_world.o (__ltsf2)
c:/programmes/fpga/nios2eds/bin/gnu/h-x86_64-mingw32/bin/../lib/gcc/nios2-elf/5.3.0\libgcc.a(floatunsisf.o)
                              obj/default/hello_world.o (__floatunsisf)
c:/programmes/fpga/nios2eds/bin/gnu/h-x86_64-mingw32/bin/../lib/gcc/nios2-elf/5.3.0\libgcc.a(_clzsi2.o)
                              c:/programmes/fpga/nios2eds/bin/gnu/h-x86_64-mingw32/bin/../lib/gcc/nios2-elf/5.3.0\libgcc.a(addsf3.o) (__clzsi2)
c:/programmes/fpga/nios2eds/bin/gnu/h-x86_64-mingw32/bin/../lib/gcc/nios2-elf/5.3.0\libgcc.a(_clz.o)
                              c:/programmes/fpga/nios2eds/bin/gnu/h-x86_64-mingw32/bin/../lib/gcc/nios2-elf/5.3.0\libgcc.a(_clzsi2.o) (__clz_tab)
c:/programmes/fpga/nios2eds/bin/gnu/h-x86_64-mingw32/bin/../lib/gcc/nios2-elf/5.3.0/../../../../../H-x86_64-mingw32/nios2-elf/lib\libc.a(lib_a-clock.o)
                              obj/default/hello_world.o (clock)
c:/programmes/fpga/nios2eds/bin/gnu/h-x86_64-mingw32/bin/../lib/gcc/nios2-elf/5.3.0/../../../../../H-x86_64-mingw32/nios2-elf/lib\libc.a(lib_a-impure.o)
                              c:/programmes/fpga/nios2eds/bin/gnu/h-x86_64-mingw32/bin/../lib/gcc/nios2-elf/5.3.0/../../../../../H-x86_64-mingw32/nios2-elf/lib\libc.a(lib_a-clock.o) (_impure_ptr)
c:/programmes/fpga/nios2eds/bin/gnu/h-x86_64-mingw32/bin/../lib/gcc/nios2-elf/5.3.0/../../../../../H-x86_64-mingw32/nios2-elf/lib\libc.a(lib_a-timesr.o)
                              c:/programmes/fpga/nios2eds/bin/gnu/h-x86_64-mingw32/bin/../lib/gcc/nios2-elf/5.3.0/../../../../../H-x86_64-mingw32/nios2-elf/lib\libc.a(lib_a-clock.o) (_times_r)
C:/Users/smail/Desktop/College/MA2/Real_Time_Embedded_Systems/final_projectCCC/sw/nios/project_bsp/\libhal_bsp.a(alt_iic.o)
                              obj/default/hello_world.o (alt_ic_isr_register)
C:/Users/smail/Desktop/College/MA2/Real_Time_Embedded_Systems/final_projectCCC/sw/nios/project_bsp/\libhal_bsp.a(alt_iic_isr_register.o)
                              C:/Users/smail/Desktop/College/MA2/Real_Time_Embedded_Systems/final_projectCCC/sw/nios/project_bsp/\libhal_bsp.a(alt_iic.o) (alt_iic_isr_register)
C:/Users/smail/Desktop/College/MA2/Real_Time_Embedded_Systems/final_projectCCC/sw/nios/project_bsp/\libhal_bsp.a(alt_irq_entry.o)
                              C:/Users/smail/Desktop/College/MA2/Real_Time_Embedded_Systems/final_projectCCC/sw/nios/project_bsp/\libhal_bsp.a(alt_iic_isr_register.o) (alt_irq_entry)
C:/Users/smail/Desktop/College/MA2/Real_Time_Embedded_Systems/final_projectCCC/sw/nios/project_bsp/\libhal_bsp.a(alt_irq_handler.o)
                              C:/Users/smail/Desktop/College/MA2/Real_Time_Embedded_Systems/final_projectCCC/sw/nios/project_bsp/\libhal_bsp.a(alt_iic_isr_register.o) (alt_irq)
C:/Users/smail/Desktop/College/MA2/Real_Time_Embedded_Systems/final_projectCCC/sw/nios/project_bsp/\libhal_bsp.a(alt_irq_vars.o)
                              C:/Users/smail/Desktop/College/MA2/Real_Time_Embedded_Systems/final_projectCCC/sw/nios/project_bsp/\libhal_bsp.a(alt_iic.o) (alt_irq_active)
C:/Users/smail/Desktop/College/MA2/Real_Time_Embedded_Systems/final_projectCCC/sw/nios/project_bsp/\libhal_bsp.a(alt_load.o)
                              C:/Users/smail/Desktop/College/MA2/Real_Time_Embedded_Systems/final_projectCCC/sw/nios/project_bsp//obj/HAL/src/crt0.o (alt_load)
C:/Users/smail/Desktop/College/MA2/Real_Time_Embedded_Systems/final_projectCCC/sw/nios/project_bsp/\libhal_bsp.a(alt_main.o)
                              C:/Users/smail/Desktop/College/MA2/Real_Time_Embedded_Systems/final_projectCCC/sw/nios/project_bsp//obj/HAL/src/crt0.o (alt_main)
C:/Users/smail/Desktop/College/MA2/Real_Time_Embedded_Systems/final_projectCCC/sw/nios/project_bsp/\libhal_bsp.a(alt_printf.o)
                              obj/default/hello_world.o (alt_printf)
C:/Users/smail/Desktop/College/MA2/Real_Time_Embedded_Systems/final_projectCCC/sw/nios/project_bsp/\libhal_bsp.a(alt_putchar.o)
                              C:/Users/smail/Desktop/College/MA2/Real_Time_Embedded_Systems/final_projectCCC/sw/nios/project_bsp/\libhal_bsp.a(alt_printf.o) (alt_putchar)
C:/Users/smail/Desktop/College/MA2/Real_Time_Embedded_Systems/final_projectCCC/sw/nios/project_bsp/\libhal_bsp.a(alt_times.o)
                              c:/programmes/fpga/nios2eds/bin/gnu/h-x86_64-mingw32/bin/../lib/gcc/nios2-elf/5.3.0/../../../../../H-x86_64-mingw32/nios2-elf/lib\libc.a(lib_a-timesr.o) (times)
[...]
Memory Configuration

Name             Origin             Length             Attributes
new_sdram_controller_0 0x0000000004000000 0x0000000004000000
reset            0x0000000008040000 0x0000000000000020
onchip_memory2_0 0x0000000008040020 0x000000000003ffe0
*default*        0x0000000000000000 0xffffffffffffffff

Linker script and memory map

LOAD C:/Users/smail/Desktop/College/MA2/Real_Time_Embedded_Systems/final_projectCCC/sw/nios/project_bsp//obj/HAL/src/crt0.o
LOAD obj/default/hello_world.o
LOAD c:/programmes/fpga/nios2eds/bin/gnu/h-x86_64-mingw32/bin/../lib/gcc/nios2-elf/5.3.0/../../../../../H-x86_64-mingw32/nios2-elf/lib\libstdc++.a
LOAD c:/programmes/fpga/nios2eds/bin/gnu/h-x86_64-mingw32/bin/../lib/gcc/nios2-elf/5.3.0/../../../../../H-x86_64-mingw32/nios2-elf/lib\libm.a
LOAD c:/programmes/fpga/nios2eds/bin/gnu/h-x86_64-mingw32/bin/../lib/gcc/nios2-elf/5.3.0\libgcc.a
START GROUP
LOAD c:/programmes/fpga/nios2eds/bin/gnu/h-x86_64-mingw32/bin/../lib/gcc/nios2-elf/5.3.0/../../../../../H-x86_64-mingw32/nios2-elf/lib\libc.a
LOAD c:/programmes/fpga/nios2eds/bin/gnu/h-x86_64-mingw32/bin/../lib/gcc/nios2-elf/5.3.0\libgcc.a
LOAD C:/Users/smail/Desktop/College/MA2/Real_Time_Embedded_Systems/final_projectCCC/sw/nios/project_bsp/\libhal_bsp.a
LOAD c:/programmes/fpga/nios2eds/bin/gnu/h-x86_64-mingw32/bin/../lib/gcc/nios2-elf/5.3.0/../../../../../H-x86_64-mingw32/nios2-elf/lib\libm.a
END GROUP
LOAD c:/programmes/fpga/nios2eds/bin/gnu/h-x86_64-mingw32/bin/../lib/gcc/nios2-elf/5.3.0\libgcc.a
                0x0000000004000000                __alt_mem_new_sdram_controller_0 = 0x4000000
                0x0000000008040000                __alt_mem_onchip_memory2_0 = 0x8040000

.entry          0x0000000008040000       0x20
 *(.entry)
 .entry         0x0000000008040000       0x20 C:/Users/smail/Desktop/College/MA2/Real_Time_Embedded_Systems/final_projectCCC/sw/nios/project_bsp//obj/HAL/src/crt0.o
                0x0000000008040000                __reset

.exceptions     0x0000000008040020      0x224
                0x0000000008040020                PROVIDE (__ram_exceptions_start, ABSOLUTE (.))
                0x0000000008040020                . = ALIGN (0x20)
 *(.irq)
 *(.exceptions.entry.label)
 .exceptions.entry.label
                0x0000000008040020        0x0 C:/Users/smail/Desktop/College/MA2/Real_Time_Embedded_Systems/final_projectCCC/sw/nios/project_bsp/\libhal_bsp.a(alt_irq_entry.o)
                0x0000000008040020                alt_irq_entry
 .exceptions.entry.label
                0x0000000008040020        0x0 C:/Users/smail/Desktop/College/MA2/Real_Time_Embedded_Systems/final_projectCCC/sw/nios/project_bsp/\libhal_bsp.a(alt_exception_entry.o)
                0x0000000008040020                alt_exception
 *(.exceptions.entry.user)
 *(.exceptions.entry.ecc_fatal)
 *(.exceptions.entry)
 .exceptions.entry
                0x0000000008040020       0x54 C:/Users/smail/Desktop/College/MA2/Real_Time_Embedded_Systems/final_projectCCC/sw/nios/project_bsp/\libhal_bsp.a(alt_exception_entry.o)
 *(.exceptions.irqtest.user)
 *(.exceptions.irqtest)
 .exceptions.irqtest
                0x0000000008040074       0x10 C:/Users/smail/Desktop/College/MA2/Real_Time_Embedded_Systems/final_projectCCC/sw/nios/project_bsp/\libhal_bsp.a(alt_irq_entry.o)
 *(.exceptions.irqhandler.user)
 *(.exceptions.irqhandler)
 .exceptions.irqhandler
                0x0000000008040084        0x4 C:/Users/smail/Desktop/College/MA2/Real_Time_Embedded_Systems/final_projectCCC/sw/nios/project_bsp/\libhal_bsp.a(alt_irq_entry.o)
 *(.exceptions.irqreturn.user)
 *(.exceptions.irqreturn)
 .exceptions.irqreturn
                0x0000000008040088        0x4 C:/Users/smail/Desktop/College/MA2/Real_Time_Embedded_Systems/final_projectCCC/sw/nios/project_bsp/\libhal_bsp.a(alt_irq_entry.o)
 *(.exceptions.notirq.label)
 .exceptions.notirq.label
                0x000000000804008c        0x0 C:/Users/smail/Desktop/College/MA2/Real_Time_Embedded_Systems/final_projectCCC/sw/nios/project_bsp/\libhal_bsp.a(alt_irq_entry.o)
 *(.exceptions.notirq.user)
 *(.exceptions.notirq)
 .exceptions.notirq
                0x000000000804008c        0x8 C:/Users/smail/Desktop/College/MA2/Real_Time_Embedded_Systems/final_projectCCC/sw/nios/project_bsp/\libhal_bsp.a(alt_exception_entry.o)
 *(.exceptions.soft.user)
 *(.exceptions.soft)
 *(.exceptions.unknown.user)
 *(.exceptions.unknown)
 .exceptions.unknown
                0x0000000008040094       0x14 C:/Users/smail/Desktop/College/MA2/Real_Time_Embedded_Systems/final_projectCCC/sw/nios/project_bsp/\libhal_bsp.a(alt_exception_entry.o)
 *(.exceptions.exit.label)
 .exceptions.exit.label
                0x00000000080400a8        0x0 C:/Users/smail/Desktop/College/MA2/Real_Time_Embedded_Systems/final_projectCCC/sw/nios/project_bsp/\libhal_bsp.a(alt_irq_entry.o)
 .exceptions.exit.label
                0x00000000080400a8        0x0 C:/Users/smail/Desktop/College/MA2/Real_Time_Embedded_Systems/final_projectCCC/sw/nios/project_bsp/\libhal_bsp.a(alt_exception_entry.o)
 *(.exceptions.exit.user)
 *(.exceptions.exit)
 .exceptions.exit
                0x00000000080400a8       0x54 C:/Users/smail/Desktop/College/MA2/Real_Time_Embedded_Systems/final_projectCCC/sw/nios/project_bsp/\libhal_bsp.a(alt_exception_entry.o)
 *(.exceptions)
 .exceptions    0x00000000080400fc       0xd4 C:/Users/smail/Desktop/College/MA2/Real_Time_Embedded_Systems/final_projectCCC/sw/nios/project_bsp/\libhal_bsp.a(alt_irq_handler.o)
                0x00000000080400fc                alt_irq_handler
 .exceptions    0x00000000080401d0       0x74 C:/Users/smail/Desktop/College/MA2/Real_Time_Embedded_Systems/final_projectCCC/sw/nios/project_bsp/\libhal_bsp.a(alt_instruction_exception_entry.o)
                0x00000000080401d0                alt_instruction_exception_entry
                0x0000000008040244                PROVIDE (__ram_exceptions_end, ABSOLUTE (.))
                0x0000000008040020                PROVIDE (__flash_exceptions_start, LOADADDR (.exceptions))

.text           0x0000000008040244     0x7074
                [!provide]                        PROVIDE (stext, ABSOLUTE (.))
 *(.interp)
 *(.hash)
 *(.dynsym)
 *(.dynstr)
 *(.gnu.version)
 *(.gnu.version_d)
 *(.gnu.version_r)
 *(.rel.init)
 *(.rela.init)
 *(.rel.text .rel.text.* .rel.gnu.linkonce.t.*)
 *(.rela.text .rela.text.* .rela.gnu.linkonce.t.*)
 *(.rel.fini)
 *(.rela.fini)
 *(.rel.rodata .rel.rodata.* .rel.gnu.linkonce.r.*)
 *(.rela.rodata .rela.rodata.* .rela.gnu.linkonce.r.*)
 *(.rel.data .rel.data.* .rel.gnu.linkonce.d.*)
 *(.rela.data .rela.data.* .rela.gnu.linkonce.d.*)
 *(.rel.tdata .rel.tdata.* .rel.gnu.linkonce.td.*)
 *(.rela.tdata .rela.tdata.* .rela.gnu.linkonce.td.*)
 *(.rel.tbss .rel.tbss.* .rel.gnu.linkonce.tb.*)
 *(.rela.tbss .rela.tbss.* .rela.gnu.linkonce.tb.*)
 *(.rel.ctors)
 *(.rela.ctors)
 *(.rel.dtors)
 *(.rela.dtors)
 *(.rel.got)
 *(.rela.got)
 *(.rel.sdata .rel.sdata.* .rel.gnu.linkonce.s.*)
 *(.rela.sdata .rela.sdata.* .rela.gnu.linkonce.s.*)
 *(.rel.sbss .rel.sbss.* .rel.gnu.linkonce.sb.*)
 *(.rela.sbss .rela.sbss.* .rela.gnu.linkonce.sb.*)
 *(.rel.sdata2 .rel.sdata2.* .rel.gnu.linkonce.s2.*)
 *(.rela.sdata2 .rela.sdata2.* .rela.gnu.linkonce.s2.*)
 *(.rel.sbss2 .rel.sbss2.* .rel.gnu.linkonce.sb2.*)
 *(.rela.sbss2 .rela.sbss2.* .rela.gnu.linkonce.sb2.*)
 *(.rel.bss .rel.bss.* .rel.gnu.linkonce.b.*)
 *(.rela.bss .rela.bss.* .rela.gnu.linkonce.b.*)
 *(.rel.plt)
 *(.rela.plt)
 *(.rel.dyn)
 *(.init)
 *(.plt)
 *(.text .stub .text.* .gnu.linkonce.t.*)
 .text          0x0000000008040244       0x4c C:/Users/smail/Desktop/College/MA2/Real_Time_Embedded_Systems/final_projectCCC/sw/nios/project_bsp//obj/HAL/src/crt0.o
                0x0000000008040244                _start
 .text          0x0000000008040290      0xc08 obj/default/hello_world.o
                0x0000000008040290                delay
                0x0000000008040310                record
                0x0000000008040458                combined_play
                0x00000000080405e0                play
                0x00000000080406dc                effects_isr
                0x0000000008040788                recording_isr
                0x00000000080408bc                main
 .text          0x0000000008040e98      0x1b4 c:/programmes/fpga/nios2eds/bin/gnu/h-x86_64-mingw32/bin/../lib/gcc/nios2-elf/5.3.0\libgcc.a(lib2-divmod.o)
                0x0000000008040e98                __divsi3
                0x0000000008040f1c                __modsi3
                0x0000000008040f90                __udivsi3
                0x0000000008040ff4                __umodsi3
 .text          0x000000000804104c      0x4c8 c:/programmes/fpga/nios2eds/bin/gnu/h-x86_64-mingw32/bin/../lib/gcc/nios2-elf/5.3.0\libgcc.a(addsf3.o)
                0x000000000804104c                __addsf3
 .text          0x0000000008041514       0xc8 c:/programmes/fpga/nios2eds/bin/gnu/h-x86_64-mingw32/bin/../lib/gcc/nios2-elf/5.3.0\libgcc.a(lesf2.o)
                0x0000000008041514                __ltsf2
                0x0000000008041514                __lesf2
 .text          0x00000000080415dc       0xf0 c:/programmes/fpga/nios2eds/bin/gnu/h-x86_64-mingw32/bin/../lib/gcc/nios2-elf/5.3.0\libgcc.a(floatunsisf.o)
                0x00000000080415dc                __floatunsisf
 .text          0x00000000080416cc       0x64 c:/programmes/fpga/nios2eds/bin/gnu/h-x86_64-mingw32/bin/../lib/gcc/nios2-elf/5.3.0\libgcc.a(_clzsi2.o)
                0x00000000080416cc                __clzsi2
 .text          0x0000000008041730        0x0 c:/programmes/fpga/nios2eds/bin/gnu/h-x86_64-mingw32/bin/../lib/gcc/nios2-elf/5.3.0\libgcc.a(_clz.o)
 .text          0x0000000008041730        0x0 c:/programmes/fpga/nios2eds/bin/gnu/h-x86_64-mingw32/bin/../lib/gcc/nios2-elf/5.3.0/../../../../../H-x86_64-mingw32/nios2-elf/lib\libc.a(lib_a-clock.o)
 .text.clock    0x0000000008041730       0x4c c:/programmes/fpga/nios2eds/bin/gnu/h-x86_64-mingw32/bin/../lib/gcc/nios2-elf/5.3.0/../../../../../H-x86_64-mingw32/nios2-elf/lib\libc.a(lib_a-clock.o)
                0x0000000008041730                clock
 .text          0x000000000804177c        0x0 c:/programmes/fpga/nios2eds/bin/gnu/h-x86_64-mingw32/bin/../lib/gcc/nios2-elf/5.3.0/../../../../../H-x86_64-mingw32/nios2-elf/lib\libc.a(lib_a-impure.o)
 .text          0x000000000804177c        0x0 c:/programmes/fpga/nios2eds/bin/gnu/h-x86_64-mingw32/bin/../lib/gcc/nios2-elf/5.3.0/../../../../../H-x86_64-mingw32/nios2-elf/lib\libc.a(lib_a-timesr.o)
 .text._times_r
                0x000000000804177c        0x8 c:/programmes/fpga/nios2eds/bin/gnu/h-x86_64-mingw32/bin/../lib/gcc/nios2-elf/5.3.0/../../../../../H-x86_64-mingw32/nios2-elf/lib\libc.a(lib_a-timesr.o)
                0x000000000804177c                _times_r
 .text          0x0000000008041784      0x1b0 C:/Users/smail/Desktop/College/MA2/Real_Time_Embedded_Systems/final_projectCCC/sw/nios/project_bsp/\libhal_bsp.a(alt_iic.o)
                0x0000000008041784                alt_ic_isr_register
                0x00000000080417d4                alt_ic_irq_enable
                0x000000000804185c                alt_ic_irq_disable
                0x00000000080418e8                alt_ic_irq_enabled
 .text          0x0000000008041934       0xf0 C:/Users/smail/Desktop/College/MA2/Real_Time_Embedded_Systems/final_projectCCC/sw/nios/project_bsp/\libhal_bsp.a(alt_iic_isr_register.o)
                0x0000000008041934                alt_iic_isr_register
 .text          0x0000000008041a24        0x0 C:/Users/smail/Desktop/College/MA2/Real_Time_Embedded_Systems/final_projectCCC/sw/nios/project_bsp/\libhal_bsp.a(alt_irq_entry.o)
 .text          0x0000000008041a24        0x0 C:/Users/smail/Desktop/College/MA2/Real_Time_Embedded_Systems/final_projectCCC/sw/nios/project_bsp/\libhal_bsp.a(alt_irq_handler.o)
 .text          0x0000000008041a24        0x0 C:/Users/smail/Desktop/College/MA2/Real_Time_Embedded_Systems/final_projectCCC/sw/nios/project_bsp/\libhal_bsp.a(alt_irq_vars.o)
 .text          0x0000000008041a24       0xec C:/Users/smail/Desktop/College/MA2/Real_Time_Embedded_Systems/final_projectCCC/sw/nios/project_bsp/\libhal_bsp.a(alt_load.o)
                0x0000000008041a8c                alt_load
 .text          0x0000000008041b10       0x7c C:/Users/smail/Desktop/College/MA2/Real_Time_Embedded_Systems/final_projectCCC/sw/nios/project_bsp/\libhal_bsp.a(alt_main.o)
                0x0000000008041b10                alt_main
 .text          0x0000000008041b8c      0x22c C:/Users/smail/Desktop/College/MA2/Real_Time_Embedded_Systems/final_projectCCC/sw/nios/project_bsp/\libhal_bsp.a(alt_printf.o)
                0x0000000008041b8c                alt_printf
 .text          0x0000000008041db8       0x3c C:/Users/smail/Desktop/College/MA2/Real_Time_Embedded_Systems/final_projectCCC/sw/nios/project_bsp/\libhal_bsp.a(alt_putchar.o)
                0x0000000008041db8                alt_putchar
 .text          0x0000000008041df4       0xb4 C:/Users/smail/Desktop/College/MA2/Real_Time_Embedded_Systems/final_projectCCC/sw/nios/project_bsp/\libhal_bsp.a(alt_times.o)
                0x0000000008041e30                times
 .text          0x0000000008041ea8       0xf4 C:/Users/smail/Desktop/College/MA2/Real_Time_Embedded_Systems/final_projectCCC/sw/nios/project_bsp/\libhal_bsp.a(alt_sys_init.o)
                0x0000000008041edc                alt_irq_init
                0x0000000008041f14                alt_sys_init
 .text          0x0000000008041f9c      0x164 C:/Users/smail/Desktop/College/MA2/Real_Time_Embedded_Systems/final_projectCCC/sw/nios/project_bsp/\libhal_bsp.a(altera_avalon_jtag_uart_fd.o)
                0x0000000008041f9c                altera_avalon_jtag_uart_read_fd
                0x0000000008041ffc                altera_avalon_jtag_uart_write_fd
                0x000000000804205c                altera_avalon_jtag_uart_close_fd
                0x00000000080420ac                altera_avalon_jtag_uart_ioctl_fd
 .text          0x0000000008042100      0x3d4 C:/Users/smail/Desktop/College/MA2/Real_Time_Embedded_Systems/final_projectCCC/sw/nios/project_bsp/\libhal_bsp.a(altera_avalon_jtag_uart_init.o)
                0x0000000008042100                altera_avalon_jtag_uart_init
                0x000000000804246c                altera_avalon_jtag_uart_close
 .text          0x00000000080424d4       0xf0 C:/Users/smail/Desktop/College/MA2/Real_Time_Embedded_Systems/final_projectCCC/sw/nios/project_bsp/\libhal_bsp.a(altera_avalon_jtag_uart_ioctl.o)
                0x00000000080424d4                altera_avalon_jtag_uart_ioctl
 .text          0x00000000080425c4      0x21c C:/Users/smail/Desktop/College/MA2/Real_Time_Embedded_Systems/final_projectCCC/sw/nios/project_bsp/\libhal_bsp.a(altera_avalon_jtag_uart_read.o)
                0x00000000080425c4                altera_avalon_jtag_uart_read
 .text          0x00000000080427e0      0x224 C:/Users/smail/Desktop/College/MA2/Real_Time_Embedded_Systems/final_projectCCC/sw/nios/project_bsp/\libhal_bsp.a(altera_avalon_jtag_uart_write.o)
                0x00000000080427e0                altera_avalon_jtag_uart_write
 .text          0x0000000008042a04       0xf4 C:/Users/smail/Desktop/College/MA2/Real_Time_Embedded_Systems/final_projectCCC/sw/nios/project_bsp/\libhal_bsp.a(altera_avalon_timer_sc.o)
                0x0000000008042a7c                alt_avalon_timer_sc_init
 .text          0x0000000008042af8      0x7a8 C:/Users/smail/Desktop/College/MA2/Real_Time_Embedded_Systems/final_projectCCC/sw/nios/project_bsp/\libhal_bsp.a(altera_up_avalon_audio.o)
                0x0000000008042af8                alt_up_audio_open_dev
                0x0000000008042b34                alt_up_audio_enable_read_interrupt
                0x0000000008042b88                alt_up_audio_disable_read_interrupt
                0x0000000008042be0                alt_up_audio_enable_write_interrupt
                0x0000000008042c34                alt_up_audio_disable_write_interrupt
                0x0000000008042c8c                alt_up_audio_read_interrupt_pending
                0x0000000008042ccc                alt_up_audio_write_interrupt_pending
                0x0000000008042d0c                alt_up_audio_reset_audio_core
                0x0000000008042da0                alt_up_audio_read_fifo_avail
                0x0000000008042e00                alt_up_audio_record_r
                0x0000000008042e68                alt_up_audio_record_l
                0x0000000008042ed0                alt_up_audio_write_fifo_space
                0x0000000008042f30                alt_up_audio_play_r
                0x0000000008042f98                alt_up_audio_play_l
                0x0000000008043000                alt_up_audio_read_fifo
                0x00000000080430e0                alt_up_audio_write_fifo
                0x00000000080431e8                alt_up_audio_read_fifo_head
                0x0000000008043238                alt_up_audio_write_fifo_head
 .text          0x00000000080432a0      0x6fc C:/Users/smail/Desktop/College/MA2/Real_Time_Embedded_Systems/final_projectCCC/sw/nios/project_bsp/\libhal_bsp.a(altera_up_avalon_audio_and_video_config.o)
                0x00000000080432a0                alt_up_av_config_open_dev
                0x0000000008043300                alt_up_av_config_write_data
                0x0000000008043364                alt_up_av_config_read_data
                0x00000000080433e4                alt_up_av_config_reset
                0x000000000804341c                alt_up_av_config_enable_interrupt
                0x0000000008043454                alt_up_av_config_disable_interrupt
                0x0000000008043488                alt_up_av_config_read_acknowledge
                0x00000000080434e0                alt_up_av_config_read_ready
                0x0000000008043518                alt_up_av_config_write_audio_cfg_register
                0x00000000080435bc                alt_up_av_config_read_video_cfg_register
                0x00000000080436a4                alt_up_av_config_write_video_cfg_register
                0x000000000804378c                alt_up_av_config_read_DC2_cfg_register
                0x00000000080437e4                alt_up_av_config_write_DC2_cfg_register
                0x000000000804383c                alt_up_av_config_read_D5M_cfg_register
                0x0000000008043894                alt_up_av_config_write_D5M_cfg_register
                0x00000000080438ec                alt_up_av_config_read_LTM_cfg_register
                0x0000000008043944                alt_up_av_config_write_LTM_cfg_register
 .text          0x000000000804399c      0x12c C:/Users/smail/Desktop/College/MA2/Real_Time_Embedded_Systems/final_projectCCC/sw/nios/project_bsp/\libhal_bsp.a(alt_alarm_start.o)
                0x000000000804399c                alt_alarm_start
 .text          0x0000000008043ac8      0x10c C:/Users/smail/Desktop/College/MA2/Real_Time_Embedded_Systems/final_projectCCC/sw/nios/project_bsp/\libhal_bsp.a(alt_close.o)
                0x0000000008043b04                close
 .text          0x0000000008043bd4       0x48 C:/Users/smail/Desktop/College/MA2/Real_Time_Embedded_Systems/final_projectCCC/sw/nios/project_bsp/\libhal_bsp.a(alt_dcache_flush_all.o)
                0x0000000008043bd4                alt_dcache_flush_all
 .text          0x0000000008043c1c       0x2c C:/Users/smail/Desktop/College/MA2/Real_Time_Embedded_Systems/final_projectCCC/sw/nios/project_bsp/\libhal_bsp.a(alt_dev.o)
 .text          0x0000000008043c48       0xe0 C:/Users/smail/Desktop/College/MA2/Real_Time_Embedded_Systems/final_projectCCC/sw/nios/project_bsp/\libhal_bsp.a(alt_dev_llist_insert.o)
                0x0000000008043c84                alt_dev_llist_insert
 .text          0x0000000008043d28       0x60 C:/Users/smail/Desktop/College/MA2/Real_Time_Embedded_Systems/final_projectCCC/sw/nios/project_bsp/\libhal_bsp.a(alt_do_ctors.o)
                0x0000000008043d28                _do_ctors
 .text          0x0000000008043d88       0x60 C:/Users/smail/Desktop/College/MA2/Real_Time_Embedded_Systems/final_projectCCC/sw/nios/project_bsp/\libhal_bsp.a(alt_do_dtors.o)
                0x0000000008043d88                _do_dtors
 .text          0x0000000008043de8        0x0 C:/Users/smail/Desktop/College/MA2/Real_Time_Embedded_Systems/final_projectCCC/sw/nios/project_bsp/\libhal_bsp.a(alt_errno.o)
 .text          0x0000000008043de8        0x0 C:/Users/smail/Desktop/College/MA2/Real_Time_Embedded_Systems/final_projectCCC/sw/nios/project_bsp/\libhal_bsp.a(alt_exception_entry.o)
 .text          0x0000000008043de8       0x90 C:/Users/smail/Desktop/College/MA2/Real_Time_Embedded_Systems/final_projectCCC/sw/nios/project_bsp/\libhal_bsp.a(alt_find_dev.o)
                0x0000000008043de8                alt_find_dev
 .text          0x0000000008043e78       0x34 C:/Users/smail/Desktop/College/MA2/Real_Time_Embedded_Systems/final_projectCCC/sw/nios/project_bsp/\libhal_bsp.a(alt_icache_flush_all.o)
                0x0000000008043e78                alt_icache_flush_all
 .text          0x0000000008043eac       0x9c C:/Users/smail/Desktop/College/MA2/Real_Time_Embedded_Systems/final_projectCCC/sw/nios/project_bsp/\libhal_bsp.a(alt_instruction_exception_entry.o)
                0x0000000008043eac                alt_exception_cause_generated_bad_addr
 .text          0x0000000008043f48      0x140 C:/Users/smail/Desktop/College/MA2/Real_Time_Embedded_Systems/final_projectCCC/sw/nios/project_bsp/\libhal_bsp.a(alt_io_redirect.o)
                0x000000000804400c                alt_io_redirect
 .text          0x0000000008044088      0x254 C:/Users/smail/Desktop/College/MA2/Real_Time_Embedded_Systems/final_projectCCC/sw/nios/project_bsp/\libhal_bsp.a(alt_open.o)
                0x0000000008044188                open
 .text          0x00000000080442dc       0x64 C:/Users/smail/Desktop/College/MA2/Real_Time_Embedded_Systems/final_projectCCC/sw/nios/project_bsp/\libhal_bsp.a(alt_release_fd.o)
                0x00000000080442dc                alt_release_fd
 .text          0x0000000008044340      0x1a4 C:/Users/smail/Desktop/College/MA2/Real_Time_Embedded_Systems/final_projectCCC/sw/nios/project_bsp/\libhal_bsp.a(alt_tick.o)
                0x0000000008044340                alt_alarm_stop
                0x00000000080443dc                alt_tick
 .text          0x00000000080444e4       0x24 C:/Users/smail/Desktop/College/MA2/Real_Time_Embedded_Systems/final_projectCCC/sw/nios/project_bsp/\libhal_bsp.a(altera_nios2_gen2_irq.o)
                0x00000000080444e4                altera_nios2_gen2_irq_init
 .text          0x0000000008044508      0x108 C:/Users/smail/Desktop/College/MA2/Real_Time_Embedded_Systems/final_projectCCC/sw/nios/project_bsp/\libhal_bsp.a(alt_find_file.o)
                0x0000000008044508                alt_find_file
 .text          0x0000000008044610       0xa4 C:/Users/smail/Desktop/College/MA2/Real_Time_Embedded_Systems/final_projectCCC/sw/nios/project_bsp/\libhal_bsp.a(alt_get_fd.o)
                0x0000000008044610                alt_get_fd
 .text          0x00000000080446b4       0x90 C:/Users/smail/Desktop/College/MA2/Real_Time_Embedded_Systems/final_projectCCC/sw/nios/project_bsp/\libhal_bsp.a(alt_icache_flush.o)
                0x00000000080446b4                alt_icache_flush
 .text          0x0000000008044744        0x0 c:/programmes/fpga/nios2eds/bin/gnu/h-x86_64-mingw32/bin/../lib/gcc/nios2-elf/5.3.0/../../../../../H-x86_64-mingw32/nios2-elf/lib\libc.a(lib_a-atexit.o)
 .text.atexit   0x0000000008044744       0x14 c:/programmes/fpga/nios2eds/bin/gnu/h-x86_64-mingw32/bin/../lib/gcc/nios2-elf/5.3.0/../../../../../H-x86_64-mingw32/nios2-elf/lib\libc.a(lib_a-atexit.o)
                0x0000000008044744                atexit
 .text          0x0000000008044758        0x0 c:/programmes/fpga/nios2eds/bin/gnu/h-x86_64-mingw32/bin/../lib/gcc/nios2-elf/5.3.0/../../../../../H-x86_64-mingw32/nios2-elf/lib\libc.a(lib_a-exit.o)
 .text.exit     0x0000000008044758       0x38 c:/programmes/fpga/nios2eds/bin/gnu/h-x86_64-mingw32/bin/../lib/gcc/nios2-elf/5.3.0/../../../../../H-x86_64-mingw32/nios2-elf/lib\libc.a(lib_a-exit.o)
                0x0000000008044758                exit
 .text          0x0000000008044790        0x0 c:/programmes/fpga/nios2eds/bin/gnu/h-x86_64-mingw32/bin/../lib/gcc/nios2-elf/5.3.0/../../../../../H-x86_64-mingw32/nios2-elf/lib\libc.a(lib_a-int_errno.o)
 .text          0x0000000008044790        0x0 c:/programmes/fpga/nios2eds/bin/gnu/h-x86_64-mingw32/bin/../lib/gcc/nios2-elf/5.3.0/../../../../../H-x86_64-mingw32/nios2-elf/lib\libc.a(lib_a-memcmp.o)
 .text.memcmp   0x0000000008044790       0x7c c:/programmes/fpga/nios2eds/bin/gnu/h-x86_64-mingw32/bin/../lib/gcc/nios2-elf/5.3.0/../../../../../H-x86_64-mingw32/nios2-elf/lib\libc.a(lib_a-memcmp.o)
                0x0000000008044790                memcmp
 .text          0x000000000804480c        0x0 c:/programmes/fpga/nios2eds/bin/gnu/h-x86_64-mingw32/bin/../lib/gcc/nios2-elf/5.3.0/../../../../../H-x86_64-mingw32/nios2-elf/lib\libc.a(lib_a-memcpy.o)
 .text.memcpy   0x000000000804480c      0x148 c:/programmes/fpga/nios2eds/bin/gnu/h-x86_64-mingw32/bin/../lib/gcc/nios2-elf/5.3.0/../../../../../H-x86_64-mingw32/nios2-elf/lib\libc.a(lib_a-memcpy.o)
                0x000000000804480c                memcpy
 .text          0x0000000008044954        0x0 c:/programmes/fpga/nios2eds/bin/gnu/h-x86_64-mingw32/bin/../lib/gcc/nios2-elf/5.3.0/../../../../../H-x86_64-mingw32/nios2-elf/lib\libc.a(lib_a-putc.o)
 .text._putc_r  0x0000000008044954       0xa0 c:/programmes/fpga/nios2eds/bin/gnu/h-x86_64-mingw32/bin/../lib/gcc/nios2-elf/5.3.0/../../../../../H-x86_64-mingw32/nios2-elf/lib\libc.a(lib_a-putc.o)
                0x0000000008044954                _putc_r
 .text.putc     0x00000000080449f4       0xc8 c:/programmes/fpga/nios2eds/bin/gnu/h-x86_64-mingw32/bin/../lib/gcc/nios2-elf/5.3.0/../../../../../H-x86_64-mingw32/nios2-elf/lib\libc.a(lib_a-putc.o)
                0x00000000080449f4                putc
 .text          0x0000000008044abc        0x0 c:/programmes/fpga/nios2eds/bin/gnu/h-x86_64-mingw32/bin/../lib/gcc/nios2-elf/5.3.0/../../../../../H-x86_64-mingw32/nios2-elf/lib\libc.a(lib_a-strlen.o)
 .text.strlen   0x0000000008044abc       0x98 c:/programmes/fpga/nios2eds/bin/gnu/h-x86_64-mingw32/bin/../lib/gcc/nios2-elf/5.3.0/../../../../../H-x86_64-mingw32/nios2-elf/lib\libc.a(lib_a-strlen.o)
                0x0000000008044abc                strlen
 .text          0x0000000008044b54        0x0 c:/programmes/fpga/nios2eds/bin/gnu/h-x86_64-mingw32/bin/../lib/gcc/nios2-elf/5.3.0/../../../../../H-x86_64-mingw32/nios2-elf/lib\libc.a(lib_a-wbuf.o)
 .text.__swbuf_r
                0x0000000008044b54      0x140 c:/programmes/fpga/nios2eds/bin/gnu/h-x86_64-mingw32/bin/../lib/gcc/nios2-elf/5.3.0/../../../../../H-x86_64-mingw32/nios2-elf/lib\libc.a(lib_a-wbuf.o)
                0x0000000008044b54                __swbuf_r
 .text.__swbuf  0x0000000008044c94       0x18 c:/programmes/fpga/nios2eds/bin/gnu/h-x86_64-mingw32/bin/../lib/gcc/nios2-elf/5.3.0/../../../../../H-x86_64-mingw32/nios2-elf/lib\libc.a(lib_a-wbuf.o)
                0x0000000008044c94                __swbuf
 .text          0x0000000008044cac        0x0 c:/programmes/fpga/nios2eds/bin/gnu/h-x86_64-mingw32/bin/../lib/gcc/nios2-elf/5.3.0/../../../../../H-x86_64-mingw32/nios2-elf/lib\libc.a(lib_a-wsetup.o)
 .text.__swsetup_r
                0x0000000008044cac      0x154 c:/programmes/fpga/nios2eds/bin/gnu/h-x86_64-mingw32/bin/../lib/gcc/nios2-elf/5.3.0/../../../../../H-x86_64-mingw32/nios2-elf/lib\libc.a(lib_a-wsetup.o)
                0x0000000008044cac                __swsetup_r
 .text          0x0000000008044e00        0x0 c:/programmes/fpga/nios2eds/bin/gnu/h-x86_64-mingw32/bin/../lib/gcc/nios2-elf/5.3.0/../../../../../H-x86_64-mingw32/nios2-elf/lib\libc.a(lib_a-__atexit.o)
 .text.__register_exitproc
                0x0000000008044e00      0x118 c:/programmes/fpga/nios2eds/bin/gnu/h-x86_64-mingw32/bin/../lib/gcc/nios2-elf/5.3.0/../../../../../H-x86_64-mingw32/nios2-elf/lib\libc.a(lib_a-__atexit.o)
                0x0000000008044e00                __register_exitproc
 .text          0x0000000008044f18        0x0 c:/programmes/fpga/nios2eds/bin/gnu/h-x86_64-mingw32/bin/../lib/gcc/nios2-elf/5.3.0/../../../../../H-x86_64-mingw32/nios2-elf/lib\libc.a(lib_a-__call_atexit.o)
 .text.__call_exitprocs
                0x0000000008044f18      0x180 c:/programmes/fpga/nios2eds/bin/gnu/h-x86_64-mingw32/bin/../lib/gcc/nios2-elf/5.3.0/../../../../../H-x86_64-mingw32/nios2-elf/lib\libc.a(lib_a-__call_atexit.o)
                0x0000000008044f18                __call_exitprocs
 .text          0x0000000008045098        0x0 c:/programmes/fpga/nios2eds/bin/gnu/h-x86_64-mingw32/bin/../lib/gcc/nios2-elf/5.3.0/../../../../../H-x86_64-mingw32/nios2-elf/lib\libc.a(lib_a-fflush.o)
 .text.__sflush_r
                0x0000000008045098      0x21c c:/programmes/fpga/nios2eds/bin/gnu/h-x86_64-mingw32/bin/../lib/gcc/nios2-elf/5.3.0/../../../../../H-x86_64-mingw32/nios2-elf/lib\libc.a(lib_a-fflush.o)
                0x0000000008045098                __sflush_r
 .text._fflush_r
                0x00000000080452b4       0x5c c:/programmes/fpga/nios2eds/bin/gnu/h-x86_64-mingw32/bin/../lib/gcc/nios2-elf/5.3.0/../../../../../H-x86_64-mingw32/nios2-elf/lib\libc.a(lib_a-fflush.o)
                0x00000000080452b4                _fflush_r
 .text.fflush   0x0000000008045310       0x30 c:/programmes/fpga/nios2eds/bin/gnu/h-x86_64-mingw32/bin/../lib/gcc/nios2-elf/5.3.0/../../../../../H-x86_64-mingw32/nios2-elf/lib\libc.a(lib_a-fflush.o)
                0x0000000008045310                fflush
 .text          0x0000000008045340        0x0 c:/programmes/fpga/nios2eds/bin/gnu/h-x86_64-mingw32/bin/../lib/gcc/nios2-elf/5.3.0/../../../../../H-x86_64-mingw32/nios2-elf/lib\libc.a(lib_a-findfp.o)
 .text.__fp_unlock
                0x0000000008045340        0x8 c:/programmes/fpga/nios2eds/bin/gnu/h-x86_64-mingw32/bin/../lib/gcc/nios2-elf/5.3.0/../../../../../H-x86_64-mingw32/nios2-elf/lib\libc.a(lib_a-findfp.o)
 .text._cleanup_r
                0x0000000008045348        0xc c:/programmes/fpga/nios2eds/bin/gnu/h-x86_64-mingw32/bin/../lib/gcc/nios2-elf/5.3.0/../../../../../H-x86_64-mingw32/nios2-elf/lib\libc.a(lib_a-findfp.o)
                0x0000000008045348                _cleanup_r
 .text.__sinit.part.1
                0x0000000008045354      0x19c c:/programmes/fpga/nios2eds/bin/gnu/h-x86_64-mingw32/bin/../lib/gcc/nios2-elf/5.3.0/../../../../../H-x86_64-mingw32/nios2-elf/lib\libc.a(lib_a-findfp.o)
 .text.__fp_lock
                0x00000000080454f0        0x8 c:/programmes/fpga/nios2eds/bin/gnu/h-x86_64-mingw32/bin/../lib/gcc/nios2-elf/5.3.0/../../../../../H-x86_64-mingw32/nios2-elf/lib\libc.a(lib_a-findfp.o)
 .text.__sfmoreglue
                0x00000000080454f8       0x68 c:/programmes/fpga/nios2eds/bin/gnu/h-x86_64-mingw32/bin/../lib/gcc/nios2-elf/5.3.0/../../../../../H-x86_64-mingw32/nios2-elf/lib\libc.a(lib_a-findfp.o)
                0x00000000080454f8                __sfmoreglue
 .text.__sfp    0x0000000008045560      0x118 c:/programmes/fpga/nios2eds/bin/gnu/h-x86_64-mingw32/bin/../lib/gcc/nios2-elf/5.3.0/../../../../../H-x86_64-mingw32/nios2-elf/lib\libc.a(lib_a-findfp.o)
                0x0000000008045560                __sfp
 .text._cleanup
                0x0000000008045678       0x18 c:/programmes/fpga/nios2eds/bin/gnu/h-x86_64-mingw32/bin/../lib/gcc/nios2-elf/5.3.0/../../../../../H-x86_64-mingw32/nios2-elf/lib\libc.a(lib_a-findfp.o)
                0x0000000008045678                _cleanup
 .text.__sinit  0x0000000008045690       0x10 c:/programmes/fpga/nios2eds/bin/gnu/h-x86_64-mingw32/bin/../lib/gcc/nios2-elf/5.3.0/../../../../../H-x86_64-mingw32/nios2-elf/lib\libc.a(lib_a-findfp.o)
                0x0000000008045690                __sinit
 .text.__sfp_lock_acquire
                0x00000000080456a0        0x4 c:/programmes/fpga/nios2eds/bin/gnu/h-x86_64-mingw32/bin/../lib/gcc/nios2-elf/5.3.0/../../../../../H-x86_64-mingw32/nios2-elf/lib\libc.a(lib_a-findfp.o)
                0x00000000080456a0                __sfp_lock_acquire
 .text.__sfp_lock_release
                0x00000000080456a4        0x4 c:/programmes/fpga/nios2eds/bin/gnu/h-x86_64-mingw32/bin/../lib/gcc/nios2-elf/5.3.0/../../../../../H-x86_64-mingw32/nios2-elf/lib\libc.a(lib_a-findfp.o)
                0x00000000080456a4                __sfp_lock_release
 .text.__sinit_lock_acquire
                0x00000000080456a8        0x4 c:/programmes/fpga/nios2eds/bin/gnu/h-x86_64-mingw32/bin/../lib/gcc/nios2-elf/5.3.0/../../../../../H-x86_64-mingw32/nios2-elf/lib\libc.a(lib_a-findfp.o)
                0x00000000080456a8                __sinit_lock_acquire
 .text.__sinit_lock_release
                0x00000000080456ac        0x4 c:/programmes/fpga/nios2eds/bin/gnu/h-x86_64-mingw32/bin/../lib/gcc/nios2-elf/5.3.0/../../../../../H-x86_64-mingw32/nios2-elf/lib\libc.a(lib_a-findfp.o)
                0x00000000080456ac                __sinit_lock_release
 .text.__fp_lock_all
                0x00000000080456b0       0x18 c:/programmes/fpga/nios2eds/bin/gnu/h-x86_64-mingw32/bin/../lib/gcc/nios2-elf/5.3.0/../../../../../H-x86_64-mingw32/nios2-elf/lib\libc.a(lib_a-findfp.o)
                0x00000000080456b0                __fp_lock_all
 .text.__fp_unlock_all
                0x00000000080456c8       0x18 c:/programmes/fpga/nios2eds/bin/gnu/h-x86_64-mingw32/bin/../lib/gcc/nios2-elf/5.3.0/../../../../../H-x86_64-mingw32/nios2-elf/lib\libc.a(lib_a-findfp.o)
                0x00000000080456c8                __fp_unlock_all
 .text          0x00000000080456e0        0x0 c:/programmes/fpga/nios2eds/bin/gnu/h-x86_64-mingw32/bin/../lib/gcc/nios2-elf/5.3.0/../../../../../H-x86_64-mingw32/nios2-elf/lib\libc.a(lib_a-freer.o)
 .text._malloc_trim_r
                0x00000000080456e0      0x124 c:/programmes/fpga/nios2eds/bin/gnu/h-x86_64-mingw32/bin/../lib/gcc/nios2-elf/5.3.0/../../../../../H-x86_64-mingw32/nios2-elf/lib\libc.a(lib_a-freer.o)
                0x00000000080456e0                _malloc_trim_r
 .text._free_r  0x0000000008045804      0x310 c:/programmes/fpga/nios2eds/bin/gnu/h-x86_64-mingw32/bin/../lib/gcc/nios2-elf/5.3.0/../../../../../H-x86_64-mingw32/nios2-elf/lib\libc.a(lib_a-freer.o)
                0x0000000008045804                _free_r
 .text          0x0000000008045b14        0x0 c:/programmes/fpga/nios2eds/bin/gnu/h-x86_64-mingw32/bin/../lib/gcc/nios2-elf/5.3.0/../../../../../H-x86_64-mingw32/nios2-elf/lib\libc.a(lib_a-fwalk.o)
 .text._fwalk   0x0000000008045b14       0xc4 c:/programmes/fpga/nios2eds/bin/gnu/h-x86_64-mingw32/bin/../lib/gcc/nios2-elf/5.3.0/../../../../../H-x86_64-mingw32/nios2-elf/lib\libc.a(lib_a-fwalk.o)
                0x0000000008045b14                _fwalk
 .text._fwalk_reent
                0x0000000008045bd8       0xc4 c:/programmes/fpga/nios2eds/bin/gnu/h-x86_64-mingw32/bin/../lib/gcc/nios2-elf/5.3.0/../../../../../H-x86_64-mingw32/nios2-elf/lib\libc.a(lib_a-fwalk.o)
                0x0000000008045bd8                _fwalk_reent
 .text          0x0000000008045c9c        0x0 c:/programmes/fpga/nios2eds/bin/gnu/h-x86_64-mingw32/bin/../lib/gcc/nios2-elf/5.3.0/../../../../../H-x86_64-mingw32/nios2-elf/lib\libc.a(lib_a-makebuf.o)
 .text.__smakebuf_r
                0x0000000008045c9c      0x1bc c:/programmes/fpga/nios2eds/bin/gnu/h-x86_64-mingw32/bin/../lib/gcc/nios2-elf/5.3.0/../../../../../H-x86_64-mingw32/nios2-elf/lib\libc.a(lib_a-makebuf.o)
                0x0000000008045c9c                __smakebuf_r
 .text          0x0000000008045e58        0x0 c:/programmes/fpga/nios2eds/bin/gnu/h-x86_64-mingw32/bin/../lib/gcc/nios2-elf/5.3.0/../../../../../H-x86_64-mingw32/nios2-elf/lib\libc.a(lib_a-mallocr.o)
 .text._malloc_r
                0x0000000008045e58      0x80c c:/programmes/fpga/nios2eds/bin/gnu/h-x86_64-mingw32/bin/../lib/gcc/nios2-elf/5.3.0/../../../../../H-x86_64-mingw32/nios2-elf/lib\libc.a(lib_a-mallocr.o)
                0x0000000008045e58                _malloc_r
 .text          0x0000000008046664        0x0 c:/programmes/fpga/nios2eds/bin/gnu/h-x86_64-mingw32/bin/../lib/gcc/nios2-elf/5.3.0/../../../../../H-x86_64-mingw32/nios2-elf/lib\libc.a(lib_a-memset.o)
 .text.memset   0x0000000008046664      0x128 c:/programmes/fpga/nios2eds/bin/gnu/h-x86_64-mingw32/bin/../lib/gcc/nios2-elf/5.3.0/../../../../../H-x86_64-mingw32/nios2-elf/lib\libc.a(lib_a-memset.o)
                0x0000000008046664                memset
 .text          0x000000000804678c        0x0 c:/programmes/fpga/nios2eds/bin/gnu/h-x86_64-mingw32/bin/../lib/gcc/nios2-elf/5.3.0/../../../../../H-x86_64-mingw32/nios2-elf/lib\libc.a(lib_a-sbrkr.o)
 .text._sbrk_r  0x000000000804678c       0x54 c:/programmes/fpga/nios2eds/bin/gnu/h-x86_64-mingw32/bin/../lib/gcc/nios2-elf/5.3.0/../../../../../H-x86_64-mingw32/nios2-elf/lib\libc.a(lib_a-sbrkr.o)
                0x000000000804678c                _sbrk_r
 .text          0x00000000080467e0        0x0 c:/programmes/fpga/nios2eds/bin/gnu/h-x86_64-mingw32/bin/../lib/gcc/nios2-elf/5.3.0/../../../../../H-x86_64-mingw32/nios2-elf/lib\libc.a(lib_a-stdio.o)
 .text.__sread  0x00000000080467e0       0x54 c:/programmes/fpga/nios2eds/bin/gnu/h-x86_64-mingw32/bin/../lib/gcc/nios2-elf/5.3.0/../../../../../H-x86_64-mingw32/nios2-elf/lib\libc.a(lib_a-stdio.o)
                0x00000000080467e0                __sread
 .text.__seofread
                0x0000000008046834        0x8 c:/programmes/fpga/nios2eds/bin/gnu/h-x86_64-mingw32/bin/../lib/gcc/nios2-elf/5.3.0/../../../../../H-x86_64-mingw32/nios2-elf/lib\libc.a(lib_a-stdio.o)
                0x0000000008046834                __seofread
 .text.__swrite
                0x000000000804683c       0x7c c:/programmes/fpga/nios2eds/bin/gnu/h-x86_64-mingw32/bin/../lib/gcc/nios2-elf/5.3.0/../../../../../H-x86_64-mingw32/nios2-elf/lib\libc.a(lib_a-stdio.o)
                0x000000000804683c                __swrite
 .text.__sseek  0x00000000080468b8       0x5c c:/programmes/fpga/nios2eds/bin/gnu/h-x86_64-mingw32/bin/../lib/gcc/nios2-elf/5.3.0/../../../../../H-x86_64-mingw32/nios2-elf/lib\libc.a(lib_a-stdio.o)
                0x00000000080468b8                __sseek
 .text.__sclose
                0x0000000008046914        0x8 c:/programmes/fpga/nios2eds/bin/gnu/h-x86_64-mingw32/bin/../lib/gcc/nios2-elf/5.3.0/../../../../../H-x86_64-mingw32/nios2-elf/lib\libc.a(lib_a-stdio.o)
                0x0000000008046914                __sclose
 .text          0x000000000804691c        0x0 c:/programmes/fpga/nios2eds/bin/gnu/h-x86_64-mingw32/bin/../lib/gcc/nios2-elf/5.3.0/../../../../../H-x86_64-mingw32/nios2-elf/lib\libc.a(lib_a-writer.o)
 .text._write_r
                0x000000000804691c       0x60 c:/programmes/fpga/nios2eds/bin/gnu/h-x86_64-mingw32/bin/../lib/gcc/nios2-elf/5.3.0/../../../../../H-x86_64-mingw32/nios2-elf/lib\libc.a(lib_a-writer.o)
                0x000000000804691c                _write_r
 .text          0x000000000804697c        0x0 c:/programmes/fpga/nios2eds/bin/gnu/h-x86_64-mingw32/bin/../lib/gcc/nios2-elf/5.3.0/../../../../../H-x86_64-mingw32/nios2-elf/lib\libc.a(closer.o)
 .text._close_r
                0x000000000804697c       0x54 c:/programmes/fpga/nios2eds/bin/gnu/h-x86_64-mingw32/bin/../lib/gcc/nios2-elf/5.3.0/../../../../../H-x86_64-mingw32/nios2-elf/lib\libc.a(closer.o)
                0x000000000804697c                _close_r
 .text          0x00000000080469d0        0x0 c:/programmes/fpga/nios2eds/bin/gnu/h-x86_64-mingw32/bin/../lib/gcc/nios2-elf/5.3.0/../../../../../H-x86_64-mingw32/nios2-elf/lib\libc.a(lib_a-fclose.o)
 .text._fclose_r
                0x00000000080469d0       0xf0 c:/programmes/fpga/nios2eds/bin/gnu/h-x86_64-mingw32/bin/../lib/gcc/nios2-elf/5.3.0/../../../../../H-x86_64-mingw32/nios2-elf/lib\libc.a(lib_a-fclose.o)
                0x00000000080469d0                _fclose_r
 .text.fclose   0x0000000008046ac0       0x14 c:/programmes/fpga/nios2eds/bin/gnu/h-x86_64-mingw32/bin/../lib/gcc/nios2-elf/5.3.0/../../../../../H-x86_64-mingw32/nios2-elf/lib\libc.a(lib_a-fclose.o)
                0x0000000008046ac0                fclose
 .text          0x0000000008046ad4        0x0 c:/programmes/fpga/nios2eds/bin/gnu/h-x86_64-mingw32/bin/../lib/gcc/nios2-elf/5.3.0/../../../../../H-x86_64-mingw32/nios2-elf/lib\libc.a(lib_a-fstatr.o)
 .text._fstat_r
                0x0000000008046ad4       0x5c c:/programmes/fpga/nios2eds/bin/gnu/h-x86_64-mingw32/bin/../lib/gcc/nios2-elf/5.3.0/../../../../../H-x86_64-mingw32/nios2-elf/lib\libc.a(lib_a-fstatr.o)
                0x0000000008046ad4                _fstat_r
 .text          0x0000000008046b30        0x0 c:/programmes/fpga/nios2eds/bin/gnu/h-x86_64-mingw32/bin/../lib/gcc/nios2-elf/5.3.0/../../../../../H-x86_64-mingw32/nios2-elf/lib\libc.a(lib_a-isattyr.o)
 .text._isatty_r
                0x0000000008046b30       0x54 c:/programmes/fpga/nios2eds/bin/gnu/h-x86_64-mingw32/bin/../lib/gcc/nios2-elf/5.3.0/../../../../../H-x86_64-mingw32/nios2-elf/lib\libc.a(lib_a-isattyr.o)
                0x0000000008046b30                _isatty_r
 .text          0x0000000008046b84        0x0 c:/programmes/fpga/nios2eds/bin/gnu/h-x86_64-mingw32/bin/../lib/gcc/nios2-elf/5.3.0/../../../../../H-x86_64-mingw32/nios2-elf/lib\libc.a(lib_a-lseekr.o)
 .text._lseek_r
                0x0000000008046b84       0x60 c:/programmes/fpga/nios2eds/bin/gnu/h-x86_64-mingw32/bin/../lib/gcc/nios2-elf/5.3.0/../../../../../H-x86_64-mingw32/nios2-elf/lib\libc.a(lib_a-lseekr.o)
                0x0000000008046b84                _lseek_r
 .text          0x0000000008046be4        0x0 c:/programmes/fpga/nios2eds/bin/gnu/h-x86_64-mingw32/bin/../lib/gcc/nios2-elf/5.3.0/../../../../../H-x86_64-mingw32/nios2-elf/lib\libc.a(lib_a-readr.o)
 .text._read_r  0x0000000008046be4       0x60 c:/programmes/fpga/nios2eds/bin/gnu/h-x86_64-mingw32/bin/../lib/gcc/nios2-elf/5.3.0/../../../../../H-x86_64-mingw32/nios2-elf/lib\libc.a(lib_a-readr.o)
                0x0000000008046be4                _read_r
 .text          0x0000000008046c44       0x34 C:/Users/smail/Desktop/College/MA2/Real_Time_Embedded_Systems/final_projectCCC/sw/nios/project_bsp/\libhal_bsp.a(alt_exit.o)
                0x0000000008046c44                _exit
 .text          0x0000000008046c78       0xec C:/Users/smail/Desktop/College/MA2/Real_Time_Embedded_Systems/final_projectCCC/sw/nios/project_bsp/\libhal_bsp.a(alt_fstat.o)
                0x0000000008046cb4                fstat
 .text          0x0000000008046d64       0xe0 C:/Users/smail/Desktop/College/MA2/Real_Time_Embedded_Systems/final_projectCCC/sw/nios/project_bsp/\libhal_bsp.a(alt_isatty.o)
                0x0000000008046da0                isatty
 .text          0x0000000008046e44      0x110 C:/Users/smail/Desktop/College/MA2/Real_Time_Embedded_Systems/final_projectCCC/sw/nios/project_bsp/\libhal_bsp.a(alt_lseek.o)
                0x0000000008046e80                lseek
 .text          0x0000000008046f54       0x48 C:/Users/smail/Desktop/College/MA2/Real_Time_Embedded_Systems/final_projectCCC/sw/nios/project_bsp/\libhal_bsp.a(alt_malloc_lock.o)
                0x0000000008046f54                __malloc_lock
                0x0000000008046f78                __malloc_unlock
 .text          0x0000000008046f9c      0x138 C:/Users/smail/Desktop/College/MA2/Real_Time_Embedded_Systems/final_projectCCC/sw/nios/project_bsp/\libhal_bsp.a(alt_read.o)
                0x0000000008046fd8                read
 .text          0x00000000080470d4       0xb0 C:/Users/smail/Desktop/College/MA2/Real_Time_Embedded_Systems/final_projectCCC/sw/nios/project_bsp/\libhal_bsp.a(alt_sbrk.o)
                0x00000000080470d4                sbrk
 .text          0x0000000008047184      0x134 C:/Users/smail/Desktop/College/MA2/Real_Time_Embedded_Systems/final_projectCCC/sw/nios/project_bsp/\libhal_bsp.a(alt_write.o)
                0x00000000080471c0                write
 *(.gnu.warning.*)
 *(.fini)
                [!provide]                        PROVIDE (__etext, ABSOLUTE (.))
                [!provide]                        PROVIDE (_etext, ABSOLUTE (.))
                [!provide]                        PROVIDE (etext, ABSOLUTE (.))
 *(.eh_frame_hdr)
                0x00000000080472b8                . = ALIGN (0x4)
                [!provide]                        PROVIDE (__preinit_array_start, ABSOLUTE (.))
 *(.preinit_array)
                [!provide]                        PROVIDE (__preinit_array_end, ABSOLUTE (.))
                [!provide]                        PROVIDE (__init_array_start, ABSOLUTE (.))
 *(.init_array)
                [!provide]                        PROVIDE (__init_array_end, ABSOLUTE (.))
                [!provide]                        PROVIDE (__fini_array_start, ABSOLUTE (.))
 *(.fini_array)
                [!provide]                        PROVIDE (__fini_array_end, ABSOLUTE (.))
 *(.eh_frame)
 *(.gcc_except_table .gcc_except_table.*)
 *(.dynamic)
                0x00000000080472b8                PROVIDE (__CTOR_LIST__, ABSOLUTE (.))
 *(.ctors)
 *(SORT(.ctors.*))
                0x00000000080472b8                PROVIDE (__CTOR_END__, ABSOLUTE (.))
                0x00000000080472b8                PROVIDE (__DTOR_LIST__, ABSOLUTE (.))
 *(.dtors)
 *(SORT(.dtors.*))
                0x00000000080472b8                PROVIDE (__DTOR_END__, ABSOLUTE (.))
 *(.jcr)
                0x00000000080472b8                . = ALIGN (0x4)

.rodata         0x00000000080472b8      0x20c
                0x00000000080472b8                PROVIDE (__ram_rodata_start, ABSOLUTE (.))
                0x00000000080472b8                . = ALIGN (0x4)
 *(.rodata .rodata.* .gnu.linkonce.r.*)
 .rodata        0x00000000080472b8       0x97 obj/default/hello_world.o
 .rodata        0x000000000804734f      0x100 c:/programmes/fpga/nios2eds/bin/gnu/h-x86_64-mingw32/bin/../lib/gcc/nios2-elf/5.3.0\libgcc.a(_clz.o)
                0x000000000804734f                __clz_tab
 *fill*         0x000000000804744f        0x1 
 .rodata.str1.4
                0x0000000008047450        0x4 c:/programmes/fpga/nios2eds/bin/gnu/h-x86_64-mingw32/bin/../lib/gcc/nios2-elf/5.3.0/../../../../../H-x86_64-mingw32/nios2-elf/lib\libc.a(lib_a-impure.o)
                                          0x2 (size before relaxing)
 .rodata        0x0000000008047454       0x11 C:/Users/smail/Desktop/College/MA2/Real_Time_Embedded_Systems/final_projectCCC/sw/nios/project_bsp/\libhal_bsp.a(alt_main.o)
 *fill*         0x0000000008047465        0x3 
 .rodata        0x0000000008047468       0x4d C:/Users/smail/Desktop/College/MA2/Real_Time_Embedded_Systems/final_projectCCC/sw/nios/project_bsp/\libhal_bsp.a(alt_sys_init.o)
 *fill*         0x00000000080474b5        0x3 
 .rodata        0x00000000080474b8        0xa C:/Users/smail/Desktop/College/MA2/Real_Time_Embedded_Systems/final_projectCCC/sw/nios/project_bsp/\libhal_bsp.a(alt_dev.o)
 *(.rodata1)
                0x00000000080474c4                . = ALIGN (0x4)
 *fill*         0x00000000080474c2        0x2 
                0x00000000080474c4                PROVIDE (__ram_rodata_end, ABSOLUTE (.))
                0x00000000080472b8                PROVIDE (__flash_rodata_start, LOADADDR (.rodata))

.rwdata         0x00000000080474c4     0x1b18 load address 0x0000000008048fdc
                0x00000000080474c4                PROVIDE (__ram_rwdata_start, ABSOLUTE (.))
                0x00000000080474c4                . = ALIGN (0x4)
 *(.got.plt)
 *(.got)
 *(.data1)
 *(.data .data.* .gnu.linkonce.d.*)
 .data          0x00000000080474c4        0x0 C:/Users/smail/Desktop/College/MA2/Real_Time_Embedded_Systems/final_projectCCC/sw/nios/project_bsp//obj/HAL/src/crt0.o
 .data          0x00000000080474c4        0x0 obj/default/hello_world.o
 .data          0x00000000080474c4        0x0 c:/programmes/fpga/nios2eds/bin/gnu/h-x86_64-mingw32/bin/../lib/gcc/nios2-elf/5.3.0\libgcc.a(lib2-divmod.o)
 .data          0x00000000080474c4        0x0 c:/programmes/fpga/nios2eds/bin/gnu/h-x86_64-mingw32/bin/../lib/gcc/nios2-elf/5.3.0\libgcc.a(addsf3.o)
 .data          0x00000000080474c4        0x0 c:/programmes/fpga/nios2eds/bin/gnu/h-x86_64-mingw32/bin/../lib/gcc/nios2-elf/5.3.0\libgcc.a(lesf2.o)
 .data          0x00000000080474c4        0x0 c:/programmes/fpga/nios2eds/bin/gnu/h-x86_64-mingw32/bin/../lib/gcc/nios2-elf/5.3.0\libgcc.a(floatunsisf.o)
 .data          0x00000000080474c4        0x0 c:/programmes/fpga/nios2eds/bin/gnu/h-x86_64-mingw32/bin/../lib/gcc/nios2-elf/5.3.0\libgcc.a(_clzsi2.o)
 .data          0x00000000080474c4        0x0 c:/programmes/fpga/nios2eds/bin/gnu/h-x86_64-mingw32/bin/../lib/gcc/nios2-elf/5.3.0\libgcc.a(_clz.o)
 .data          0x00000000080474c4        0x0 c:/programmes/fpga/nios2eds/bin/gnu/h-x86_64-mingw32/bin/../lib/gcc/nios2-elf/5.3.0/../../../../../H-x86_64-mingw32/nios2-elf/lib\libc.a(lib_a-clock.o)
 .data          0x00000000080474c4        0x0 c:/programmes/fpga/nios2eds/bin/gnu/h-x86_64-mingw32/bin/../lib/gcc/nios2-elf/5.3.0/../../../../../H-x86_64-mingw32/nios2-elf/lib\libc.a(lib_a-impure.o)
 .data.impure_data
                0x00000000080474c4      0x424 c:/programmes/fpga/nios2eds/bin/gnu/h-x86_64-mingw32/bin/../lib/gcc/nios2-elf/5.3.0/../../../../../H-x86_64-mingw32/nios2-elf/lib\libc.a(lib_a-impure.o)
 .data          0x00000000080478e8        0x0 c:/programmes/fpga/nios2eds/bin/gnu/h-x86_64-mingw32/bin/../lib/gcc/nios2-elf/5.3.0/../../../../../H-x86_64-mingw32/nios2-elf/lib\libc.a(lib_a-timesr.o)
 .data          0x00000000080478e8        0x0 C:/Users/smail/Desktop/College/MA2/Real_Time_Embedded_Systems/final_projectCCC/sw/nios/project_bsp/\libhal_bsp.a(alt_iic.o)
 .data          0x00000000080478e8        0x0 C:/Users/smail/Desktop/College/MA2/Real_Time_Embedded_Systems/final_projectCCC/sw/nios/project_bsp/\libhal_bsp.a(alt_iic_isr_register.o)
 .data          0x00000000080478e8        0x0 C:/Users/smail/Desktop/College/MA2/Real_Time_Embedded_Systems/final_projectCCC/sw/nios/project_bsp/\libhal_bsp.a(alt_irq_entry.o)
 .data          0x00000000080478e8        0x0 C:/Users/smail/Desktop/College/MA2/Real_Time_Embedded_Systems/final_projectCCC/sw/nios/project_bsp/\libhal_bsp.a(alt_irq_handler.o)
 .data          0x00000000080478e8        0x0 C:/Users/smail/Desktop/College/MA2/Real_Time_Embedded_Systems/final_projectCCC/sw/nios/project_bsp/\libhal_bsp.a(alt_irq_vars.o)
 .data          0x00000000080478e8        0x0 C:/Users/smail/Desktop/College/MA2/Real_Time_Embedded_Systems/final_projectCCC/sw/nios/project_bsp/\libhal_bsp.a(alt_load.o)
 .data          0x00000000080478e8        0x0 C:/Users/smail/Desktop/College/MA2/Real_Time_Embedded_Systems/final_projectCCC/sw/nios/project_bsp/\libhal_bsp.a(alt_main.o)
 .data          0x00000000080478e8        0x0 C:/Users/smail/Desktop/College/MA2/Real_Time_Embedded_Systems/final_projectCCC/sw/nios/project_bsp/\libhal_bsp.a(alt_printf.o)
 .data          0x00000000080478e8        0x0 C:/Users/smail/Desktop/College/MA2/Real_Time_Embedded_Systems/final_projectCCC/sw/nios/project_bsp/\libhal_bsp.a(alt_putchar.o)
 .data          0x00000000080478e8        0x0 C:/Users/smail/Desktop/College/MA2/Real_Time_Embedded_Systems/final_projectCCC/sw/nios/project_bsp/\libhal_bsp.a(alt_times.o)
 .data          0x00000000080478e8     0x10ec C:/Users/smail/Desktop/College/MA2/Real_Time_Embedded_Systems/final_projectCCC/sw/nios/project_bsp/\libhal_bsp.a(alt_sys_init.o)
 .data          0x00000000080489d4        0x0 C:/Users/smail/Desktop/College/MA2/Real_Time_Embedded_Systems/final_projectCCC/sw/nios/project_bsp/\libhal_bsp.a(altera_avalon_jtag_uart_fd.o)
 .data          0x00000000080489d4        0x0 C:/Users/smail/Desktop/College/MA2/Real_Time_Embedded_Systems/final_projectCCC/sw/nios/project_bsp/\libhal_bsp.a(altera_avalon_jtag_uart_init.o)
 .data          0x00000000080489d4        0x0 C:/Users/smail/Desktop/College/MA2/Real_Time_Embedded_Systems/final_projectCCC/sw/nios/project_bsp/\libhal_bsp.a(altera_avalon_jtag_uart_ioctl.o)
 .data          0x00000000080489d4        0x0 C:/Users/smail/Desktop/College/MA2/Real_Time_Embedded_Systems/final_projectCCC/sw/nios/project_bsp/\libhal_bsp.a(altera_avalon_jtag_uart_read.o)
 .data          0x00000000080489d4        0x0 C:/Users/smail/Desktop/College/MA2/Real_Time_Embedded_Systems/final_projectCCC/sw/nios/project_bsp/\libhal_bsp.a(altera_avalon_jtag_uart_write.o)
 .data          0x00000000080489d4        0x0 C:/Users/smail/Desktop/College/MA2/Real_Time_Embedded_Systems/final_projectCCC/sw/nios/project_bsp/\libhal_bsp.a(altera_avalon_timer_sc.o)
 .data          0x00000000080489d4        0x0 C:/Users/smail/Desktop/College/MA2/Real_Time_Embedded_Systems/final_projectCCC/sw/nios/project_bsp/\libhal_bsp.a(altera_up_avalon_audio.o)
 .data          0x00000000080489d4        0x0 C:/Users/smail/Desktop/College/MA2/Real_Time_Embedded_Systems/final_projectCCC/sw/nios/project_bsp/\libhal_bsp.a(altera_up_avalon_audio_and_video_config.o)
 .data          0x00000000080489d4        0x0 C:/Users/smail/Desktop/College/MA2/Real_Time_Embedded_Systems/final_projectCCC/sw/nios/project_bsp/\libhal_bsp.a(alt_alarm_start.o)
 .data          0x00000000080489d4        0x0 C:/Users/smail/Desktop/College/MA2/Real_Time_Embedded_Systems/final_projectCCC/sw/nios/project_bsp/\libhal_bsp.a(alt_close.o)
 .data          0x00000000080489d4        0x0 C:/Users/smail/Desktop/College/MA2/Real_Time_Embedded_Systems/final_projectCCC/sw/nios/project_bsp/\libhal_bsp.a(alt_dcache_flush_all.o)
 .data          0x00000000080489d4      0x1a8 C:/Users/smail/Desktop/College/MA2/Real_Time_Embedded_Systems/final_projectCCC/sw/nios/project_bsp/\libhal_bsp.a(alt_dev.o)
                0x00000000080489d4                alt_dev_null
                0x00000000080489fc                alt_fd_list
 .data          0x0000000008048b7c        0x0 C:/Users/smail/Desktop/College/MA2/Real_Time_Embedded_Systems/final_projectCCC/sw/nios/project_bsp/\libhal_bsp.a(alt_dev_llist_insert.o)
 .data          0x0000000008048b7c        0x0 C:/Users/smail/Desktop/College/MA2/Real_Time_Embedded_Systems/final_projectCCC/sw/nios/project_bsp/\libhal_bsp.a(alt_do_ctors.o)
 .data          0x0000000008048b7c        0x0 C:/Users/smail/Desktop/College/MA2/Real_Time_Embedded_Systems/final_projectCCC/sw/nios/project_bsp/\libhal_bsp.a(alt_do_dtors.o)
 .data          0x0000000008048b7c        0x0 C:/Users/smail/Desktop/College/MA2/Real_Time_Embedded_Systems/final_projectCCC/sw/nios/project_bsp/\libhal_bsp.a(alt_errno.o)
 .data          0x0000000008048b7c        0x0 C:/Users/smail/Desktop/College/MA2/Real_Time_Embedded_Systems/final_projectCCC/sw/nios/project_bsp/\libhal_bsp.a(alt_exception_entry.o)
 .data          0x0000000008048b7c        0x0 C:/Users/smail/Desktop/College/MA2/Real_Time_Embedded_Systems/final_projectCCC/sw/nios/project_bsp/\libhal_bsp.a(alt_find_dev.o)
 .data          0x0000000008048b7c        0x0 C:/Users/smail/Desktop/College/MA2/Real_Time_Embedded_Systems/final_projectCCC/sw/nios/project_bsp/\libhal_bsp.a(alt_icache_flush_all.o)
 .data          0x0000000008048b7c        0x0 C:/Users/smail/Desktop/College/MA2/Real_Time_Embedded_Systems/final_projectCCC/sw/nios/project_bsp/\libhal_bsp.a(alt_instruction_exception_entry.o)
 .data          0x0000000008048b7c        0x0 C:/Users/smail/Desktop/College/MA2/Real_Time_Embedded_Systems/final_projectCCC/sw/nios/project_bsp/\libhal_bsp.a(alt_io_redirect.o)
 .data          0x0000000008048b7c        0x0 C:/Users/smail/Desktop/College/MA2/Real_Time_Embedded_Systems/final_projectCCC/sw/nios/project_bsp/\libhal_bsp.a(alt_open.o)
 .data          0x0000000008048b7c        0x0 C:/Users/smail/Desktop/College/MA2/Real_Time_Embedded_Systems/final_projectCCC/sw/nios/project_bsp/\libhal_bsp.a(alt_release_fd.o)
 .data          0x0000000008048b7c        0x0 C:/Users/smail/Desktop/College/MA2/Real_Time_Embedded_Systems/final_projectCCC/sw/nios/project_bsp/\libhal_bsp.a(alt_tick.o)
 .data          0x0000000008048b7c        0x0 C:/Users/smail/Desktop/College/MA2/Real_Time_Embedded_Systems/final_projectCCC/sw/nios/project_bsp/\libhal_bsp.a(altera_nios2_gen2_irq.o)
 .data          0x0000000008048b7c        0x0 C:/Users/smail/Desktop/College/MA2/Real_Time_Embedded_Systems/final_projectCCC/sw/nios/project_bsp/\libhal_bsp.a(alt_find_file.o)
 .data          0x0000000008048b7c        0x0 C:/Users/smail/Desktop/College/MA2/Real_Time_Embedded_Systems/final_projectCCC/sw/nios/project_bsp/\libhal_bsp.a(alt_get_fd.o)
 .data          0x0000000008048b7c        0x0 C:/Users/smail/Desktop/College/MA2/Real_Time_Embedded_Systems/final_projectCCC/sw/nios/project_bsp/\libhal_bsp.a(alt_icache_flush.o)
 .data          0x0000000008048b7c        0x0 c:/programmes/fpga/nios2eds/bin/gnu/h-x86_64-mingw32/bin/../lib/gcc/nios2-elf/5.3.0/../../../../../H-x86_64-mingw32/nios2-elf/lib\libc.a(lib_a-atexit.o)
 .data          0x0000000008048b7c        0x0 c:/programmes/fpga/nios2eds/bin/gnu/h-x86_64-mingw32/bin/../lib/gcc/nios2-elf/5.3.0/../../../../../H-x86_64-mingw32/nios2-elf/lib\libc.a(lib_a-exit.o)
 .data          0x0000000008048b7c        0x0 c:/programmes/fpga/nios2eds/bin/gnu/h-x86_64-mingw32/bin/../lib/gcc/nios2-elf/5.3.0/../../../../../H-x86_64-mingw32/nios2-elf/lib\libc.a(lib_a-int_errno.o)
 .data          0x0000000008048b7c        0x0 c:/programmes/fpga/nios2eds/bin/gnu/h-x86_64-mingw32/bin/../lib/gcc/nios2-elf/5.3.0/../../../../../H-x86_64-mingw32/nios2-elf/lib\libc.a(lib_a-memcmp.o)
 .data          0x0000000008048b7c        0x0 c:/programmes/fpga/nios2eds/bin/gnu/h-x86_64-mingw32/bin/../lib/gcc/nios2-elf/5.3.0/../../../../../H-x86_64-mingw32/nios2-elf/lib\libc.a(lib_a-memcpy.o)
 .data          0x0000000008048b7c        0x0 c:/programmes/fpga/nios2eds/bin/gnu/h-x86_64-mingw32/bin/../lib/gcc/nios2-elf/5.3.0/../../../../../H-x86_64-mingw32/nios2-elf/lib\libc.a(lib_a-putc.o)
 .data          0x0000000008048b7c        0x0 c:/programmes/fpga/nios2eds/bin/gnu/h-x86_64-mingw32/bin/../lib/gcc/nios2-elf/5.3.0/../../../../../H-x86_64-mingw32/nios2-elf/lib\libc.a(lib_a-strlen.o)
 .data          0x0000000008048b7c        0x0 c:/programmes/fpga/nios2eds/bin/gnu/h-x86_64-mingw32/bin/../lib/gcc/nios2-elf/5.3.0/../../../../../H-x86_64-mingw32/nios2-elf/lib\libc.a(lib_a-wbuf.o)
 .data          0x0000000008048b7c        0x0 c:/programmes/fpga/nios2eds/bin/gnu/h-x86_64-mingw32/bin/../lib/gcc/nios2-elf/5.3.0/../../../../../H-x86_64-mingw32/nios2-elf/lib\libc.a(lib_a-wsetup.o)
 .data          0x0000000008048b7c        0x0 c:/programmes/fpga/nios2eds/bin/gnu/h-x86_64-mingw32/bin/../lib/gcc/nios2-elf/5.3.0/../../../../../H-x86_64-mingw32/nios2-elf/lib\libc.a(lib_a-__atexit.o)
 .data          0x0000000008048b7c        0x0 c:/programmes/fpga/nios2eds/bin/gnu/h-x86_64-mingw32/bin/../lib/gcc/nios2-elf/5.3.0/../../../../../H-x86_64-mingw32/nios2-elf/lib\libc.a(lib_a-__call_atexit.o)
 .data          0x0000000008048b7c        0x0 c:/programmes/fpga/nios2eds/bin/gnu/h-x86_64-mingw32/bin/../lib/gcc/nios2-elf/5.3.0/../../../../../H-x86_64-mingw32/nios2-elf/lib\libc.a(lib_a-fflush.o)
 .data          0x0000000008048b7c        0x0 c:/programmes/fpga/nios2eds/bin/gnu/h-x86_64-mingw32/bin/../lib/gcc/nios2-elf/5.3.0/../../../../../H-x86_64-mingw32/nios2-elf/lib\libc.a(lib_a-findfp.o)
 .data          0x0000000008048b7c        0x0 c:/programmes/fpga/nios2eds/bin/gnu/h-x86_64-mingw32/bin/../lib/gcc/nios2-elf/5.3.0/../../../../../H-x86_64-mingw32/nios2-elf/lib\libc.a(lib_a-freer.o)
 .data          0x0000000008048b7c        0x0 c:/programmes/fpga/nios2eds/bin/gnu/h-x86_64-mingw32/bin/../lib/gcc/nios2-elf/5.3.0/../../../../../H-x86_64-mingw32/nios2-elf/lib\libc.a(lib_a-fwalk.o)
 .data          0x0000000008048b7c        0x0 c:/programmes/fpga/nios2eds/bin/gnu/h-x86_64-mingw32/bin/../lib/gcc/nios2-elf/5.3.0/../../../../../H-x86_64-mingw32/nios2-elf/lib\libc.a(lib_a-makebuf.o)
 .data          0x0000000008048b7c        0x0 c:/programmes/fpga/nios2eds/bin/gnu/h-x86_64-mingw32/bin/../lib/gcc/nios2-elf/5.3.0/../../../../../H-x86_64-mingw32/nios2-elf/lib\libc.a(lib_a-mallocr.o)
 .data.__malloc_av_
                0x0000000008048b7c      0x408 c:/programmes/fpga/nios2eds/bin/gnu/h-x86_64-mingw32/bin/../lib/gcc/nios2-elf/5.3.0/../../../../../H-x86_64-mingw32/nios2-elf/lib\libc.a(lib_a-mallocr.o)
                0x0000000008048b7c                __malloc_av_
 .data          0x0000000008048f84        0x0 c:/programmes/fpga/nios2eds/bin/gnu/h-x86_64-mingw32/bin/../lib/gcc/nios2-elf/5.3.0/../../../../../H-x86_64-mingw32/nios2-elf/lib\libc.a(lib_a-memset.o)
 .data          0x0000000008048f84        0x0 c:/programmes/fpga/nios2eds/bin/gnu/h-x86_64-mingw32/bin/../lib/gcc/nios2-elf/5.3.0/../../../../../H-x86_64-mingw32/nios2-elf/lib\libc.a(lib_a-sbrkr.o)
 .data          0x0000000008048f84        0x0 c:/programmes/fpga/nios2eds/bin/gnu/h-x86_64-mingw32/bin/../lib/gcc/nios2-elf/5.3.0/../../../../../H-x86_64-mingw32/nios2-elf/lib\libc.a(lib_a-stdio.o)
 .data          0x0000000008048f84        0x0 c:/programmes/fpga/nios2eds/bin/gnu/h-x86_64-mingw32/bin/../lib/gcc/nios2-elf/5.3.0/../../../../../H-x86_64-mingw32/nios2-elf/lib\libc.a(lib_a-writer.o)
 .data          0x0000000008048f84        0x0 c:/programmes/fpga/nios2eds/bin/gnu/h-x86_64-mingw32/bin/../lib/gcc/nios2-elf/5.3.0/../../../../../H-x86_64-mingw32/nios2-elf/lib\libc.a(closer.o)
 .data          0x0000000008048f84        0x0 c:/programmes/fpga/nios2eds/bin/gnu/h-x86_64-mingw32/bin/../lib/gcc/nios2-elf/5.3.0/../../../../../H-x86_64-mingw32/nios2-elf/lib\libc.a(lib_a-fclose.o)
 .data          0x0000000008048f84        0x0 c:/programmes/fpga/nios2eds/bin/gnu/h-x86_64-mingw32/bin/../lib/gcc/nios2-elf/5.3.0/../../../../../H-x86_64-mingw32/nios2-elf/lib\libc.a(lib_a-fstatr.o)
 .data          0x0000000008048f84        0x0 c:/programmes/fpga/nios2eds/bin/gnu/h-x86_64-mingw32/bin/../lib/gcc/nios2-elf/5.3.0/../../../../../H-x86_64-mingw32/nios2-elf/lib\libc.a(lib_a-isattyr.o)
 .data          0x0000000008048f84        0x0 c:/programmes/fpga/nios2eds/bin/gnu/h-x86_64-mingw32/bin/../lib/gcc/nios2-elf/5.3.0/../../../../../H-x86_64-mingw32/nios2-elf/lib\libc.a(lib_a-lseekr.o)
 .data          0x0000000008048f84        0x0 c:/programmes/fpga/nios2eds/bin/gnu/h-x86_64-mingw32/bin/../lib/gcc/nios2-elf/5.3.0/../../../../../H-x86_64-mingw32/nios2-elf/lib\libc.a(lib_a-readr.o)
 .data          0x0000000008048f84        0x0 C:/Users/smail/Desktop/College/MA2/Real_Time_Embedded_Systems/final_projectCCC/sw/nios/project_bsp/\libhal_bsp.a(alt_exit.o)
 .data          0x0000000008048f84        0x0 C:/Users/smail/Desktop/College/MA2/Real_Time_Embedded_Systems/final_projectCCC/sw/nios/project_bsp/\libhal_bsp.a(alt_fstat.o)
 .data          0x0000000008048f84        0x0 C:/Users/smail/Desktop/College/MA2/Real_Time_Embedded_Systems/final_projectCCC/sw/nios/project_bsp/\libhal_bsp.a(alt_isatty.o)
 .data          0x0000000008048f84        0x0 C:/Users/smail/Desktop/College/MA2/Real_Time_Embedded_Systems/final_projectCCC/sw/nios/project_bsp/\libhal_bsp.a(alt_lseek.o)
 .data          0x0000000008048f84        0x0 C:/Users/smail/Desktop/College/MA2/Real_Time_Embedded_Systems/final_projectCCC/sw/nios/project_bsp/\libhal_bsp.a(alt_malloc_lock.o)
 .data          0x0000000008048f84        0x0 C:/Users/smail/Desktop/College/MA2/Real_Time_Embedded_Systems/final_projectCCC/sw/nios/project_bsp/\libhal_bsp.a(alt_read.o)
 .data          0x0000000008048f84        0x0 C:/Users/smail/Desktop/College/MA2/Real_Time_Embedded_Systems/final_projectCCC/sw/nios/project_bsp/\libhal_bsp.a(alt_sbrk.o)
 .data          0x0000000008048f84        0x0 C:/Users/smail/Desktop/College/MA2/Real_Time_Embedded_Systems/final_projectCCC/sw/nios/project_bsp/\libhal_bsp.a(alt_write.o)
                0x0000000008050f84                _gp = ABSOLUTE ((. + 0x8000))
                [!provide]                        PROVIDE (gp, _gp)
 *(.rwdata .rwdata.*)
 *(.sdata .sdata.* .gnu.linkonce.s.*)
 .sdata         0x0000000008048f84       0x20 obj/default/hello_world.o
                0x0000000008048f84                audio_buffer
                0x0000000008048f88                audio_buffer2
                0x0000000008048f8c                effect1_buffer
                0x0000000008048f90                effect2_buffer
                0x0000000008048f94                effect3_buffer
                0x0000000008048f98                effect4_buffer
                0x0000000008048f9c                captured_val
                0x0000000008048fa0                sw_val
 .sdata._global_impure_ptr
                0x0000000008048fa4        0x4 c:/programmes/fpga/nios2eds/bin/gnu/h-x86_64-mingw32/bin/../lib/gcc/nios2-elf/5.3.0/../../../../../H-x86_64-mingw32/nios2-elf/lib\libc.a(lib_a-impure.o)
                0x0000000008048fa4                _global_impure_ptr
 .sdata._impure_ptr
                0x0000000008048fa8        0x4 c:/programmes/fpga/nios2eds/bin/gnu/h-x86_64-mingw32/bin/../lib/gcc/nios2-elf/5.3.0/../../../../../H-x86_64-mingw32/nios2-elf/lib\libc.a(lib_a-impure.o)
                0x0000000008048fa8                _impure_ptr
 .sdata         0x0000000008048fac        0x4 C:/Users/smail/Desktop/College/MA2/Real_Time_Embedded_Systems/final_projectCCC/sw/nios/project_bsp/\libhal_bsp.a(alt_irq_vars.o)
                0x0000000008048fac                alt_priority_mask
 .sdata         0x0000000008048fb0       0x14 C:/Users/smail/Desktop/College/MA2/Real_Time_Embedded_Systems/final_projectCCC/sw/nios/project_bsp/\libhal_bsp.a(alt_dev.o)
                0x0000000008048fb0                alt_fs_list
                0x0000000008048fb8                alt_dev_list
                0x0000000008048fc0                alt_max_fd
 .sdata         0x0000000008048fc4        0x4 C:/Users/smail/Desktop/College/MA2/Real_Time_Embedded_Systems/final_projectCCC/sw/nios/project_bsp/\libhal_bsp.a(alt_errno.o)
                0x0000000008048fc4                alt_errno
 .sdata         0x0000000008048fc8        0x8 C:/Users/smail/Desktop/College/MA2/Real_Time_Embedded_Systems/final_projectCCC/sw/nios/project_bsp/\libhal_bsp.a(alt_tick.o)
                0x0000000008048fc8                alt_alarm_list
 .sdata.__malloc_sbrk_base
                0x0000000008048fd0        0x4 c:/programmes/fpga/nios2eds/bin/gnu/h-x86_64-mingw32/bin/../lib/gcc/nios2-elf/5.3.0/../../../../../H-x86_64-mingw32/nios2-elf/lib\libc.a(lib_a-mallocr.o)
                0x0000000008048fd0                __malloc_sbrk_base
 .sdata.__malloc_trim_threshold
                0x0000000008048fd4        0x4 c:/programmes/fpga/nios2eds/bin/gnu/h-x86_64-mingw32/bin/../lib/gcc/nios2-elf/5.3.0/../../../../../H-x86_64-mingw32/nios2-elf/lib\libc.a(lib_a-mallocr.o)
                0x0000000008048fd4                __malloc_trim_threshold
 .sdata         0x0000000008048fd8        0x4 C:/Users/smail/Desktop/College/MA2/Real_Time_Embedded_Systems/final_projectCCC/sw/nios/project_bsp/\libhal_bsp.a(alt_sbrk.o)
 *(.sdata2 .sdata2.* .gnu.linkonce.s2.*)
                0x0000000008048fdc                . = ALIGN (0x4)
                0x0000000008048fdc                _edata = ABSOLUTE (.)
                [!provide]                        PROVIDE (edata, ABSOLUTE (.))
                0x0000000008048fdc                PROVIDE (__ram_rwdata_end, ABSOLUTE (.))
                0x0000000008048fdc                PROVIDE (__flash_rwdata_start, LOADADDR (.rwdata))

.bss            0x000000000804aaf4      0x188
                0x000000000804aaf4                __bss_start = ABSOLUTE (.)
                [!provide]                        PROVIDE (__sbss_start, ABSOLUTE (.))
                [!provide]                        PROVIDE (___sbss_start, ABSOLUTE (.))
 *(.dynsbss)
 *(.sbss .sbss.* .gnu.linkonce.sb.*)
 .sbss          0x000000000804aaf4       0x2c obj/default/hello_world.o
                0x000000000804aaf4                buffer_avg
                0x000000000804aaf8                buffer2_avg
                0x000000000804aafc                effect1_avg
                0x000000000804ab00                effect2_avg
                0x000000000804ab04                effect3_avg
                0x000000000804ab08                effect4_avg
                0x000000000804ab0c                interrupted
                0x000000000804ab10                state
                0x000000000804ab14                beat_state
                0x000000000804ab18                current_index
                0x000000000804ab1c                current_index2
 .sbss          0x000000000804ab20        0x8 obj/default/hello_world.o
                0x000000000804ab20                audio_dev
                0x000000000804ab24                audio_conf
 .sbss          0x000000000804ab28        0x4 C:/Users/smail/Desktop/College/MA2/Real_Time_Embedded_Systems/final_projectCCC/sw/nios/project_bsp/\libhal_bsp.a(alt_irq_vars.o)
                0x000000000804ab28                alt_irq_active
 .sbss          0x000000000804ab2c        0xc C:/Users/smail/Desktop/College/MA2/Real_Time_Embedded_Systems/final_projectCCC/sw/nios/project_bsp/\libhal_bsp.a(alt_main.o)
                0x000000000804ab2c                alt_argc
                0x000000000804ab30                alt_argv
                0x000000000804ab34                alt_envp
 .sbss          0x000000000804ab38        0x4 C:/Users/smail/Desktop/College/MA2/Real_Time_Embedded_Systems/final_projectCCC/sw/nios/project_bsp/\libhal_bsp.a(alt_instruction_exception_entry.o)
                0x000000000804ab38                alt_instruction_exception_handler
 .sbss          0x000000000804ab3c        0x8 C:/Users/smail/Desktop/College/MA2/Real_Time_Embedded_Systems/final_projectCCC/sw/nios/project_bsp/\libhal_bsp.a(alt_tick.o)
                0x000000000804ab3c                _alt_tick_rate
                0x000000000804ab40                _alt_nticks
 .sbss          0x000000000804ab44        0x4 c:/programmes/fpga/nios2eds/bin/gnu/h-x86_64-mingw32/bin/../lib/gcc/nios2-elf/5.3.0/../../../../../H-x86_64-mingw32/nios2-elf/lib\libc.a(lib_a-int_errno.o)
                0x000000000804ab44                errno
 .sbss.__malloc_max_total_mem
                0x000000000804ab48        0x4 c:/programmes/fpga/nios2eds/bin/gnu/h-x86_64-mingw32/bin/../lib/gcc/nios2-elf/5.3.0/../../../../../H-x86_64-mingw32/nios2-elf/lib\libc.a(lib_a-mallocr.o)
                0x000000000804ab48                __malloc_max_total_mem
 .sbss.__malloc_max_sbrked_mem
                0x000000000804ab4c        0x4 c:/programmes/fpga/nios2eds/bin/gnu/h-x86_64-mingw32/bin/../lib/gcc/nios2-elf/5.3.0/../../../../../H-x86_64-mingw32/nios2-elf/lib\libc.a(lib_a-mallocr.o)
                0x000000000804ab4c                __malloc_max_sbrked_mem
 .sbss.__malloc_top_pad
                0x000000000804ab50        0x4 c:/programmes/fpga/nios2eds/bin/gnu/h-x86_64-mingw32/bin/../lib/gcc/nios2-elf/5.3.0/../../../../../H-x86_64-mingw32/nios2-elf/lib\libc.a(lib_a-mallocr.o)
                0x000000000804ab50                __malloc_top_pad
 *(.sbss2 .sbss2.* .gnu.linkonce.sb2.*)
 *(.scommon)
                [!provide]                        PROVIDE (__sbss_end, ABSOLUTE (.))
                [!provide]                        PROVIDE (___sbss_end, ABSOLUTE (.))
 *(.dynbss)
 *(.bss .bss.* .gnu.linkonce.b.*)
 .bss           0x000000000804ab54        0x0 C:/Users/smail/Desktop/College/MA2/Real_Time_Embedded_Systems/final_projectCCC/sw/nios/project_bsp//obj/HAL/src/crt0.o
 .bss           0x000000000804ab54        0x0 obj/default/hello_world.o
 .bss           0x000000000804ab54        0x0 c:/programmes/fpga/nios2eds/bin/gnu/h-x86_64-mingw32/bin/../lib/gcc/nios2-elf/5.3.0\libgcc.a(lib2-divmod.o)
 .bss           0x000000000804ab54        0x0 c:/programmes/fpga/nios2eds/bin/gnu/h-x86_64-mingw32/bin/../lib/gcc/nios2-elf/5.3.0\libgcc.a(addsf3.o)
 .bss           0x000000000804ab54        0x0 c:/programmes/fpga/nios2eds/bin/gnu/h-x86_64-mingw32/bin/../lib/gcc/nios2-elf/5.3.0\libgcc.a(lesf2.o)
 .bss           0x000000000804ab54        0x0 c:/programmes/fpga/nios2eds/bin/gnu/h-x86_64-mingw32/bin/../lib/gcc/nios2-elf/5.3.0\libgcc.a(floatunsisf.o)
 .bss           0x000000000804ab54        0x0 c:/programmes/fpga/nios2eds/bin/gnu/h-x86_64-mingw32/bin/../lib/gcc/nios2-elf/5.3.0\libgcc.a(_clzsi2.o)
 .bss           0x000000000804ab54        0x0 c:/programmes/fpga/nios2eds/bin/gnu/h-x86_64-mingw32/bin/../lib/gcc/nios2-elf/5.3.0\libgcc.a(_clz.o)
 .bss           0x000000000804ab54        0x0 c:/programmes/fpga/nios2eds/bin/gnu/h-x86_64-mingw32/bin/../lib/gcc/nios2-elf/5.3.0/../../../../../H-x86_64-mingw32/nios2-elf/lib\libc.a(lib_a-clock.o)
 .bss           0x000000000804ab54        0x0 c:/programmes/fpga/nios2eds/bin/gnu/h-x86_64-mingw32/bin/../lib/gcc/nios2-elf/5.3.0/../../../../../H-x86_64-mingw32/nios2-elf/lib\libc.a(lib_a-impure.o)
 .bss           0x000000000804ab54        0x0 c:/programmes/fpga/nios2eds/bin/gnu/h-x86_64-mingw32/bin/../lib/gcc/nios2-elf/5.3.0/../../../../../H-x86_64-mingw32/nios2-elf/lib\libc.a(lib_a-timesr.o)
 .bss           0x000000000804ab54        0x0 C:/Users/smail/Desktop/College/MA2/Real_Time_Embedded_Systems/final_projectCCC/sw/nios/project_bsp/\libhal_bsp.a(alt_iic.o)
 .bss           0x000000000804ab54        0x0 C:/Users/smail/Desktop/College/MA2/Real_Time_Embedded_Systems/final_projectCCC/sw/nios/project_bsp/\libhal_bsp.a(alt_iic_isr_register.o)
 .bss           0x000000000804ab54        0x0 C:/Users/smail/Desktop/College/MA2/Real_Time_Embedded_Systems/final_projectCCC/sw/nios/project_bsp/\libhal_bsp.a(alt_irq_entry.o)
 .bss           0x000000000804ab54        0x0 C:/Users/smail/Desktop/College/MA2/Real_Time_Embedded_Systems/final_projectCCC/sw/nios/project_bsp/\libhal_bsp.a(alt_irq_handler.o)
 .bss           0x000000000804ab54        0x0 C:/Users/smail/Desktop/College/MA2/Real_Time_Embedded_Systems/final_projectCCC/sw/nios/project_bsp/\libhal_bsp.a(alt_irq_vars.o)
 .bss           0x000000000804ab54        0x0 C:/Users/smail/Desktop/College/MA2/Real_Time_Embedded_Systems/final_projectCCC/sw/nios/project_bsp/\libhal_bsp.a(alt_load.o)
 .bss           0x000000000804ab54        0x0 C:/Users/smail/Desktop/College/MA2/Real_Time_Embedded_Systems/final_projectCCC/sw/nios/project_bsp/\libhal_bsp.a(alt_main.o)
 .bss           0x000000000804ab54        0x0 C:/Users/smail/Desktop/College/MA2/Real_Time_Embedded_Systems/final_projectCCC/sw/nios/project_bsp/\libhal_bsp.a(alt_printf.o)
 .bss           0x000000000804ab54        0x0 C:/Users/smail/Desktop/College/MA2/Real_Time_Embedded_Systems/final_projectCCC/sw/nios/project_bsp/\libhal_bsp.a(alt_putchar.o)
 .bss           0x000000000804ab54        0x0 C:/Users/smail/Desktop/College/MA2/Real_Time_Embedded_Systems/final_projectCCC/sw/nios/project_bsp/\libhal_bsp.a(alt_times.o)
 .bss           0x000000000804ab54        0x0 C:/Users/smail/Desktop/College/MA2/Real_Time_Embedded_Systems/final_projectCCC/sw/nios/project_bsp/\libhal_bsp.a(alt_sys_init.o)
 .bss           0x000000000804ab54        0x0 C:/Users/smail/Desktop/College/MA2/Real_Time_Embedded_Systems/final_projectCCC/sw/nios/project_bsp/\libhal_bsp.a(altera_avalon_jtag_uart_fd.o)
 .bss           0x000000000804ab54        0x0 C:/Users/smail/Desktop/College/MA2/Real_Time_Embedded_Systems/final_projectCCC/sw/nios/project_bsp/\libhal_bsp.a(altera_avalon_jtag_uart_init.o)
 .bss           0x000000000804ab54        0x0 C:/Users/smail/Desktop/College/MA2/Real_Time_Embedded_Systems/final_projectCCC/sw/nios/project_bsp/\libhal_bsp.a(altera_avalon_jtag_uart_ioctl.o)
 .bss           0x000000000804ab54        0x0 C:/Users/smail/Desktop/College/MA2/Real_Time_Embedded_Systems/final_projectCCC/sw/nios/project_bsp/\libhal_bsp.a(altera_avalon_jtag_uart_read.o)
 .bss           0x000000000804ab54        0x0 C:/Users/smail/Desktop/College/MA2/Real_Time_Embedded_Systems/final_projectCCC/sw/nios/project_bsp/\libhal_bsp.a(altera_avalon_jtag_uart_write.o)
 .bss           0x000000000804ab54        0x0 C:/Users/smail/Desktop/College/MA2/Real_Time_Embedded_Systems/final_projectCCC/sw/nios/project_bsp/\libhal_bsp.a(altera_avalon_timer_sc.o)
 .bss           0x000000000804ab54        0x0 C:/Users/smail/Desktop/College/MA2/Real_Time_Embedded_Systems/final_projectCCC/sw/nios/project_bsp/\libhal_bsp.a(altera_up_avalon_audio.o)
 .bss           0x000000000804ab54        0x0 C:/Users/smail/Desktop/College/MA2/Real_Time_Embedded_Systems/final_projectCCC/sw/nios/project_bsp/\libhal_bsp.a(altera_up_avalon_audio_and_video_config.o)
 .bss           0x000000000804ab54        0x0 C:/Users/smail/Desktop/College/MA2/Real_Time_Embedded_Systems/final_projectCCC/sw/nios/project_bsp/\libhal_bsp.a(alt_alarm_start.o)
 .bss           0x000000000804ab54        0x0 C:/Users/smail/Desktop/College/MA2/Real_Time_Embedded_Systems/final_projectCCC/sw/nios/project_bsp/\libhal_bsp.a(alt_close.o)
 .bss           0x000000000804ab54        0x0 C:/Users/smail/Desktop/College/MA2/Real_Time_Embedded_Systems/final_projectCCC/sw/nios/project_bsp/\libhal_bsp.a(alt_dcache_flush_all.o)
 .bss           0x000000000804ab54        0x0 C:/Users/smail/Desktop/College/MA2/Real_Time_Embedded_Systems/final_projectCCC/sw/nios/project_bsp/\libhal_bsp.a(alt_dev.o)
 .bss           0x000000000804ab54        0x0 C:/Users/smail/Desktop/College/MA2/Real_Time_Embedded_Systems/final_projectCCC/sw/nios/project_bsp/\libhal_bsp.a(alt_dev_llist_insert.o)
 .bss           0x000000000804ab54        0x0 C:/Users/smail/Desktop/College/MA2/Real_Time_Embedded_Systems/final_projectCCC/sw/nios/project_bsp/\libhal_bsp.a(alt_do_ctors.o)
 .bss           0x000000000804ab54        0x0 C:/Users/smail/Desktop/College/MA2/Real_Time_Embedded_Systems/final_projectCCC/sw/nios/project_bsp/\libhal_bsp.a(alt_do_dtors.o)
 .bss           0x000000000804ab54        0x0 C:/Users/smail/Desktop/College/MA2/Real_Time_Embedded_Systems/final_projectCCC/sw/nios/project_bsp/\libhal_bsp.a(alt_errno.o)
 .bss           0x000000000804ab54        0x0 C:/Users/smail/Desktop/College/MA2/Real_Time_Embedded_Systems/final_projectCCC/sw/nios/project_bsp/\libhal_bsp.a(alt_exception_entry.o)
 .bss           0x000000000804ab54        0x0 C:/Users/smail/Desktop/College/MA2/Real_Time_Embedded_Systems/final_projectCCC/sw/nios/project_bsp/\libhal_bsp.a(alt_find_dev.o)
 .bss           0x000000000804ab54        0x0 C:/Users/smail/Desktop/College/MA2/Real_Time_Embedded_Systems/final_projectCCC/sw/nios/project_bsp/\libhal_bsp.a(alt_icache_flush_all.o)
 .bss           0x000000000804ab54        0x0 C:/Users/smail/Desktop/College/MA2/Real_Time_Embedded_Systems/final_projectCCC/sw/nios/project_bsp/\libhal_bsp.a(alt_instruction_exception_entry.o)
 .bss           0x000000000804ab54        0x0 C:/Users/smail/Desktop/College/MA2/Real_Time_Embedded_Systems/final_projectCCC/sw/nios/project_bsp/\libhal_bsp.a(alt_io_redirect.o)
 .bss           0x000000000804ab54        0x0 C:/Users/smail/Desktop/College/MA2/Real_Time_Embedded_Systems/final_projectCCC/sw/nios/project_bsp/\libhal_bsp.a(alt_open.o)
 .bss           0x000000000804ab54        0x0 C:/Users/smail/Desktop/College/MA2/Real_Time_Embedded_Systems/final_projectCCC/sw/nios/project_bsp/\libhal_bsp.a(alt_release_fd.o)
 .bss           0x000000000804ab54        0x0 C:/Users/smail/Desktop/College/MA2/Real_Time_Embedded_Systems/final_projectCCC/sw/nios/project_bsp/\libhal_bsp.a(alt_tick.o)
 .bss           0x000000000804ab54        0x0 C:/Users/smail/Desktop/College/MA2/Real_Time_Embedded_Systems/final_projectCCC/sw/nios/project_bsp/\libhal_bsp.a(altera_nios2_gen2_irq.o)
 .bss           0x000000000804ab54        0x0 C:/Users/smail/Desktop/College/MA2/Real_Time_Embedded_Systems/final_projectCCC/sw/nios/project_bsp/\libhal_bsp.a(alt_find_file.o)
 .bss           0x000000000804ab54        0x0 C:/Users/smail/Desktop/College/MA2/Real_Time_Embedded_Systems/final_projectCCC/sw/nios/project_bsp/\libhal_bsp.a(alt_get_fd.o)
 .bss           0x000000000804ab54        0x0 C:/Users/smail/Desktop/College/MA2/Real_Time_Embedded_Systems/final_projectCCC/sw/nios/project_bsp/\libhal_bsp.a(alt_icache_flush.o)
 .bss           0x000000000804ab54        0x0 c:/programmes/fpga/nios2eds/bin/gnu/h-x86_64-mingw32/bin/../lib/gcc/nios2-elf/5.3.0/../../../../../H-x86_64-mingw32/nios2-elf/lib\libc.a(lib_a-atexit.o)
 .bss           0x000000000804ab54        0x0 c:/programmes/fpga/nios2eds/bin/gnu/h-x86_64-mingw32/bin/../lib/gcc/nios2-elf/5.3.0/../../../../../H-x86_64-mingw32/nios2-elf/lib\libc.a(lib_a-exit.o)
 .bss           0x000000000804ab54        0x0 c:/programmes/fpga/nios2eds/bin/gnu/h-x86_64-mingw32/bin/../lib/gcc/nios2-elf/5.3.0/../../../../../H-x86_64-mingw32/nios2-elf/lib\libc.a(lib_a-int_errno.o)
 .bss           0x000000000804ab54        0x0 c:/programmes/fpga/nios2eds/bin/gnu/h-x86_64-mingw32/bin/../lib/gcc/nios2-elf/5.3.0/../../../../../H-x86_64-mingw32/nios2-elf/lib\libc.a(lib_a-memcmp.o)
 .bss           0x000000000804ab54        0x0 c:/programmes/fpga/nios2eds/bin/gnu/h-x86_64-mingw32/bin/../lib/gcc/nios2-elf/5.3.0/../../../../../H-x86_64-mingw32/nios2-elf/lib\libc.a(lib_a-memcpy.o)
 .bss           0x000000000804ab54        0x0 c:/programmes/fpga/nios2eds/bin/gnu/h-x86_64-mingw32/bin/../lib/gcc/nios2-elf/5.3.0/../../../../../H-x86_64-mingw32/nios2-elf/lib\libc.a(lib_a-putc.o)
 .bss           0x000000000804ab54        0x0 c:/programmes/fpga/nios2eds/bin/gnu/h-x86_64-mingw32/bin/../lib/gcc/nios2-elf/5.3.0/../../../../../H-x86_64-mingw32/nios2-elf/lib\libc.a(lib_a-strlen.o)
 .bss           0x000000000804ab54        0x0 c:/programmes/fpga/nios2eds/bin/gnu/h-x86_64-mingw32/bin/../lib/gcc/nios2-elf/5.3.0/../../../../../H-x86_64-mingw32/nios2-elf/lib\libc.a(lib_a-wbuf.o)
 .bss           0x000000000804ab54        0x0 c:/programmes/fpga/nios2eds/bin/gnu/h-x86_64-mingw32/bin/../lib/gcc/nios2-elf/5.3.0/../../../../../H-x86_64-mingw32/nios2-elf/lib\libc.a(lib_a-wsetup.o)
 .bss           0x000000000804ab54        0x0 c:/programmes/fpga/nios2eds/bin/gnu/h-x86_64-mingw32/bin/../lib/gcc/nios2-elf/5.3.0/../../../../../H-x86_64-mingw32/nios2-elf/lib\libc.a(lib_a-__atexit.o)
 .bss           0x000000000804ab54        0x0 c:/programmes/fpga/nios2eds/bin/gnu/h-x86_64-mingw32/bin/../lib/gcc/nios2-elf/5.3.0/../../../../../H-x86_64-mingw32/nios2-elf/lib\libc.a(lib_a-__call_atexit.o)
 .bss           0x000000000804ab54        0x0 c:/programmes/fpga/nios2eds/bin/gnu/h-x86_64-mingw32/bin/../lib/gcc/nios2-elf/5.3.0/../../../../../H-x86_64-mingw32/nios2-elf/lib\libc.a(lib_a-fflush.o)
 .bss           0x000000000804ab54        0x0 c:/programmes/fpga/nios2eds/bin/gnu/h-x86_64-mingw32/bin/../lib/gcc/nios2-elf/5.3.0/../../../../../H-x86_64-mingw32/nios2-elf/lib\libc.a(lib_a-findfp.o)
 .bss           0x000000000804ab54        0x0 c:/programmes/fpga/nios2eds/bin/gnu/h-x86_64-mingw32/bin/../lib/gcc/nios2-elf/5.3.0/../../../../../H-x86_64-mingw32/nios2-elf/lib\libc.a(lib_a-freer.o)
 .bss           0x000000000804ab54        0x0 c:/programmes/fpga/nios2eds/bin/gnu/h-x86_64-mingw32/bin/../lib/gcc/nios2-elf/5.3.0/../../../../../H-x86_64-mingw32/nios2-elf/lib\libc.a(lib_a-fwalk.o)
 .bss           0x000000000804ab54        0x0 c:/programmes/fpga/nios2eds/bin/gnu/h-x86_64-mingw32/bin/../lib/gcc/nios2-elf/5.3.0/../../../../../H-x86_64-mingw32/nios2-elf/lib\libc.a(lib_a-makebuf.o)
 .bss           0x000000000804ab54        0x0 c:/programmes/fpga/nios2eds/bin/gnu/h-x86_64-mingw32/bin/../lib/gcc/nios2-elf/5.3.0/../../../../../H-x86_64-mingw32/nios2-elf/lib\libc.a(lib_a-mallocr.o)
 .bss.__malloc_current_mallinfo
                0x000000000804ab54       0x28 c:/programmes/fpga/nios2eds/bin/gnu/h-x86_64-mingw32/bin/../lib/gcc/nios2-elf/5.3.0/../../../../../H-x86_64-mingw32/nios2-elf/lib\libc.a(lib_a-mallocr.o)
                0x000000000804ab54                __malloc_current_mallinfo
 .bss           0x000000000804ab7c        0x0 c:/programmes/fpga/nios2eds/bin/gnu/h-x86_64-mingw32/bin/../lib/gcc/nios2-elf/5.3.0/../../../../../H-x86_64-mingw32/nios2-elf/lib\libc.a(lib_a-memset.o)
 .bss           0x000000000804ab7c        0x0 c:/programmes/fpga/nios2eds/bin/gnu/h-x86_64-mingw32/bin/../lib/gcc/nios2-elf/5.3.0/../../../../../H-x86_64-mingw32/nios2-elf/lib\libc.a(lib_a-sbrkr.o)
 .bss           0x000000000804ab7c        0x0 c:/programmes/fpga/nios2eds/bin/gnu/h-x86_64-mingw32/bin/../lib/gcc/nios2-elf/5.3.0/../../../../../H-x86_64-mingw32/nios2-elf/lib\libc.a(lib_a-stdio.o)
 .bss           0x000000000804ab7c        0x0 c:/programmes/fpga/nios2eds/bin/gnu/h-x86_64-mingw32/bin/../lib/gcc/nios2-elf/5.3.0/../../../../../H-x86_64-mingw32/nios2-elf/lib\libc.a(lib_a-writer.o)
 .bss           0x000000000804ab7c        0x0 c:/programmes/fpga/nios2eds/bin/gnu/h-x86_64-mingw32/bin/../lib/gcc/nios2-elf/5.3.0/../../../../../H-x86_64-mingw32/nios2-elf/lib\libc.a(closer.o)
 .bss           0x000000000804ab7c        0x0 c:/programmes/fpga/nios2eds/bin/gnu/h-x86_64-mingw32/bin/../lib/gcc/nios2-elf/5.3.0/../../../../../H-x86_64-mingw32/nios2-elf/lib\libc.a(lib_a-fclose.o)
 .bss           0x000000000804ab7c        0x0 c:/programmes/fpga/nios2eds/bin/gnu/h-x86_64-mingw32/bin/../lib/gcc/nios2-elf/5.3.0/../../../../../H-x86_64-mingw32/nios2-elf/lib\libc.a(lib_a-fstatr.o)
 .bss           0x000000000804ab7c        0x0 c:/programmes/fpga/nios2eds/bin/gnu/h-x86_64-mingw32/bin/../lib/gcc/nios2-elf/5.3.0/../../../../../H-x86_64-mingw32/nios2-elf/lib\libc.a(lib_a-isattyr.o)
 .bss           0x000000000804ab7c        0x0 c:/programmes/fpga/nios2eds/bin/gnu/h-x86_64-mingw32/bin/../lib/gcc/nios2-elf/5.3.0/../../../../../H-x86_64-mingw32/nios2-elf/lib\libc.a(lib_a-lseekr.o)
 .bss           0x000000000804ab7c        0x0 c:/programmes/fpga/nios2eds/bin/gnu/h-x86_64-mingw32/bin/../lib/gcc/nios2-elf/5.3.0/../../../../../H-x86_64-mingw32/nios2-elf/lib\libc.a(lib_a-readr.o)
 .bss           0x000000000804ab7c        0x0 C:/Users/smail/Desktop/College/MA2/Real_Time_Embedded_Systems/final_projectCCC/sw/nios/project_bsp/\libhal_bsp.a(alt_exit.o)
 .bss           0x000000000804ab7c        0x0 C:/Users/smail/Desktop/College/MA2/Real_Time_Embedded_Systems/final_projectCCC/sw/nios/project_bsp/\libhal_bsp.a(alt_fstat.o)
 .bss           0x000000000804ab7c        0x0 C:/Users/smail/Desktop/College/MA2/Real_Time_Embedded_Systems/final_projectCCC/sw/nios/project_bsp/\libhal_bsp.a(alt_isatty.o)
 .bss           0x000000000804ab7c        0x0 C:/Users/smail/Desktop/College/MA2/Real_Time_Embedded_Systems/final_projectCCC/sw/nios/project_bsp/\libhal_bsp.a(alt_lseek.o)
 .bss           0x000000000804ab7c        0x0 C:/Users/smail/Desktop/College/MA2/Real_Time_Embedded_Systems/final_projectCCC/sw/nios/project_bsp/\libhal_bsp.a(alt_malloc_lock.o)
 .bss           0x000000000804ab7c        0x0 C:/Users/smail/Desktop/College/MA2/Real_Time_Embedded_Systems/final_projectCCC/sw/nios/project_bsp/\libhal_bsp.a(alt_read.o)
 .bss           0x000000000804ab7c        0x0 C:/Users/smail/Desktop/College/MA2/Real_Time_Embedded_Systems/final_projectCCC/sw/nios/project_bsp/\libhal_bsp.a(alt_sbrk.o)
 .bss           0x000000000804ab7c        0x0 C:/Users/smail/Desktop/College/MA2/Real_Time_Embedded_Systems/final_projectCCC/sw/nios/project_bsp/\libhal_bsp.a(alt_write.o)
 *(COMMON)
 COMMON         0x000000000804ab7c      0x100 C:/Users/smail/Desktop/College/MA2/Real_Time_Embedded_Systems/final_projectCCC/sw/nios/project_bsp/\libhal_bsp.a(alt_irq_handler.o)
                0x000000000804ab7c                alt_irq
                0x000000000804ac7c                . = ALIGN (0x4)
                0x000000000804ac7c                __bss_end = ABSOLUTE (.)

.new_sdram_controller_0
                0x0000000004000000        0x0 load address 0x000000000804ac7c
                [!provide]                        PROVIDE (_alt_partition_new_sdram_controller_0_start, ABSOLUTE (.))
 *(.new_sdram_controller_0 .new_sdram_controller_0. new_sdram_controller_0.*)
                0x0000000004000000                . = ALIGN (0x4)
                [!provide]                        PROVIDE (_alt_partition_new_sdram_controller_0_end, ABSOLUTE (.))
                [!provide]                        PROVIDE (_alt_partition_new_sdram_controller_0_load_addr, LOADADDR (.new_sdram_controller_0))

.onchip_memory2_0
                0x000000000804ac7c        0x0
                [!provide]                        PROVIDE (_alt_partition_onchip_memory2_0_start, ABSOLUTE (.))
 *(.onchip_memory2_0 .onchip_memory2_0. onchip_memory2_0.*)
                0x000000000804ac7c                . = ALIGN (0x4)
                [!provide]                        PROVIDE (_alt_partition_onchip_memory2_0_end, ABSOLUTE (.))
                0x000000000804ac7c                _end = ABSOLUTE (.)
                0x000000000804ac7c                end = ABSOLUTE (.)
                0x000000000804ac7c                __alt_stack_base = ABSOLUTE (.)
                [!provide]                        PROVIDE (_alt_partition_onchip_memory2_0_load_addr, LOADADDR (.onchip_memory2_0))

.stab
 *(.stab)

.stabstr
 *(.stabstr)

.stab.excl
 *(.stab.excl)

.stab.exclstr
 *(.stab.exclstr)

.stab.index
 *(.stab.index)

.stab.indexstr
 *(.stab.indexstr)

.comment        0x0000000000000000       0x23
 *(.comment)
 .comment       0x0000000000000000       0x23 obj/default/hello_world.o
                                         0x24 (size before relaxing)
 .comment       0x0000000000000023       0x24 c:/programmes/fpga/nios2eds/bin/gnu/h-x86_64-mingw32/bin/../lib/gcc/nios2-elf/5.3.0\libgcc.a(lib2-divmod.o)
 .comment       0x0000000000000023       0x24 c:/programmes/fpga/nios2eds/bin/gnu/h-x86_64-mingw32/bin/../lib/gcc/nios2-elf/5.3.0\libgcc.a(addsf3.o)
 .comment       0x0000000000000023       0x24 c:/programmes/fpga/nios2eds/bin/gnu/h-x86_64-mingw32/bin/../lib/gcc/nios2-elf/5.3.0\libgcc.a(lesf2.o)
 .comment       0x0000000000000023       0x24 c:/programmes/fpga/nios2eds/bin/gnu/h-x86_64-mingw32/bin/../lib/gcc/nios2-elf/5.3.0\libgcc.a(floatunsisf.o)
 .comment       0x0000000000000023       0x24 c:/programmes/fpga/nios2eds/bin/gnu/h-x86_64-mingw32/bin/../lib/gcc/nios2-elf/5.3.0\libgcc.a(_clzsi2.o)
 .comment       0x0000000000000023       0x24 c:/programmes/fpga/nios2eds/bin/gnu/h-x86_64-mingw32/bin/../lib/gcc/nios2-elf/5.3.0\libgcc.a(_clz.o)
 .comment       0x0000000000000023       0x24 c:/programmes/fpga/nios2eds/bin/gnu/h-x86_64-mingw32/bin/../lib/gcc/nios2-elf/5.3.0/../../../../../H-x86_64-mingw32/nios2-elf/lib\libc.a(lib_a-clock.o)
 .comment       0x0000000000000023       0x24 c:/programmes/fpga/nios2eds/bin/gnu/h-x86_64-mingw32/bin/../lib/gcc/nios2-elf/5.3.0/../../../../../H-x86_64-mingw32/nios2-elf/lib\libc.a(lib_a-impure.o)
 .comment       0x0000000000000023       0x24 c:/programmes/fpga/nios2eds/bin/gnu/h-x86_64-mingw32/bin/../lib/gcc/nios2-elf/5.3.0/../../../../../H-x86_64-mingw32/nios2-elf/lib\libc.a(lib_a-timesr.o)
 .comment       0x0000000000000023       0x24 C:/Users/smail/Desktop/College/MA2/Real_Time_Embedded_Systems/final_projectCCC/sw/nios/project_bsp/\libhal_bsp.a(alt_iic.o)
 .comment       0x0000000000000023       0x24 C:/Users/smail/Desktop/College/MA2/Real_Time_Embedded_Systems/final_projectCCC/sw/nios/project_bsp/\libhal_bsp.a(alt_iic_isr_register.o)
 .comment       0x0000000000000023       0x24 C:/Users/smail/Desktop/College/MA2/Real_Time_Embedded_Systems/final_projectCCC/sw/nios/project_bsp/\libhal_bsp.a(alt_irq_handler.o)
 .comment       0x0000000000000023       0x24 C:/Users/smail/Desktop/College/MA2/Real_Time_Embedded_Systems/final_projectCCC/sw/nios/project_bsp/\libhal_bsp.a(alt_irq_vars.o)
 .comment       0x0000000000000023       0x24 C:/Users/smail/Desktop/College/MA2/Real_Time_Embedded_Systems/final_projectCCC/sw/nios/project_bsp/\libhal_bsp.a(alt_load.o)
 .comment       0x0000000000000023       0x24 C:/Users/smail/Desktop/College/MA2/Real_Time_Embedded_Systems/final_projectCCC/sw/nios/project_bsp/\libhal_bsp.a(alt_main.o)
 .comment       0x0000000000000023       0x24 C:/Users/smail/Desktop/College/MA2/Real_Time_Embedded_Systems/final_projectCCC/sw/nios/project_bsp/\libhal_bsp.a(alt_printf.o)
 .comment       0x0000000000000023       0x24 C:/Users/smail/Desktop/College/MA2/Real_Time_Embedded_Systems/final_projectCCC/sw/nios/project_bsp/\libhal_bsp.a(alt_putchar.o)
 .comment       0x0000000000000023       0x24 C:/Users/smail/Desktop/College/MA2/Real_Time_Embedded_Systems/final_projectCCC/sw/nios/project_bsp/\libhal_bsp.a(alt_times.o)
 .comment       0x0000000000000023       0x24 C:/Users/smail/Desktop/College/MA2/Real_Time_Embedded_Systems/final_projectCCC/sw/nios/project_bsp/\libhal_bsp.a(alt_sys_init.o)
 .comment       0x0000000000000023       0x24 C:/Users/smail/Desktop/College/MA2/Real_Time_Embedded_Systems/final_projectCCC/sw/nios/project_bsp/\libhal_bsp.a(altera_avalon_jtag_uart_fd.o)
 .comment       0x0000000000000023       0x24 C:/Users/smail/Desktop/College/MA2/Real_Time_Embedded_Systems/final_projectCCC/sw/nios/project_bsp/\libhal_bsp.a(altera_avalon_jtag_uart_init.o)
 .comment       0x0000000000000023       0x24 C:/Users/smail/Desktop/College/MA2/Real_Time_Embedded_Systems/final_projectCCC/sw/nios/project_bsp/\libhal_bsp.a(altera_avalon_jtag_uart_ioctl.o)
 .comment       0x0000000000000023       0x24 C:/Users/smail/Desktop/College/MA2/Real_Time_Embedded_Systems/final_projectCCC/sw/nios/project_bsp/\libhal_bsp.a(altera_avalon_jtag_uart_read.o)
 .comment       0x0000000000000023       0x24 C:/Users/smail/Desktop/College/MA2/Real_Time_Embedded_Systems/final_projectCCC/sw/nios/project_bsp/\libhal_bsp.a(altera_avalon_jtag_uart_write.o)
 .comment       0x0000000000000023       0x24 C:/Users/smail/Desktop/College/MA2/Real_Time_Embedded_Systems/final_projectCCC/sw/nios/project_bsp/\libhal_bsp.a(altera_avalon_timer_sc.o)
 .comment       0x0000000000000023       0x24 C:/Users/smail/Desktop/College/MA2/Real_Time_Embedded_Systems/final_projectCCC/sw/nios/project_bsp/\libhal_bsp.a(altera_up_avalon_audio.o)
 .comment       0x0000000000000023       0x24 C:/Users/smail/Desktop/College/MA2/Real_Time_Embedded_Systems/final_projectCCC/sw/nios/project_bsp/\libhal_bsp.a(altera_up_avalon_audio_and_video_config.o)
 .comment       0x0000000000000023       0x24 C:/Users/smail/Desktop/College/MA2/Real_Time_Embedded_Systems/final_projectCCC/sw/nios/project_bsp/\libhal_bsp.a(alt_alarm_start.o)
 .comment       0x0000000000000023       0x24 C:/Users/smail/Desktop/College/MA2/Real_Time_Embedded_Systems/final_projectCCC/sw/nios/project_bsp/\libhal_bsp.a(alt_close.o)
 .comment       0x0000000000000023       0x24 C:/Users/smail/Desktop/College/MA2/Real_Time_Embedded_Systems/final_projectCCC/sw/nios/project_bsp/\libhal_bsp.a(alt_dcache_flush_all.o)
 .comment       0x0000000000000023       0x24 C:/Users/smail/Desktop/College/MA2/Real_Time_Embedded_Systems/final_projectCCC/sw/nios/project_bsp/\libhal_bsp.a(alt_dev.o)
 .comment       0x0000000000000023       0x24 C:/Users/smail/Desktop/College/MA2/Real_Time_Embedded_Systems/final_projectCCC/sw/nios/project_bsp/\libhal_bsp.a(alt_dev_llist_insert.o)