Archive member included to satisfy reference by file (symbol)

c:/intelfpga_lite/18.1/nios2eds/bin/gnu/h-x86_64-mingw32/bin/../lib/gcc/nios2-elf/5.3.0\libgcc.a(lib2-divmod.o)
                              obj/default/hello_world.o (__udivsi3)
c:/intelfpga_lite/18.1/nios2eds/bin/gnu/h-x86_64-mingw32/bin/../lib/gcc/nios2-elf/5.3.0\libgcc.a(addsf3.o)
                              obj/default/hello_world.o (__addsf3)
c:/intelfpga_lite/18.1/nios2eds/bin/gnu/h-x86_64-mingw32/bin/../lib/gcc/nios2-elf/5.3.0\libgcc.a(lesf2.o)
                              obj/default/hello_world.o (__ltsf2)
c:/intelfpga_lite/18.1/nios2eds/bin/gnu/h-x86_64-mingw32/bin/../lib/gcc/nios2-elf/5.3.0\libgcc.a(floatunsisf.o)
                              obj/default/hello_world.o (__floatunsisf)
c:/intelfpga_lite/18.1/nios2eds/bin/gnu/h-x86_64-mingw32/bin/../lib/gcc/nios2-elf/5.3.0\libgcc.a(_clzsi2.o)
                              c:/intelfpga_lite/18.1/nios2eds/bin/gnu/h-x86_64-mingw32/bin/../lib/gcc/nios2-elf/5.3.0\libgcc.a(addsf3.o) (__clzsi2)
c:/intelfpga_lite/18.1/nios2eds/bin/gnu/h-x86_64-mingw32/bin/../lib/gcc/nios2-elf/5.3.0\libgcc.a(_clz.o)
                              c:/intelfpga_lite/18.1/nios2eds/bin/gnu/h-x86_64-mingw32/bin/../lib/gcc/nios2-elf/5.3.0\libgcc.a(_clzsi2.o) (__clz_tab)
c:/intelfpga_lite/18.1/nios2eds/bin/gnu/h-x86_64-mingw32/bin/../lib/gcc/nios2-elf/5.3.0/../../../../../H-x86_64-mingw32/nios2-elf/lib\libc.a(lib_a-clock.o)
                              obj/default/hello_world.o (clock)
c:/intelfpga_lite/18.1/nios2eds/bin/gnu/h-x86_64-mingw32/bin/../lib/gcc/nios2-elf/5.3.0/../../../../../H-x86_64-mingw32/nios2-elf/lib\libc.a(lib_a-impure.o)
                              c:/intelfpga_lite/18.1/nios2eds/bin/gnu/h-x86_64-mingw32/bin/../lib/gcc/nios2-elf/5.3.0/../../../../../H-x86_64-mingw32/nios2-elf/lib\libc.a(lib_a-clock.o) (_impure_ptr)
c:/intelfpga_lite/18.1/nios2eds/bin/gnu/h-x86_64-mingw32/bin/../lib/gcc/nios2-elf/5.3.0/../../../../../H-x86_64-mingw32/nios2-elf/lib\libc.a(lib_a-timesr.o)
                              c:/intelfpga_lite/18.1/nios2eds/bin/gnu/h-x86_64-mingw32/bin/../lib/gcc/nios2-elf/5.3.0/../../../../../H-x86_64-mingw32/nios2-elf/lib\libc.a(lib_a-clock.o) (_times_r)
../final_proj_bsp/\libhal_bsp.a(alt_iic.o)
                              obj/default/hello_world.o (alt_ic_isr_register)
../final_proj_bsp/\libhal_bsp.a(alt_iic_isr_register.o)
                              ../final_proj_bsp/\libhal_bsp.a(alt_iic.o) (alt_iic_isr_register)
../final_proj_bsp/\libhal_bsp.a(alt_irq_entry.o)
                              ../final_proj_bsp/\libhal_bsp.a(alt_iic_isr_register.o) (alt_irq_entry)
../final_proj_bsp/\libhal_bsp.a(alt_irq_handler.o)
                              ../final_proj_bsp/\libhal_bsp.a(alt_iic_isr_register.o) (alt_irq)
../final_proj_bsp/\libhal_bsp.a(alt_irq_vars.o)
                              ../final_proj_bsp/\libhal_bsp.a(alt_iic.o) (alt_irq_active)
../final_proj_bsp/\libhal_bsp.a(alt_load.o)
                              ../final_proj_bsp//obj/HAL/src/crt0.o (alt_load)
../final_proj_bsp/\libhal_bsp.a(alt_main.o)
                              ../final_proj_bsp//obj/HAL/src/crt0.o (alt_main)
../final_proj_bsp/\libhal_bsp.a(alt_printf.o)
                              obj/default/hello_world.o (alt_printf)
../final_proj_bsp/\libhal_bsp.a(alt_putchar.o)
                              ../final_proj_bsp/\libhal_bsp.a(alt_printf.o) (alt_putchar)
../final_proj_bsp/\libhal_bsp.a(alt_times.o)
                              c:/intelfpga_lite/18.1/nios2eds/bin/gnu/h-x86_64-mingw32/bin/../lib/gcc/nios2-elf/5.3.0/../../../../../H-x86_64-mingw32/nios2-elf/lib\libc.a(lib_a-timesr.o) (times)
../final_proj_bsp/\libhal_bsp.a(alt_sys_init.o)
                              ../final_proj_bsp/\libhal_bsp.a(alt_main.o) (alt_irq_init)
../final_proj_bsp/\libhal_bsp.a(altera_avalon_jtag_uart_fd.o)
                              ../final_proj_bsp/\libhal_bsp.a(alt_sys_init.o) (altera_avalon_jtag_uart_read_fd)
../final_proj_bsp/\libhal_bsp.a(altera_avalon_jtag_uart_init.o)
                              ../final_proj_bsp/\libhal_bsp.a(alt_sys_init.o) (altera_avalon_jtag_uart_init)
../final_proj_bsp/\libhal_bsp.a(altera_avalon_jtag_uart_ioctl.o)
                              ../final_proj_bsp/\libhal_bsp.a(altera_avalon_jtag_uart_fd.o) (altera_avalon_jtag_uart_ioctl)
../final_proj_bsp/\libhal_bsp.a(altera_avalon_jtag_uart_read.o)
                              ../final_proj_bsp/\libhal_bsp.a(altera_avalon_jtag_uart_fd.o) (altera_avalon_jtag_uart_read)
../final_proj_bsp/\libhal_bsp.a(altera_avalon_jtag_uart_write.o)
                              ../final_proj_bsp/\libhal_bsp.a(altera_avalon_jtag_uart_fd.o) (altera_avalon_jtag_uart_write)
../final_proj_bsp/\libhal_bsp.a(altera_avalon_timer_sc.o)
                              ../final_proj_bsp/\libhal_bsp.a(alt_sys_init.o) (alt_avalon_timer_sc_init)
../final_proj_bsp/\libhal_bsp.a(altera_up_avalon_audio.o)
[...]
Memory Configuration

Name             Origin             Length             Attributes
new_sdram_controller_0 0x0000000004000000 0x0000000004000000
reset            0x0000000008040000 0x0000000000000020
onchip_memory2_0 0x0000000008040020 0x000000000003ffe0
*default*        0x0000000000000000 0xffffffffffffffff

Linker script and memory map

LOAD ../final_proj_bsp//obj/HAL/src/crt0.o
LOAD obj/default/hello_world.o
LOAD c:/intelfpga_lite/18.1/nios2eds/bin/gnu/h-x86_64-mingw32/bin/../lib/gcc/nios2-elf/5.3.0/../../../../../H-x86_64-mingw32/nios2-elf/lib\libstdc++.a
LOAD c:/intelfpga_lite/18.1/nios2eds/bin/gnu/h-x86_64-mingw32/bin/../lib/gcc/nios2-elf/5.3.0/../../../../../H-x86_64-mingw32/nios2-elf/lib\libm.a
LOAD c:/intelfpga_lite/18.1/nios2eds/bin/gnu/h-x86_64-mingw32/bin/../lib/gcc/nios2-elf/5.3.0\libgcc.a
START GROUP
LOAD c:/intelfpga_lite/18.1/nios2eds/bin/gnu/h-x86_64-mingw32/bin/../lib/gcc/nios2-elf/5.3.0/../../../../../H-x86_64-mingw32/nios2-elf/lib\libc.a
LOAD c:/intelfpga_lite/18.1/nios2eds/bin/gnu/h-x86_64-mingw32/bin/../lib/gcc/nios2-elf/5.3.0\libgcc.a
LOAD ../final_proj_bsp/\libhal_bsp.a
LOAD c:/intelfpga_lite/18.1/nios2eds/bin/gnu/h-x86_64-mingw32/bin/../lib/gcc/nios2-elf/5.3.0/../../../../../H-x86_64-mingw32/nios2-elf/lib\libm.a
END GROUP
LOAD c:/intelfpga_lite/18.1/nios2eds/bin/gnu/h-x86_64-mingw32/bin/../lib/gcc/nios2-elf/5.3.0\libgcc.a
                0x0000000004000000                __alt_mem_new_sdram_controller_0 = 0x4000000
                0x0000000008040000                __alt_mem_onchip_memory2_0 = 0x8040000

.entry          0x0000000008040000       0x20
 *(.entry)
 .entry         0x0000000008040000       0x20 ../final_proj_bsp//obj/HAL/src/crt0.o
                0x0000000008040000                __reset

.exceptions     0x0000000008040020      0x224
                0x0000000008040020                PROVIDE (__ram_exceptions_start, ABSOLUTE (.))
                0x0000000008040020                . = ALIGN (0x20)
 *(.irq)
 *(.exceptions.entry.label)
 .exceptions.entry.label
                0x0000000008040020        0x0 ../final_proj_bsp/\libhal_bsp.a(alt_irq_entry.o)
                0x0000000008040020                alt_irq_entry
 .exceptions.entry.label
                0x0000000008040020        0x0 ../final_proj_bsp/\libhal_bsp.a(alt_exception_entry.o)
                0x0000000008040020                alt_exception
 *(.exceptions.entry.user)
 *(.exceptions.entry.ecc_fatal)
 *(.exceptions.entry)
 .exceptions.entry
                0x0000000008040020       0x54 ../final_proj_bsp/\libhal_bsp.a(alt_exception_entry.o)
 *(.exceptions.irqtest.user)
 *(.exceptions.irqtest)
 .exceptions.irqtest
                0x0000000008040074       0x10 ../final_proj_bsp/\libhal_bsp.a(alt_irq_entry.o)
 *(.exceptions.irqhandler.user)
 *(.exceptions.irqhandler)
 .exceptions.irqhandler
                0x0000000008040084        0x4 ../final_proj_bsp/\libhal_bsp.a(alt_irq_entry.o)
 *(.exceptions.irqreturn.user)
 *(.exceptions.irqreturn)
 .exceptions.irqreturn
                0x0000000008040088        0x4 ../final_proj_bsp/\libhal_bsp.a(alt_irq_entry.o)
 *(.exceptions.notirq.label)
 .exceptions.notirq.label
                0x000000000804008c        0x0 ../final_proj_bsp/\libhal_bsp.a(alt_irq_entry.o)
 *(.exceptions.notirq.user)
 *(.exceptions.notirq)
 .exceptions.notirq
                0x000000000804008c        0x8 ../final_proj_bsp/\libhal_bsp.a(alt_exception_entry.o)
 *(.exceptions.soft.user)
 *(.exceptions.soft)
 *(.exceptions.unknown.user)
 *(.exceptions.unknown)
 .exceptions.unknown
                0x0000000008040094       0x14 ../final_proj_bsp/\libhal_bsp.a(alt_exception_entry.o)
 *(.exceptions.exit.label)
 .exceptions.exit.label
                0x00000000080400a8        0x0 ../final_proj_bsp/\libhal_bsp.a(alt_irq_entry.o)
 .exceptions.exit.label
                0x00000000080400a8        0x0 ../final_proj_bsp/\libhal_bsp.a(alt_exception_entry.o)
 *(.exceptions.exit.user)
 *(.exceptions.exit)
 .exceptions.exit
                0x00000000080400a8       0x54 ../final_proj_bsp/\libhal_bsp.a(alt_exception_entry.o)
 *(.exceptions)
 .exceptions    0x00000000080400fc       0xd4 ../final_proj_bsp/\libhal_bsp.a(alt_irq_handler.o)
                0x00000000080400fc                alt_irq_handler
 .exceptions    0x00000000080401d0       0x74 ../final_proj_bsp/\libhal_bsp.a(alt_instruction_exception_entry.o)
                0x00000000080401d0                alt_instruction_exception_entry
                0x0000000008040244                PROVIDE (__ram_exceptions_end, ABSOLUTE (.))
                0x0000000008040020                PROVIDE (__flash_exceptions_start, LOADADDR (.exceptions))

.text           0x0000000008040244     0x6e30
                [!provide]                        PROVIDE (stext, ABSOLUTE (.))
 *(.interp)
 *(.hash)
 *(.dynsym)
 *(.dynstr)
 *(.gnu.version)
 *(.gnu.version_d)
 *(.gnu.version_r)
 *(.rel.init)
 *(.rela.init)
 *(.rel.text .rel.text.* .rel.gnu.linkonce.t.*)
 *(.rela.text .rela.text.* .rela.gnu.linkonce.t.*)
 *(.rel.fini)
 *(.rela.fini)
 *(.rel.rodata .rel.rodata.* .rel.gnu.linkonce.r.*)
 *(.rela.rodata .rela.rodata.* .rela.gnu.linkonce.r.*)
 *(.rel.data .rel.data.* .rel.gnu.linkonce.d.*)
 *(.rela.data .rela.data.* .rela.gnu.linkonce.d.*)
 *(.rel.tdata .rel.tdata.* .rel.gnu.linkonce.td.*)
 *(.rela.tdata .rela.tdata.* .rela.gnu.linkonce.td.*)
 *(.rel.tbss .rel.tbss.* .rel.gnu.linkonce.tb.*)
 *(.rela.tbss .rela.tbss.* .rela.gnu.linkonce.tb.*)
 *(.rel.ctors)
 *(.rela.ctors)
 *(.rel.dtors)
 *(.rela.dtors)
 *(.rel.got)
 *(.rela.got)
 *(.rel.sdata .rel.sdata.* .rel.gnu.linkonce.s.*)
 *(.rela.sdata .rela.sdata.* .rela.gnu.linkonce.s.*)
 *(.rel.sbss .rel.sbss.* .rel.gnu.linkonce.sb.*)
 *(.rela.sbss .rela.sbss.* .rela.gnu.linkonce.sb.*)
 *(.rel.sdata2 .rel.sdata2.* .rel.gnu.linkonce.s2.*)
 *(.rela.sdata2 .rela.sdata2.* .rela.gnu.linkonce.s2.*)
 *(.rel.sbss2 .rel.sbss2.* .rel.gnu.linkonce.sb2.*)
 *(.rela.sbss2 .rela.sbss2.* .rela.gnu.linkonce.sb2.*)
 *(.rel.bss .rel.bss.* .rel.gnu.linkonce.b.*)
 *(.rela.bss .rela.bss.* .rela.gnu.linkonce.b.*)
 *(.rel.plt)
 *(.rela.plt)
 *(.rel.dyn)
 *(.init)
 *(.plt)
 *(.text .stub .text.* .gnu.linkonce.t.*)
 .text          0x0000000008040244       0x4c ../final_proj_bsp//obj/HAL/src/crt0.o
                0x0000000008040244                _start
 .text          0x0000000008040290      0x9c4 obj/default/hello_world.o
                0x0000000008040290                delay
                0x0000000008040310                record
                0x0000000008040458                combined_play
                0x00000000080405d8                play
                0x00000000080406bc                effects_isr
                0x000000000804072c                recording_isr
                0x0000000008040860                main
 .text          0x0000000008040c54      0x1b4 c:/intelfpga_lite/18.1/nios2eds/bin/gnu/h-x86_64-mingw32/bin/../lib/gcc/nios2-elf/5.3.0\libgcc.a(lib2-divmod.o)
                0x0000000008040c54                __divsi3
                0x0000000008040cd8                __modsi3
                0x0000000008040d4c                __udivsi3
                0x0000000008040db0                __umodsi3
 .text          0x0000000008040e08      0x4c8 c:/intelfpga_lite/18.1/nios2eds/bin/gnu/h-x86_64-mingw32/bin/../lib/gcc/nios2-elf/5.3.0\libgcc.a(addsf3.o)
                0x0000000008040e08                __addsf3
 .text          0x00000000080412d0       0xc8 c:/intelfpga_lite/18.1/nios2eds/bin/gnu/h-x86_64-mingw32/bin/../lib/gcc/nios2-elf/5.3.0\libgcc.a(lesf2.o)
                0x00000000080412d0                __ltsf2
                0x00000000080412d0                __lesf2
 .text          0x0000000008041398       0xf0 c:/intelfpga_lite/18.1/nios2eds/bin/gnu/h-x86_64-mingw32/bin/../lib/gcc/nios2-elf/5.3.0\libgcc.a(floatunsisf.o)
                0x0000000008041398                __floatunsisf
 .text          0x0000000008041488       0x64 c:/intelfpga_lite/18.1/nios2eds/bin/gnu/h-x86_64-mingw32/bin/../lib/gcc/nios2-elf/5.3.0\libgcc.a(_clzsi2.o)
                0x0000000008041488                __clzsi2
 .text          0x00000000080414ec        0x0 c:/intelfpga_lite/18.1/nios2eds/bin/gnu/h-x86_64-mingw32/bin/../lib/gcc/nios2-elf/5.3.0\libgcc.a(_clz.o)
 .text          0x00000000080414ec        0x0 c:/intelfpga_lite/18.1/nios2eds/bin/gnu/h-x86_64-mingw32/bin/../lib/gcc/nios2-elf/5.3.0/../../../../../H-x86_64-mingw32/nios2-elf/lib\libc.a(lib_a-clock.o)
 .text.clock    0x00000000080414ec       0x4c c:/intelfpga_lite/18.1/nios2eds/bin/gnu/h-x86_64-mingw32/bin/../lib/gcc/nios2-elf/5.3.0/../../../../../H-x86_64-mingw32/nios2-elf/lib\libc.a(lib_a-clock.o)
                0x00000000080414ec                clock
 .text          0x0000000008041538        0x0 c:/intelfpga_lite/18.1/nios2eds/bin/gnu/h-x86_64-mingw32/bin/../lib/gcc/nios2-elf/5.3.0/../../../../../H-x86_64-mingw32/nios2-elf/lib\libc.a(lib_a-impure.o)
 .text          0x0000000008041538        0x0 c:/intelfpga_lite/18.1/nios2eds/bin/gnu/h-x86_64-mingw32/bin/../lib/gcc/nios2-elf/5.3.0/../../../../../H-x86_64-mingw32/nios2-elf/lib\libc.a(lib_a-timesr.o)
 .text._times_r
                0x0000000008041538        0x8 c:/intelfpga_lite/18.1/nios2eds/bin/gnu/h-x86_64-mingw32/bin/../lib/gcc/nios2-elf/5.3.0/../../../../../H-x86_64-mingw32/nios2-elf/lib\libc.a(lib_a-timesr.o)
                0x0000000008041538                _times_r
 .text          0x0000000008041540      0x1b0 ../final_proj_bsp/\libhal_bsp.a(alt_iic.o)
                0x0000000008041540                alt_ic_isr_register
                0x0000000008041590                alt_ic_irq_enable
                0x0000000008041618                alt_ic_irq_disable
                0x00000000080416a4                alt_ic_irq_enabled
 .text          0x00000000080416f0       0xf0 ../final_proj_bsp/\libhal_bsp.a(alt_iic_isr_register.o)
                0x00000000080416f0                alt_iic_isr_register
 .text          0x00000000080417e0        0x0 ../final_proj_bsp/\libhal_bsp.a(alt_irq_entry.o)
 .text          0x00000000080417e0        0x0 ../final_proj_bsp/\libhal_bsp.a(alt_irq_handler.o)
 .text          0x00000000080417e0        0x0 ../final_proj_bsp/\libhal_bsp.a(alt_irq_vars.o)
 .text          0x00000000080417e0       0xec ../final_proj_bsp/\libhal_bsp.a(alt_load.o)
                0x0000000008041848                alt_load
 .text          0x00000000080418cc       0x7c ../final_proj_bsp/\libhal_bsp.a(alt_main.o)
                0x00000000080418cc                alt_main
 .text          0x0000000008041948      0x22c ../final_proj_bsp/\libhal_bsp.a(alt_printf.o)
                0x0000000008041948                alt_printf
 .text          0x0000000008041b74       0x3c ../final_proj_bsp/\libhal_bsp.a(alt_putchar.o)
                0x0000000008041b74                alt_putchar
 .text          0x0000000008041bb0       0xb4 ../final_proj_bsp/\libhal_bsp.a(alt_times.o)
                0x0000000008041bec                times
 .text          0x0000000008041c64       0xf4 ../final_proj_bsp/\libhal_bsp.a(alt_sys_init.o)
                0x0000000008041c98                alt_irq_init
                0x0000000008041cd0                alt_sys_init
 .text          0x0000000008041d58      0x164 ../final_proj_bsp/\libhal_bsp.a(altera_avalon_jtag_uart_fd.o)
                0x0000000008041d58                altera_avalon_jtag_uart_read_fd
                0x0000000008041db8                altera_avalon_jtag_uart_write_fd
                0x0000000008041e18                altera_avalon_jtag_uart_close_fd
                0x0000000008041e68                altera_avalon_jtag_uart_ioctl_fd
 .text          0x0000000008041ebc      0x3d4 ../final_proj_bsp/\libhal_bsp.a(altera_avalon_jtag_uart_init.o)
                0x0000000008041ebc                altera_avalon_jtag_uart_init
                0x0000000008042228                altera_avalon_jtag_uart_close
 .text          0x0000000008042290       0xf0 ../final_proj_bsp/\libhal_bsp.a(altera_avalon_jtag_uart_ioctl.o)
                0x0000000008042290                altera_avalon_jtag_uart_ioctl
 .text          0x0000000008042380      0x21c ../final_proj_bsp/\libhal_bsp.a(altera_avalon_jtag_uart_read.o)
                0x0000000008042380                altera_avalon_jtag_uart_read
 .text          0x000000000804259c      0x224 ../final_proj_bsp/\libhal_bsp.a(altera_avalon_jtag_uart_write.o)
                0x000000000804259c                altera_avalon_jtag_uart_write
 .text          0x00000000080427c0       0xf4 ../final_proj_bsp/\libhal_bsp.a(altera_avalon_timer_sc.o)
                0x0000000008042838                alt_avalon_timer_sc_init
 .text          0x00000000080428b4      0x7a8 ../final_proj_bsp/\libhal_bsp.a(altera_up_avalon_audio.o)
                0x00000000080428b4                alt_up_audio_open_dev
                0x00000000080428f0                alt_up_audio_enable_read_interrupt
                0x0000000008042944                alt_up_audio_disable_read_interrupt
                0x000000000804299c                alt_up_audio_enable_write_interrupt
                0x00000000080429f0                alt_up_audio_disable_write_interrupt
                0x0000000008042a48                alt_up_audio_read_interrupt_pending
                0x0000000008042a88                alt_up_audio_write_interrupt_pending
                0x0000000008042ac8                alt_up_audio_reset_audio_core
                0x0000000008042b5c                alt_up_audio_read_fifo_avail
                0x0000000008042bbc                alt_up_audio_record_r
                0x0000000008042c24                alt_up_audio_record_l
                0x0000000008042c8c                alt_up_audio_write_fifo_space
                0x0000000008042cec                alt_up_audio_play_r
                0x0000000008042d54                alt_up_audio_play_l
                0x0000000008042dbc                alt_up_audio_read_fifo
                0x0000000008042e9c                alt_up_audio_write_fifo
                0x0000000008042fa4                alt_up_audio_read_fifo_head
                0x0000000008042ff4                alt_up_audio_write_fifo_head
 .text          0x000000000804305c      0x6fc ../final_proj_bsp/\libhal_bsp.a(altera_up_avalon_audio_and_video_config.o)
                0x000000000804305c                alt_up_av_config_open_dev
                0x00000000080430bc                alt_up_av_config_write_data
                0x0000000008043120                alt_up_av_config_read_data
                0x00000000080431a0                alt_up_av_config_reset
                0x00000000080431d8                alt_up_av_config_enable_interrupt
                0x0000000008043210                alt_up_av_config_disable_interrupt
                0x0000000008043244                alt_up_av_config_read_acknowledge
                0x000000000804329c                alt_up_av_config_read_ready
                0x00000000080432d4                alt_up_av_config_write_audio_cfg_register
                0x0000000008043378                alt_up_av_config_read_video_cfg_register
                0x0000000008043460                alt_up_av_config_write_video_cfg_register
                0x0000000008043548                alt_up_av_config_read_DC2_cfg_register
                0x00000000080435a0                alt_up_av_config_write_DC2_cfg_register
                0x00000000080435f8                alt_up_av_config_read_D5M_cfg_register
                0x0000000008043650                alt_up_av_config_write_D5M_cfg_register
                0x00000000080436a8                alt_up_av_config_read_LTM_cfg_register
                0x0000000008043700                alt_up_av_config_write_LTM_cfg_register
 .text          0x0000000008043758      0x12c ../final_proj_bsp/\libhal_bsp.a(alt_alarm_start.o)
                0x0000000008043758                alt_alarm_start
 .text          0x0000000008043884      0x10c ../final_proj_bsp/\libhal_bsp.a(alt_close.o)
                0x00000000080438c0                close
 .text          0x0000000008043990       0x48 ../final_proj_bsp/\libhal_bsp.a(alt_dcache_flush_all.o)
                0x0000000008043990                alt_dcache_flush_all
 .text          0x00000000080439d8       0x2c ../final_proj_bsp/\libhal_bsp.a(alt_dev.o)
 .text          0x0000000008043a04       0xe0 ../final_proj_bsp/\libhal_bsp.a(alt_dev_llist_insert.o)
                0x0000000008043a40                alt_dev_llist_insert
 .text          0x0000000008043ae4       0x60 ../final_proj_bsp/\libhal_bsp.a(alt_do_ctors.o)
                0x0000000008043ae4                _do_ctors
 .text          0x0000000008043b44       0x60 ../final_proj_bsp/\libhal_bsp.a(alt_do_dtors.o)
                0x0000000008043b44                _do_dtors
 .text          0x0000000008043ba4        0x0 ../final_proj_bsp/\libhal_bsp.a(alt_errno.o)
 .text          0x0000000008043ba4        0x0 ../final_proj_bsp/\libhal_bsp.a(alt_exception_entry.o)
 .text          0x0000000008043ba4       0x90 ../final_proj_bsp/\libhal_bsp.a(alt_find_dev.o)
                0x0000000008043ba4                alt_find_dev
 .text          0x0000000008043c34       0x34 ../final_proj_bsp/\libhal_bsp.a(alt_icache_flush_all.o)
                0x0000000008043c34                alt_icache_flush_all
 .text          0x0000000008043c68       0x9c ../final_proj_bsp/\libhal_bsp.a(alt_instruction_exception_entry.o)
                0x0000000008043c68                alt_exception_cause_generated_bad_addr
 .text          0x0000000008043d04      0x140 ../final_proj_bsp/\libhal_bsp.a(alt_io_redirect.o)
                0x0000000008043dc8                alt_io_redirect
 .text          0x0000000008043e44      0x254 ../final_proj_bsp/\libhal_bsp.a(alt_open.o)
                0x0000000008043f44                open
 .text          0x0000000008044098       0x64 ../final_proj_bsp/\libhal_bsp.a(alt_release_fd.o)
                0x0000000008044098                alt_release_fd
 .text          0x00000000080440fc      0x1a4 ../final_proj_bsp/\libhal_bsp.a(alt_tick.o)
                0x00000000080440fc                alt_alarm_stop
                0x0000000008044198                alt_tick
 .text          0x00000000080442a0       0x24 ../final_proj_bsp/\libhal_bsp.a(altera_nios2_gen2_irq.o)
                0x00000000080442a0                altera_nios2_gen2_irq_init
 .text          0x00000000080442c4      0x108 ../final_proj_bsp/\libhal_bsp.a(alt_find_file.o)
                0x00000000080442c4                alt_find_file
 .text          0x00000000080443cc       0xa4 ../final_proj_bsp/\libhal_bsp.a(alt_get_fd.o)
                0x00000000080443cc                alt_get_fd
 .text          0x0000000008044470       0x90 ../final_proj_bsp/\libhal_bsp.a(alt_icache_flush.o)
                0x0000000008044470                alt_icache_flush
 .text          0x0000000008044500        0x0 c:/intelfpga_lite/18.1/nios2eds/bin/gnu/h-x86_64-mingw32/bin/../lib/gcc/nios2-elf/5.3.0/../../../../../H-x86_64-mingw32/nios2-elf/lib\libc.a(lib_a-atexit.o)
 .text.atexit   0x0000000008044500       0x14 c:/intelfpga_lite/18.1/nios2eds/bin/gnu/h-x86_64-mingw32/bin/../lib/gcc/nios2-elf/5.3.0/../../../../../H-x86_64-mingw32/nios2-elf/lib\libc.a(lib_a-atexit.o)
                0x0000000008044500                atexit
 .text          0x0000000008044514        0x0 c:/intelfpga_lite/18.1/nios2eds/bin/gnu/h-x86_64-mingw32/bin/../lib/gcc/nios2-elf/5.3.0/../../../../../H-x86_64-mingw32/nios2-elf/lib\libc.a(lib_a-exit.o)
 .text.exit     0x0000000008044514       0x38 c:/intelfpga_lite/18.1/nios2eds/bin/gnu/h-x86_64-mingw32/bin/../lib/gcc/nios2-elf/5.3.0/../../../../../H-x86_64-mingw32/nios2-elf/lib\libc.a(lib_a-exit.o)
                0x0000000008044514                exit
 .text          0x000000000804454c        0x0 c:/intelfpga_lite/18.1/nios2eds/bin/gnu/h-x86_64-mingw32/bin/../lib/gcc/nios2-elf/5.3.0/../../../../../H-x86_64-mingw32/nios2-elf/lib\libc.a(lib_a-int_errno.o)
 .text          0x000000000804454c        0x0 c:/intelfpga_lite/18.1/nios2eds/bin/gnu/h-x86_64-mingw32/bin/../lib/gcc/nios2-elf/5.3.0/../../../../../H-x86_64-mingw32/nios2-elf/lib\libc.a(lib_a-memcmp.o)
 .text.memcmp   0x000000000804454c       0x7c c:/intelfpga_lite/18.1/nios2eds/bin/gnu/h-x86_64-mingw32/bin/../lib/gcc/nios2-elf/5.3.0/../../../../../H-x86_64-mingw32/nios2-elf/lib\libc.a(lib_a-memcmp.o)
                0x000000000804454c                memcmp
 .text          0x00000000080445c8        0x0 c:/intelfpga_lite/18.1/nios2eds/bin/gnu/h-x86_64-mingw32/bin/../lib/gcc/nios2-elf/5.3.0/../../../../../H-x86_64-mingw32/nios2-elf/lib\libc.a(lib_a-memcpy.o)
 .text.memcpy   0x00000000080445c8      0x148 c:/intelfpga_lite/18.1/nios2eds/bin/gnu/h-x86_64-mingw32/bin/../lib/gcc/nios2-elf/5.3.0/../../../../../H-x86_64-mingw32/nios2-elf/lib\libc.a(lib_a-memcpy.o)
                0x00000000080445c8                memcpy
 .text          0x0000000008044710        0x0 c:/intelfpga_lite/18.1/nios2eds/bin/gnu/h-x86_64-mingw32/bin/../lib/gcc/nios2-elf/5.3.0/../../../../../H-x86_64-mingw32/nios2-elf/lib\libc.a(lib_a-putc.o)
 .text._putc_r  0x0000000008044710       0xa0 c:/intelfpga_lite/18.1/nios2eds/bin/gnu/h-x86_64-mingw32/bin/../lib/gcc/nios2-elf/5.3.0/../../../../../H-x86_64-mingw32/nios2-elf/lib\libc.a(lib_a-putc.o)
                0x0000000008044710                _putc_r
 .text.putc     0x00000000080447b0       0xc8 c:/intelfpga_lite/18.1/nios2eds/bin/gnu/h-x86_64-mingw32/bin/../lib/gcc/nios2-elf/5.3.0/../../../../../H-x86_64-mingw32/nios2-elf/lib\libc.a(lib_a-putc.o)
                0x00000000080447b0                putc
 .text          0x0000000008044878        0x0 c:/intelfpga_lite/18.1/nios2eds/bin/gnu/h-x86_64-mingw32/bin/../lib/gcc/nios2-elf/5.3.0/../../../../../H-x86_64-mingw32/nios2-elf/lib\libc.a(lib_a-strlen.o)
 .text.strlen   0x0000000008044878       0x98 c:/intelfpga_lite/18.1/nios2eds/bin/gnu/h-x86_64-mingw32/bin/../lib/gcc/nios2-elf/5.3.0/../../../../../H-x86_64-mingw32/nios2-elf/lib\libc.a(lib_a-strlen.o)
                0x0000000008044878                strlen
 .text          0x0000000008044910        0x0 c:/intelfpga_lite/18.1/nios2eds/bin/gnu/h-x86_64-mingw32/bin/../lib/gcc/nios2-elf/5.3.0/../../../../../H-x86_64-mingw32/nios2-elf/lib\libc.a(lib_a-wbuf.o)
 .text.__swbuf_r
                0x0000000008044910      0x140 c:/intelfpga_lite/18.1/nios2eds/bin/gnu/h-x86_64-mingw32/bin/../lib/gcc/nios2-elf/5.3.0/../../../../../H-x86_64-mingw32/nios2-elf/lib\libc.a(lib_a-wbuf.o)
                0x0000000008044910                __swbuf_r
 .text.__swbuf  0x0000000008044a50       0x18 c:/intelfpga_lite/18.1/nios2eds/bin/gnu/h-x86_64-mingw32/bin/../lib/gcc/nios2-elf/5.3.0/../../../../../H-x86_64-mingw32/nios2-elf/lib\libc.a(lib_a-wbuf.o)
                0x0000000008044a50                __swbuf
 .text          0x0000000008044a68        0x0 c:/intelfpga_lite/18.1/nios2eds/bin/gnu/h-x86_64-mingw32/bin/../lib/gcc/nios2-elf/5.3.0/../../../../../H-x86_64-mingw32/nios2-elf/lib\libc.a(lib_a-wsetup.o)
 .text.__swsetup_r
                0x0000000008044a68      0x154 c:/intelfpga_lite/18.1/nios2eds/bin/gnu/h-x86_64-mingw32/bin/../lib/gcc/nios2-elf/5.3.0/../../../../../H-x86_64-mingw32/nios2-elf/lib\libc.a(lib_a-wsetup.o)
                0x0000000008044a68                __swsetup_r
 .text          0x0000000008044bbc        0x0 c:/intelfpga_lite/18.1/nios2eds/bin/gnu/h-x86_64-mingw32/bin/../lib/gcc/nios2-elf/5.3.0/../../../../../H-x86_64-mingw32/nios2-elf/lib\libc.a(lib_a-__atexit.o)
 .text.__register_exitproc
                0x0000000008044bbc      0x118 c:/intelfpga_lite/18.1/nios2eds/bin/gnu/h-x86_64-mingw32/bin/../lib/gcc/nios2-elf/5.3.0/../../../../../H-x86_64-mingw32/nios2-elf/lib\libc.a(lib_a-__atexit.o)
                0x0000000008044bbc                __register_exitproc
 .text          0x0000000008044cd4        0x0 c:/intelfpga_lite/18.1/nios2eds/bin/gnu/h-x86_64-mingw32/bin/../lib/gcc/nios2-elf/5.3.0/../../../../../H-x86_64-mingw32/nios2-elf/lib\libc.a(lib_a-__call_atexit.o)
 .text.__call_exitprocs
                0x0000000008044cd4      0x180 c:/intelfpga_lite/18.1/nios2eds/bin/gnu/h-x86_64-mingw32/bin/../lib/gcc/nios2-elf/5.3.0/../../../../../H-x86_64-mingw32/nios2-elf/lib\libc.a(lib_a-__call_atexit.o)
                0x0000000008044cd4                __call_exitprocs
 .text          0x0000000008044e54        0x0 c:/intelfpga_lite/18.1/nios2eds/bin/gnu/h-x86_64-mingw32/bin/../lib/gcc/nios2-elf/5.3.0/../../../../../H-x86_64-mingw32/nios2-elf/lib\libc.a(lib_a-fflush.o)
 .text.__sflush_r
                0x0000000008044e54      0x21c c:/intelfpga_lite/18.1/nios2eds/bin/gnu/h-x86_64-mingw32/bin/../lib/gcc/nios2-elf/5.3.0/../../../../../H-x86_64-mingw32/nios2-elf/lib\libc.a(lib_a-fflush.o)
                0x0000000008044e54                __sflush_r
 .text._fflush_r
                0x0000000008045070       0x5c c:/intelfpga_lite/18.1/nios2eds/bin/gnu/h-x86_64-mingw32/bin/../lib/gcc/nios2-elf/5.3.0/../../../../../H-x86_64-mingw32/nios2-elf/lib\libc.a(lib_a-fflush.o)
                0x0000000008045070                _fflush_r
 .text.fflush   0x00000000080450cc       0x30 c:/intelfpga_lite/18.1/nios2eds/bin/gnu/h-x86_64-mingw32/bin/../lib/gcc/nios2-elf/5.3.0/../../../../../H-x86_64-mingw32/nios2-elf/lib\libc.a(lib_a-fflush.o)
                0x00000000080450cc                fflush
 .text          0x00000000080450fc        0x0 c:/intelfpga_lite/18.1/nios2eds/bin/gnu/h-x86_64-mingw32/bin/../lib/gcc/nios2-elf/5.3.0/../../../../../H-x86_64-mingw32/nios2-elf/lib\libc.a(lib_a-findfp.o)
 .text.__fp_unlock
                0x00000000080450fc        0x8 c:/intelfpga_lite/18.1/nios2eds/bin/gnu/h-x86_64-mingw32/bin/../lib/gcc/nios2-elf/5.3.0/../../../../../H-x86_64-mingw32/nios2-elf/lib\libc.a(lib_a-findfp.o)
 .text._cleanup_r
                0x0000000008045104        0xc c:/intelfpga_lite/18.1/nios2eds/bin/gnu/h-x86_64-mingw32/bin/../lib/gcc/nios2-elf/5.3.0/../../../../../H-x86_64-mingw32/nios2-elf/lib\libc.a(lib_a-findfp.o)
                0x0000000008045104                _cleanup_r
 .text.__sinit.part.1
                0x0000000008045110      0x19c c:/intelfpga_lite/18.1/nios2eds/bin/gnu/h-x86_64-mingw32/bin/../lib/gcc/nios2-elf/5.3.0/../../../../../H-x86_64-mingw32/nios2-elf/lib\libc.a(lib_a-findfp.o)
 .text.__fp_lock
                0x00000000080452ac        0x8 c:/intelfpga_lite/18.1/nios2eds/bin/gnu/h-x86_64-mingw32/bin/../lib/gcc/nios2-elf/5.3.0/../../../../../H-x86_64-mingw32/nios2-elf/lib\libc.a(lib_a-findfp.o)
 .text.__sfmoreglue
                0x00000000080452b4       0x68 c:/intelfpga_lite/18.1/nios2eds/bin/gnu/h-x86_64-mingw32/bin/../lib/gcc/nios2-elf/5.3.0/../../../../../H-x86_64-mingw32/nios2-elf/lib\libc.a(lib_a-findfp.o)
                0x00000000080452b4                __sfmoreglue
 .text.__sfp    0x000000000804531c      0x118 c:/intelfpga_lite/18.1/nios2eds/bin/gnu/h-x86_64-mingw32/bin/../lib/gcc/nios2-elf/5.3.0/../../../../../H-x86_64-mingw32/nios2-elf/lib\libc.a(lib_a-findfp.o)
                0x000000000804531c                __sfp
 .text._cleanup
                0x0000000008045434       0x18 c:/intelfpga_lite/18.1/nios2eds/bin/gnu/h-x86_64-mingw32/bin/../lib/gcc/nios2-elf/5.3.0/../../../../../H-x86_64-mingw32/nios2-elf/lib\libc.a(lib_a-findfp.o)
                0x0000000008045434                _cleanup
 .text.__sinit  0x000000000804544c       0x10 c:/intelfpga_lite/18.1/nios2eds/bin/gnu/h-x86_64-mingw32/bin/../lib/gcc/nios2-elf/5.3.0/../../../../../H-x86_64-mingw32/nios2-elf/lib\libc.a(lib_a-findfp.o)
                0x000000000804544c                __sinit
 .text.__sfp_lock_acquire
                0x000000000804545c        0x4 c:/intelfpga_lite/18.1/nios2eds/bin/gnu/h-x86_64-mingw32/bin/../lib/gcc/nios2-elf/5.3.0/../../../../../H-x86_64-mingw32/nios2-elf/lib\libc.a(lib_a-findfp.o)
                0x000000000804545c                __sfp_lock_acquire
 .text.__sfp_lock_release
                0x0000000008045460        0x4 c:/intelfpga_lite/18.1/nios2eds/bin/gnu/h-x86_64-mingw32/bin/../lib/gcc/nios2-elf/5.3.0/../../../../../H-x86_64-mingw32/nios2-elf/lib\libc.a(lib_a-findfp.o)
                0x0000000008045460                __sfp_lock_release
 .text.__sinit_lock_acquire
                0x0000000008045464        0x4 c:/intelfpga_lite/18.1/nios2eds/bin/gnu/h-x86_64-mingw32/bin/../lib/gcc/nios2-elf/5.3.0/../../../../../H-x86_64-mingw32/nios2-elf/lib\libc.a(lib_a-findfp.o)
                0x0000000008045464                __sinit_lock_acquire
 .text.__sinit_lock_release
                0x0000000008045468        0x4 c:/intelfpga_lite/18.1/nios2eds/bin/gnu/h-x86_64-mingw32/bin/../lib/gcc/nios2-elf/5.3.0/../../../../../H-x86_64-mingw32/nios2-elf/lib\libc.a(lib_a-findfp.o)
                0x0000000008045468                __sinit_lock_release
 .text.__fp_lock_all
                0x000000000804546c       0x18 c:/intelfpga_lite/18.1/nios2eds/bin/gnu/h-x86_64-mingw32/bin/../lib/gcc/nios2-elf/5.3.0/../../../../../H-x86_64-mingw32/nios2-elf/lib\libc.a(lib_a-findfp.o)
                0x000000000804546c                __fp_lock_all
 .text.__fp_unlock_all
                0x0000000008045484       0x18 c:/intelfpga_lite/18.1/nios2eds/bin/gnu/h-x86_64-mingw32/bin/../lib/gcc/nios2-elf/5.3.0/../../../../../H-x86_64-mingw32/nios2-elf/lib\libc.a(lib_a-findfp.o)
                0x0000000008045484                __fp_unlock_all
 .text          0x000000000804549c        0x0 c:/intelfpga_lite/18.1/nios2eds/bin/gnu/h-x86_64-mingw32/bin/../lib/gcc/nios2-elf/5.3.0/../../../../../H-x86_64-mingw32/nios2-elf/lib\libc.a(lib_a-freer.o)
 .text._malloc_trim_r
                0x000000000804549c      0x124 c:/intelfpga_lite/18.1/nios2eds/bin/gnu/h-x86_64-mingw32/bin/../lib/gcc/nios2-elf/5.3.0/../../../../../H-x86_64-mingw32/nios2-elf/lib\libc.a(lib_a-freer.o)
                0x000000000804549c                _malloc_trim_r
 .text._free_r  0x00000000080455c0      0x310 c:/intelfpga_lite/18.1/nios2eds/bin/gnu/h-x86_64-mingw32/bin/../lib/gcc/nios2-elf/5.3.0/../../../../../H-x86_64-mingw32/nios2-elf/lib\libc.a(lib_a-freer.o)
                0x00000000080455c0                _free_r
 .text          0x00000000080458d0        0x0 c:/intelfpga_lite/18.1/nios2eds/bin/gnu/h-x86_64-mingw32/bin/../lib/gcc/nios2-elf/5.3.0/../../../../../H-x86_64-mingw32/nios2-elf/lib\libc.a(lib_a-fwalk.o)
 .text._fwalk   0x00000000080458d0       0xc4 c:/intelfpga_lite/18.1/nios2eds/bin/gnu/h-x86_64-mingw32/bin/../lib/gcc/nios2-elf/5.3.0/../../../../../H-x86_64-mingw32/nios2-elf/lib\libc.a(lib_a-fwalk.o)
                0x00000000080458d0                _fwalk
 .text._fwalk_reent
                0x0000000008045994       0xc4 c:/intelfpga_lite/18.1/nios2eds/bin/gnu/h-x86_64-mingw32/bin/../lib/gcc/nios2-elf/5.3.0/../../../../../H-x86_64-mingw32/nios2-elf/lib\libc.a(lib_a-fwalk.o)
                0x0000000008045994                _fwalk_reent
 .text          0x0000000008045a58        0x0 c:/intelfpga_lite/18.1/nios2eds/bin/gnu/h-x86_64-mingw32/bin/../lib/gcc/nios2-elf/5.3.0/../../../../../H-x86_64-mingw32/nios2-elf/lib\libc.a(lib_a-makebuf.o)
 .text.__smakebuf_r
                0x0000000008045a58      0x1bc c:/intelfpga_lite/18.1/nios2eds/bin/gnu/h-x86_64-mingw32/bin/../lib/gcc/nios2-elf/5.3.0/../../../../../H-x86_64-mingw32/nios2-elf/lib\libc.a(lib_a-makebuf.o)
                0x0000000008045a58                __smakebuf_r
 .text          0x0000000008045c14        0x0 c:/intelfpga_lite/18.1/nios2eds/bin/gnu/h-x86_64-mingw32/bin/../lib/gcc/nios2-elf/5.3.0/../../../../../H-x86_64-mingw32/nios2-elf/lib\libc.a(lib_a-mallocr.o)
 .text._malloc_r
                0x0000000008045c14      0x80c c:/intelfpga_lite/18.1/nios2eds/bin/gnu/h-x86_64-mingw32/bin/../lib/gcc/nios2-elf/5.3.0/../../../../../H-x86_64-mingw32/nios2-elf/lib\libc.a(lib_a-mallocr.o)
                0x0000000008045c14                _malloc_r
 .text          0x0000000008046420        0x0 c:/intelfpga_lite/18.1/nios2eds/bin/gnu/h-x86_64-mingw32/bin/../lib/gcc/nios2-elf/5.3.0/../../../../../H-x86_64-mingw32/nios2-elf/lib\libc.a(lib_a-memset.o)
 .text.memset   0x0000000008046420      0x128 c:/intelfpga_lite/18.1/nios2eds/bin/gnu/h-x86_64-mingw32/bin/../lib/gcc/nios2-elf/5.3.0/../../../../../H-x86_64-mingw32/nios2-elf/lib\libc.a(lib_a-memset.o)
                0x0000000008046420                memset
 .text          0x0000000008046548        0x0 c:/intelfpga_lite/18.1/nios2eds/bin/gnu/h-x86_64-mingw32/bin/../lib/gcc/nios2-elf/5.3.0/../../../../../H-x86_64-mingw32/nios2-elf/lib\libc.a(lib_a-sbrkr.o)
 .text._sbrk_r  0x0000000008046548       0x54 c:/intelfpga_lite/18.1/nios2eds/bin/gnu/h-x86_64-mingw32/bin/../lib/gcc/nios2-elf/5.3.0/../../../../../H-x86_64-mingw32/nios2-elf/lib\libc.a(lib_a-sbrkr.o)
                0x0000000008046548                _sbrk_r
 .text          0x000000000804659c        0x0 c:/intelfpga_lite/18.1/nios2eds/bin/gnu/h-x86_64-mingw32/bin/../lib/gcc/nios2-elf/5.3.0/../../../../../H-x86_64-mingw32/nios2-elf/lib\libc.a(lib_a-stdio.o)
 .text.__sread  0x000000000804659c       0x54 c:/intelfpga_lite/18.1/nios2eds/bin/gnu/h-x86_64-mingw32/bin/../lib/gcc/nios2-elf/5.3.0/../../../../../H-x86_64-mingw32/nios2-elf/lib\libc.a(lib_a-stdio.o)
                0x000000000804659c                __sread
 .text.__seofread
                0x00000000080465f0        0x8 c:/intelfpga_lite/18.1/nios2eds/bin/gnu/h-x86_64-mingw32/bin/../lib/gcc/nios2-elf/5.3.0/../../../../../H-x86_64-mingw32/nios2-elf/lib\libc.a(lib_a-stdio.o)
                0x00000000080465f0                __seofread
 .text.__swrite
                0x00000000080465f8       0x7c c:/intelfpga_lite/18.1/nios2eds/bin/gnu/h-x86_64-mingw32/bin/../lib/gcc/nios2-elf/5.3.0/../../../../../H-x86_64-mingw32/nios2-elf/lib\libc.a(lib_a-stdio.o)
                0x00000000080465f8                __swrite
 .text.__sseek  0x0000000008046674       0x5c c:/intelfpga_lite/18.1/nios2eds/bin/gnu/h-x86_64-mingw32/bin/../lib/gcc/nios2-elf/5.3.0/../../../../../H-x86_64-mingw32/nios2-elf/lib\libc.a(lib_a-stdio.o)
                0x0000000008046674                __sseek
 .text.__sclose
                0x00000000080466d0        0x8 c:/intelfpga_lite/18.1/nios2eds/bin/gnu/h-x86_64-mingw32/bin/../lib/gcc/nios2-elf/5.3.0/../../../../../H-x86_64-mingw32/nios2-elf/lib\libc.a(lib_a-stdio.o)
                0x00000000080466d0                __sclose
 .text          0x00000000080466d8        0x0 c:/intelfpga_lite/18.1/nios2eds/bin/gnu/h-x86_64-mingw32/bin/../lib/gcc/nios2-elf/5.3.0/../../../../../H-x86_64-mingw32/nios2-elf/lib\libc.a(lib_a-writer.o)
 .text._write_r
                0x00000000080466d8       0x60 c:/intelfpga_lite/18.1/nios2eds/bin/gnu/h-x86_64-mingw32/bin/../lib/gcc/nios2-elf/5.3.0/../../../../../H-x86_64-mingw32/nios2-elf/lib\libc.a(lib_a-writer.o)
                0x00000000080466d8                _write_r
 .text          0x0000000008046738        0x0 c:/intelfpga_lite/18.1/nios2eds/bin/gnu/h-x86_64-mingw32/bin/../lib/gcc/nios2-elf/5.3.0/../../../../../H-x86_64-mingw32/nios2-elf/lib\libc.a(closer.o)
 .text._close_r
                0x0000000008046738       0x54 c:/intelfpga_lite/18.1/nios2eds/bin/gnu/h-x86_64-mingw32/bin/../lib/gcc/nios2-elf/5.3.0/../../../../../H-x86_64-mingw32/nios2-elf/lib\libc.a(closer.o)
                0x0000000008046738                _close_r
 .text          0x000000000804678c        0x0 c:/intelfpga_lite/18.1/nios2eds/bin/gnu/h-x86_64-mingw32/bin/../lib/gcc/nios2-elf/5.3.0/../../../../../H-x86_64-mingw32/nios2-elf/lib\libc.a(lib_a-fclose.o)
 .text._fclose_r
                0x000000000804678c       0xf0 c:/intelfpga_lite/18.1/nios2eds/bin/gnu/h-x86_64-mingw32/bin/../lib/gcc/nios2-elf/5.3.0/../../../../../H-x86_64-mingw32/nios2-elf/lib\libc.a(lib_a-fclose.o)
                0x000000000804678c                _fclose_r
 .text.fclose   0x000000000804687c       0x14 c:/intelfpga_lite/18.1/nios2eds/bin/gnu/h-x86_64-mingw32/bin/../lib/gcc/nios2-elf/5.3.0/../../../../../H-x86_64-mingw32/nios2-elf/lib\libc.a(lib_a-fclose.o)
                0x000000000804687c                fclose
 .text          0x0000000008046890        0x0 c:/intelfpga_lite/18.1/nios2eds/bin/gnu/h-x86_64-mingw32/bin/../lib/gcc/nios2-elf/5.3.0/../../../../../H-x86_64-mingw32/nios2-elf/lib\libc.a(lib_a-fstatr.o)
 .text._fstat_r
                0x0000000008046890       0x5c c:/intelfpga_lite/18.1/nios2eds/bin/gnu/h-x86_64-mingw32/bin/../lib/gcc/nios2-elf/5.3.0/../../../../../H-x86_64-mingw32/nios2-elf/lib\libc.a(lib_a-fstatr.o)
                0x0000000008046890                _fstat_r
 .text          0x00000000080468ec        0x0 c:/intelfpga_lite/18.1/nios2eds/bin/gnu/h-x86_64-mingw32/bin/../lib/gcc/nios2-elf/5.3.0/../../../../../H-x86_64-mingw32/nios2-elf/lib\libc.a(lib_a-isattyr.o)
 .text._isatty_r
                0x00000000080468ec       0x54 c:/intelfpga_lite/18.1/nios2eds/bin/gnu/h-x86_64-mingw32/bin/../lib/gcc/nios2-elf/5.3.0/../../../../../H-x86_64-mingw32/nios2-elf/lib\libc.a(lib_a-isattyr.o)
                0x00000000080468ec                _isatty_r
 .text          0x0000000008046940        0x0 c:/intelfpga_lite/18.1/nios2eds/bin/gnu/h-x86_64-mingw32/bin/../lib/gcc/nios2-elf/5.3.0/../../../../../H-x86_64-mingw32/nios2-elf/lib\libc.a(lib_a-lseekr.o)
 .text._lseek_r
                0x0000000008046940       0x60 c:/intelfpga_lite/18.1/nios2eds/bin/gnu/h-x86_64-mingw32/bin/../lib/gcc/nios2-elf/5.3.0/../../../../../H-x86_64-mingw32/nios2-elf/lib\libc.a(lib_a-lseekr.o)
                0x0000000008046940                _lseek_r
 .text          0x00000000080469a0        0x0 c:/intelfpga_lite/18.1/nios2eds/bin/gnu/h-x86_64-mingw32/bin/../lib/gcc/nios2-elf/5.3.0/../../../../../H-x86_64-mingw32/nios2-elf/lib\libc.a(lib_a-readr.o)
 .text._read_r  0x00000000080469a0       0x60 c:/intelfpga_lite/18.1/nios2eds/bin/gnu/h-x86_64-mingw32/bin/../lib/gcc/nios2-elf/5.3.0/../../../../../H-x86_64-mingw32/nios2-elf/lib\libc.a(lib_a-readr.o)
                0x00000000080469a0                _read_r
 .text          0x0000000008046a00       0x34 ../final_proj_bsp/\libhal_bsp.a(alt_exit.o)
                0x0000000008046a00                _exit
 .text          0x0000000008046a34       0xec ../final_proj_bsp/\libhal_bsp.a(alt_fstat.o)
                0x0000000008046a70                fstat
 .text          0x0000000008046b20       0xe0 ../final_proj_bsp/\libhal_bsp.a(alt_isatty.o)
                0x0000000008046b5c                isatty
 .text          0x0000000008046c00      0x110 ../final_proj_bsp/\libhal_bsp.a(alt_lseek.o)
                0x0000000008046c3c                lseek
 .text          0x0000000008046d10       0x48 ../final_proj_bsp/\libhal_bsp.a(alt_malloc_lock.o)
                0x0000000008046d10                __malloc_lock
                0x0000000008046d34                __malloc_unlock
 .text          0x0000000008046d58      0x138 ../final_proj_bsp/\libhal_bsp.a(alt_read.o)
                0x0000000008046d94                read
 .text          0x0000000008046e90       0xb0 ../final_proj_bsp/\libhal_bsp.a(alt_sbrk.o)
                0x0000000008046e90                sbrk
 .text          0x0000000008046f40      0x134 ../final_proj_bsp/\libhal_bsp.a(alt_write.o)
                0x0000000008046f7c                write
 *(.gnu.warning.*)
 *(.fini)
                [!provide]                        PROVIDE (__etext, ABSOLUTE (.))
                [!provide]                        PROVIDE (_etext, ABSOLUTE (.))
                [!provide]                        PROVIDE (etext, ABSOLUTE (.))
 *(.eh_frame_hdr)
                0x0000000008047074                . = ALIGN (0x4)
                [!provide]                        PROVIDE (__preinit_array_start, ABSOLUTE (.))
 *(.preinit_array)
                [!provide]                        PROVIDE (__preinit_array_end, ABSOLUTE (.))
                [!provide]                        PROVIDE (__init_array_start, ABSOLUTE (.))
 *(.init_array)
                [!provide]                        PROVIDE (__init_array_end, ABSOLUTE (.))
                [!provide]                        PROVIDE (__fini_array_start, ABSOLUTE (.))
 *(.fini_array)
                [!provide]                        PROVIDE (__fini_array_end, ABSOLUTE (.))
 *(.eh_frame)
 *(.gcc_except_table .gcc_except_table.*)
 *(.dynamic)
                0x0000000008047074                PROVIDE (__CTOR_LIST__, ABSOLUTE (.))
 *(.ctors)
 *(SORT(.ctors.*))
                0x0000000008047074                PROVIDE (__CTOR_END__, ABSOLUTE (.))
                0x0000000008047074                PROVIDE (__DTOR_LIST__, ABSOLUTE (.))
 *(.dtors)
 *(SORT(.dtors.*))
                0x0000000008047074                PROVIDE (__DTOR_END__, ABSOLUTE (.))
 *(.jcr)
                0x0000000008047074                . = ALIGN (0x4)

.rodata         0x0000000008047074      0x20c
                0x0000000008047074                PROVIDE (__ram_rodata_start, ABSOLUTE (.))
                0x0000000008047074                . = ALIGN (0x4)
 *(.rodata .rodata.* .gnu.linkonce.r.*)
 .rodata        0x0000000008047074       0x97 obj/default/hello_world.o
 .rodata        0x000000000804710b      0x100 c:/intelfpga_lite/18.1/nios2eds/bin/gnu/h-x86_64-mingw32/bin/../lib/gcc/nios2-elf/5.3.0\libgcc.a(_clz.o)
                0x000000000804710b                __clz_tab
 *fill*         0x000000000804720b        0x1 
 .rodata.str1.4
                0x000000000804720c        0x4 c:/intelfpga_lite/18.1/nios2eds/bin/gnu/h-x86_64-mingw32/bin/../lib/gcc/nios2-elf/5.3.0/../../../../../H-x86_64-mingw32/nios2-elf/lib\libc.a(lib_a-impure.o)
                                          0x2 (size before relaxing)
 .rodata        0x0000000008047210       0x11 ../final_proj_bsp/\libhal_bsp.a(alt_main.o)
 *fill*         0x0000000008047221        0x3 
 .rodata        0x0000000008047224       0x4d ../final_proj_bsp/\libhal_bsp.a(alt_sys_init.o)
 *fill*         0x0000000008047271        0x3 
 .rodata        0x0000000008047274        0xa ../final_proj_bsp/\libhal_bsp.a(alt_dev.o)
 *(.rodata1)
                0x0000000008047280                . = ALIGN (0x4)
 *fill*         0x000000000804727e        0x2 
                0x0000000008047280                PROVIDE (__ram_rodata_end, ABSOLUTE (.))
                0x0000000008047074                PROVIDE (__flash_rodata_start, LOADADDR (.rodata))

.rwdata         0x0000000008047280     0x1b18 load address 0x0000000008048d98
                0x0000000008047280                PROVIDE (__ram_rwdata_start, ABSOLUTE (.))
                0x0000000008047280                . = ALIGN (0x4)
 *(.got.plt)
 *(.got)
 *(.data1)
 *(.data .data.* .gnu.linkonce.d.*)
 .data          0x0000000008047280        0x0 ../final_proj_bsp//obj/HAL/src/crt0.o
 .data          0x0000000008047280        0x0 obj/default/hello_world.o
 .data          0x0000000008047280        0x0 c:/intelfpga_lite/18.1/nios2eds/bin/gnu/h-x86_64-mingw32/bin/../lib/gcc/nios2-elf/5.3.0\libgcc.a(lib2-divmod.o)
 .data          0x0000000008047280        0x0 c:/intelfpga_lite/18.1/nios2eds/bin/gnu/h-x86_64-mingw32/bin/../lib/gcc/nios2-elf/5.3.0\libgcc.a(addsf3.o)
 .data          0x0000000008047280        0x0 c:/intelfpga_lite/18.1/nios2eds/bin/gnu/h-x86_64-mingw32/bin/../lib/gcc/nios2-elf/5.3.0\libgcc.a(lesf2.o)
 .data          0x0000000008047280        0x0 c:/intelfpga_lite/18.1/nios2eds/bin/gnu/h-x86_64-mingw32/bin/../lib/gcc/nios2-elf/5.3.0\libgcc.a(floatunsisf.o)
 .data          0x0000000008047280        0x0 c:/intelfpga_lite/18.1/nios2eds/bin/gnu/h-x86_64-mingw32/bin/../lib/gcc/nios2-elf/5.3.0\libgcc.a(_clzsi2.o)
 .data          0x0000000008047280        0x0 c:/intelfpga_lite/18.1/nios2eds/bin/gnu/h-x86_64-mingw32/bin/../lib/gcc/nios2-elf/5.3.0\libgcc.a(_clz.o)
 .data          0x0000000008047280        0x0 c:/intelfpga_lite/18.1/nios2eds/bin/gnu/h-x86_64-mingw32/bin/../lib/gcc/nios2-elf/5.3.0/../../../../../H-x86_64-mingw32/nios2-elf/lib\libc.a(lib_a-clock.o)
 .data          0x0000000008047280        0x0 c:/intelfpga_lite/18.1/nios2eds/bin/gnu/h-x86_64-mingw32/bin/../lib/gcc/nios2-elf/5.3.0/../../../../../H-x86_64-mingw32/nios2-elf/lib\libc.a(lib_a-impure.o)
 .data.impure_data
                0x0000000008047280      0x424 c:/intelfpga_lite/18.1/nios2eds/bin/gnu/h-x86_64-mingw32/bin/../lib/gcc/nios2-elf/5.3.0/../../../../../H-x86_64-mingw32/nios2-elf/lib\libc.a(lib_a-impure.o)
 .data          0x00000000080476a4        0x0 c:/intelfpga_lite/18.1/nios2eds/bin/gnu/h-x86_64-mingw32/bin/../lib/gcc/nios2-elf/5.3.0/../../../../../H-x86_64-mingw32/nios2-elf/lib\libc.a(lib_a-timesr.o)
 .data          0x00000000080476a4        0x0 ../final_proj_bsp/\libhal_bsp.a(alt_iic.o)
 .data          0x00000000080476a4        0x0 ../final_proj_bsp/\libhal_bsp.a(alt_iic_isr_register.o)
 .data          0x00000000080476a4        0x0 ../final_proj_bsp/\libhal_bsp.a(alt_irq_entry.o)
 .data          0x00000000080476a4        0x0 ../final_proj_bsp/\libhal_bsp.a(alt_irq_handler.o)
 .data          0x00000000080476a4        0x0 ../final_proj_bsp/\libhal_bsp.a(alt_irq_vars.o)
 .data          0x00000000080476a4        0x0 ../final_proj_bsp/\libhal_bsp.a(alt_load.o)
 .data          0x00000000080476a4        0x0 ../final_proj_bsp/\libhal_bsp.a(alt_main.o)
 .data          0x00000000080476a4        0x0 ../final_proj_bsp/\libhal_bsp.a(alt_printf.o)
 .data          0x00000000080476a4        0x0 ../final_proj_bsp/\libhal_bsp.a(alt_putchar.o)
 .data          0x00000000080476a4        0x0 ../final_proj_bsp/\libhal_bsp.a(alt_times.o)
 .data          0x00000000080476a4     0x10ec ../final_proj_bsp/\libhal_bsp.a(alt_sys_init.o)
 .data          0x0000000008048790        0x0 ../final_proj_bsp/\libhal_bsp.a(altera_avalon_jtag_uart_fd.o)
 .data          0x0000000008048790        0x0 ../final_proj_bsp/\libhal_bsp.a(altera_avalon_jtag_uart_init.o)
 .data          0x0000000008048790        0x0 ../final_proj_bsp/\libhal_bsp.a(altera_avalon_jtag_uart_ioctl.o)
 .data          0x0000000008048790        0x0 ../final_proj_bsp/\libhal_bsp.a(altera_avalon_jtag_uart_read.o)
 .data          0x0000000008048790        0x0 ../final_proj_bsp/\libhal_bsp.a(altera_avalon_jtag_uart_write.o)
 .data          0x0000000008048790        0x0 ../final_proj_bsp/\libhal_bsp.a(altera_avalon_timer_sc.o)
 .data          0x0000000008048790        0x0 ../final_proj_bsp/\libhal_bsp.a(altera_up_avalon_audio.o)
 .data          0x0000000008048790        0x0 ../final_proj_bsp/\libhal_bsp.a(altera_up_avalon_audio_and_video_config.o)
 .data          0x0000000008048790        0x0 ../final_proj_bsp/\libhal_bsp.a(alt_alarm_start.o)
 .data          0x0000000008048790        0x0 ../final_proj_bsp/\libhal_bsp.a(alt_close.o)
 .data          0x0000000008048790        0x0 ../final_proj_bsp/\libhal_bsp.a(alt_dcache_flush_all.o)
 .data          0x0000000008048790      0x1a8 ../final_proj_bsp/\libhal_bsp.a(alt_dev.o)
                0x0000000008048790                alt_dev_null
                0x00000000080487b8                alt_fd_list
 .data          0x0000000008048938        0x0 ../final_proj_bsp/\libhal_bsp.a(alt_dev_llist_insert.o)
 .data          0x0000000008048938        0x0 ../final_proj_bsp/\libhal_bsp.a(alt_do_ctors.o)
 .data          0x0000000008048938        0x0 ../final_proj_bsp/\libhal_bsp.a(alt_do_dtors.o)
 .data          0x0000000008048938        0x0 ../final_proj_bsp/\libhal_bsp.a(alt_errno.o)
 .data          0x0000000008048938        0x0 ../final_proj_bsp/\libhal_bsp.a(alt_exception_entry.o)
 .data          0x0000000008048938        0x0 ../final_proj_bsp/\libhal_bsp.a(alt_find_dev.o)
 .data          0x0000000008048938        0x0 ../final_proj_bsp/\libhal_bsp.a(alt_icache_flush_all.o)
 .data          0x0000000008048938        0x0 ../final_proj_bsp/\libhal_bsp.a(alt_instruction_exception_entry.o)
 .data          0x0000000008048938        0x0 ../final_proj_bsp/\libhal_bsp.a(alt_io_redirect.o)
 .data          0x0000000008048938        0x0 ../final_proj_bsp/\libhal_bsp.a(alt_open.o)
 .data          0x0000000008048938        0x0 ../final_proj_bsp/\libhal_bsp.a(alt_release_fd.o)
 .data          0x0000000008048938        0x0 ../final_proj_bsp/\libhal_bsp.a(alt_tick.o)
 .data          0x0000000008048938        0x0 ../final_proj_bsp/\libhal_bsp.a(altera_nios2_gen2_irq.o)
 .data          0x0000000008048938        0x0 ../final_proj_bsp/\libhal_bsp.a(alt_find_file.o)
 .data          0x0000000008048938        0x0 ../final_proj_bsp/\libhal_bsp.a(alt_get_fd.o)
 .data          0x0000000008048938        0x0 ../final_proj_bsp/\libhal_bsp.a(alt_icache_flush.o)
 .data          0x0000000008048938        0x0 c:/intelfpga_lite/18.1/nios2eds/bin/gnu/h-x86_64-mingw32/bin/../lib/gcc/nios2-elf/5.3.0/../../../../../H-x86_64-mingw32/nios2-elf/lib\libc.a(lib_a-atexit.o)
 .data          0x0000000008048938        0x0 c:/intelfpga_lite/18.1/nios2eds/bin/gnu/h-x86_64-mingw32/bin/../lib/gcc/nios2-elf/5.3.0/../../../../../H-x86_64-mingw32/nios2-elf/lib\libc.a(lib_a-exit.o)
 .data          0x0000000008048938        0x0 c:/intelfpga_lite/18.1/nios2eds/bin/gnu/h-x86_64-mingw32/bin/../lib/gcc/nios2-elf/5.3.0/../../../../../H-x86_64-mingw32/nios2-elf/lib\libc.a(lib_a-int_errno.o)
 .data          0x0000000008048938        0x0 c:/intelfpga_lite/18.1/nios2eds/bin/gnu/h-x86_64-mingw32/bin/../lib/gcc/nios2-elf/5.3.0/../../../../../H-x86_64-mingw32/nios2-elf/lib\libc.a(lib_a-memcmp.o)
 .data          0x0000000008048938        0x0 c:/intelfpga_lite/18.1/nios2eds/bin/gnu/h-x86_64-mingw32/bin/../lib/gcc/nios2-elf/5.3.0/../../../../../H-x86_64-mingw32/nios2-elf/lib\libc.a(lib_a-memcpy.o)
 .data          0x0000000008048938        0x0 c:/intelfpga_lite/18.1/nios2eds/bin/gnu/h-x86_64-mingw32/bin/../lib/gcc/nios2-elf/5.3.0/../../../../../H-x86_64-mingw32/nios2-elf/lib\libc.a(lib_a-putc.o)
 .data          0x0000000008048938        0x0 c:/intelfpga_lite/18.1/nios2eds/bin/gnu/h-x86_64-mingw32/bin/../lib/gcc/nios2-elf/5.3.0/../../../../../H-x86_64-mingw32/nios2-elf/lib\libc.a(lib_a-strlen.o)
 .data          0x0000000008048938        0x0 c:/intelfpga_lite/18.1/nios2eds/bin/gnu/h-x86_64-mingw32/bin/../lib/gcc/nios2-elf/5.3.0/../../../../../H-x86_64-mingw32/nios2-elf/lib\libc.a(lib_a-wbuf.o)
 .data          0x0000000008048938        0x0 c:/intelfpga_lite/18.1/nios2eds/bin/gnu/h-x86_64-mingw32/bin/../lib/gcc/nios2-elf/5.3.0/../../../../../H-x86_64-mingw32/nios2-elf/lib\libc.a(lib_a-wsetup.o)
 .data          0x0000000008048938        0x0 c:/intelfpga_lite/18.1/nios2eds/bin/gnu/h-x86_64-mingw32/bin/../lib/gcc/nios2-elf/5.3.0/../../../../../H-x86_64-mingw32/nios2-elf/lib\libc.a(lib_a-__atexit.o)
 .data          0x0000000008048938        0x0 c:/intelfpga_lite/18.1/nios2eds/bin/gnu/h-x86_64-mingw32/bin/../lib/gcc/nios2-elf/5.3.0/../../../../../H-x86_64-mingw32/nios2-elf/lib\libc.a(lib_a-__call_atexit.o)
 .data          0x0000000008048938        0x0 c:/intelfpga_lite/18.1/nios2eds/bin/gnu/h-x86_64-mingw32/bin/../lib/gcc/nios2-elf/5.3.0/../../../../../H-x86_64-mingw32/nios2-elf/lib\libc.a(lib_a-fflush.o)
 .data          0x0000000008048938        0x0 c:/intelfpga_lite/18.1/nios2eds/bin/gnu/h-x86_64-mingw32/bin/../lib/gcc/nios2-elf/5.3.0/../../../../../H-x86_64-mingw32/nios2-elf/lib\libc.a(lib_a-findfp.o)
 .data          0x0000000008048938        0x0 c:/intelfpga_lite/18.1/nios2eds/bin/gnu/h-x86_64-mingw32/bin/../lib/gcc/nios2-elf/5.3.0/../../../../../H-x86_64-mingw32/nios2-elf/lib\libc.a(lib_a-freer.o)
 .data          0x0000000008048938        0x0 c:/intelfpga_lite/18.1/nios2eds/bin/gnu/h-x86_64-mingw32/bin/../lib/gcc/nios2-elf/5.3.0/../../../../../H-x86_64-mingw32/nios2-elf/lib\libc.a(lib_a-fwalk.o)
 .data          0x0000000008048938        0x0 c:/intelfpga_lite/18.1/nios2eds/bin/gnu/h-x86_64-mingw32/bin/../lib/gcc/nios2-elf/5.3.0/../../../../../H-x86_64-mingw32/nios2-elf/lib\libc.a(lib_a-makebuf.o)
 .data          0x0000000008048938        0x0 c:/intelfpga_lite/18.1/nios2eds/bin/gnu/h-x86_64-mingw32/bin/../lib/gcc/nios2-elf/5.3.0/../../../../../H-x86_64-mingw32/nios2-elf/lib\libc.a(lib_a-mallocr.o)
 .data.__malloc_av_
                0x0000000008048938      0x408 c:/intelfpga_lite/18.1/nios2eds/bin/gnu/h-x86_64-mingw32/bin/../lib/gcc/nios2-elf/5.3.0/../../../../../H-x86_64-mingw32/nios2-elf/lib\libc.a(lib_a-mallocr.o)
                0x0000000008048938                __malloc_av_
 .data          0x0000000008048d40        0x0 c:/intelfpga_lite/18.1/nios2eds/bin/gnu/h-x86_64-mingw32/bin/../lib/gcc/nios2-elf/5.3.0/../../../../../H-x86_64-mingw32/nios2-elf/lib\libc.a(lib_a-memset.o)
 .data          0x0000000008048d40        0x0 c:/intelfpga_lite/18.1/nios2eds/bin/gnu/h-x86_64-mingw32/bin/../lib/gcc/nios2-elf/5.3.0/../../../../../H-x86_64-mingw32/nios2-elf/lib\libc.a(lib_a-sbrkr.o)
 .data          0x0000000008048d40        0x0 c:/intelfpga_lite/18.1/nios2eds/bin/gnu/h-x86_64-mingw32/bin/../lib/gcc/nios2-elf/5.3.0/../../../../../H-x86_64-mingw32/nios2-elf/lib\libc.a(lib_a-stdio.o)
 .data          0x0000000008048d40        0x0 c:/intelfpga_lite/18.1/nios2eds/bin/gnu/h-x86_64-mingw32/bin/../lib/gcc/nios2-elf/5.3.0/../../../../../H-x86_64-mingw32/nios2-elf/lib\libc.a(lib_a-writer.o)
 .data          0x0000000008048d40        0x0 c:/intelfpga_lite/18.1/nios2eds/bin/gnu/h-x86_64-mingw32/bin/../lib/gcc/nios2-elf/5.3.0/../../../../../H-x86_64-mingw32/nios2-elf/lib\libc.a(closer.o)
 .data          0x0000000008048d40        0x0 c:/intelfpga_lite/18.1/nios2eds/bin/gnu/h-x86_64-mingw32/bin/../lib/gcc/nios2-elf/5.3.0/../../../../../H-x86_64-mingw32/nios2-elf/lib\libc.a(lib_a-fclose.o)
 .data          0x0000000008048d40        0x0 c:/intelfpga_lite/18.1/nios2eds/bin/gnu/h-x86_64-mingw32/bin/../lib/gcc/nios2-elf/5.3.0/../../../../../H-x86_64-mingw32/nios2-elf/lib\libc.a(lib_a-fstatr.o)
 .data          0x0000000008048d40        0x0 c:/intelfpga_lite/18.1/nios2eds/bin/gnu/h-x86_64-mingw32/bin/../lib/gcc/nios2-elf/5.3.0/../../../../../H-x86_64-mingw32/nios2-elf/lib\libc.a(lib_a-isattyr.o)
 .data          0x0000000008048d40        0x0 c:/intelfpga_lite/18.1/nios2eds/bin/gnu/h-x86_64-mingw32/bin/../lib/gcc/nios2-elf/5.3.0/../../../../../H-x86_64-mingw32/nios2-elf/lib\libc.a(lib_a-lseekr.o)
 .data          0x0000000008048d40        0x0 c:/intelfpga_lite/18.1/nios2eds/bin/gnu/h-x86_64-mingw32/bin/../lib/gcc/nios2-elf/5.3.0/../../../../../H-x86_64-mingw32/nios2-elf/lib\libc.a(lib_a-readr.o)
 .data          0x0000000008048d40        0x0 ../final_proj_bsp/\libhal_bsp.a(alt_exit.o)
 .data          0x0000000008048d40        0x0 ../final_proj_bsp/\libhal_bsp.a(alt_fstat.o)
 .data          0x0000000008048d40        0x0 ../final_proj_bsp/\libhal_bsp.a(alt_isatty.o)
 .data          0x0000000008048d40        0x0 ../final_proj_bsp/\libhal_bsp.a(alt_lseek.o)
 .data          0x0000000008048d40        0x0 ../final_proj_bsp/\libhal_bsp.a(alt_malloc_lock.o)
 .data          0x0000000008048d40        0x0 ../final_proj_bsp/\libhal_bsp.a(alt_read.o)
 .data          0x0000000008048d40        0x0 ../final_proj_bsp/\libhal_bsp.a(alt_sbrk.o)
 .data          0x0000000008048d40        0x0 ../final_proj_bsp/\libhal_bsp.a(alt_write.o)
                0x0000000008050d40                _gp = ABSOLUTE ((. + 0x8000))
                [!provide]                        PROVIDE (gp, _gp)
 *(.rwdata .rwdata.*)
 *(.sdata .sdata.* .gnu.linkonce.s.*)
 .sdata         0x0000000008048d40       0x20 obj/default/hello_world.o
                0x0000000008048d40                audio_buffer
                0x0000000008048d44                audio_buffer2
                0x0000000008048d48                effect1_buffer
                0x0000000008048d4c                effect2_buffer
                0x0000000008048d50                effect3_buffer
                0x0000000008048d54                effect4_buffer
                0x0000000008048d58                captured_val
                0x0000000008048d5c                sw_val
 .sdata._global_impure_ptr
                0x0000000008048d60        0x4 c:/intelfpga_lite/18.1/nios2eds/bin/gnu/h-x86_64-mingw32/bin/../lib/gcc/nios2-elf/5.3.0/../../../../../H-x86_64-mingw32/nios2-elf/lib\libc.a(lib_a-impure.o)
                0x0000000008048d60                _global_impure_ptr
 .sdata._impure_ptr
                0x0000000008048d64        0x4 c:/intelfpga_lite/18.1/nios2eds/bin/gnu/h-x86_64-mingw32/bin/../lib/gcc/nios2-elf/5.3.0/../../../../../H-x86_64-mingw32/nios2-elf/lib\libc.a(lib_a-impure.o)
                0x0000000008048d64                _impure_ptr
 .sdata         0x0000000008048d68        0x4 ../final_proj_bsp/\libhal_bsp.a(alt_irq_vars.o)
                0x0000000008048d68                alt_priority_mask
 .sdata         0x0000000008048d6c       0x14 ../final_proj_bsp/\libhal_bsp.a(alt_dev.o)
                0x0000000008048d6c                alt_fs_list
                0x0000000008048d74                alt_dev_list
                0x0000000008048d7c                alt_max_fd
 .sdata         0x0000000008048d80        0x4 ../final_proj_bsp/\libhal_bsp.a(alt_errno.o)
                0x0000000008048d80                alt_errno
 .sdata         0x0000000008048d84        0x8 ../final_proj_bsp/\libhal_bsp.a(alt_tick.o)
                0x0000000008048d84                alt_alarm_list
 .sdata.__malloc_sbrk_base
                0x0000000008048d8c        0x4 c:/intelfpga_lite/18.1/nios2eds/bin/gnu/h-x86_64-mingw32/bin/../lib/gcc/nios2-elf/5.3.0/../../../../../H-x86_64-mingw32/nios2-elf/lib\libc.a(lib_a-mallocr.o)
                0x0000000008048d8c                __malloc_sbrk_base
 .sdata.__malloc_trim_threshold
                0x0000000008048d90        0x4 c:/intelfpga_lite/18.1/nios2eds/bin/gnu/h-x86_64-mingw32/bin/../lib/gcc/nios2-elf/5.3.0/../../../../../H-x86_64-mingw32/nios2-elf/lib\libc.a(lib_a-mallocr.o)
                0x0000000008048d90                __malloc_trim_threshold
 .sdata         0x0000000008048d94        0x4 ../final_proj_bsp/\libhal_bsp.a(alt_sbrk.o)
 *(.sdata2 .sdata2.* .gnu.linkonce.s2.*)
                0x0000000008048d98                . = ALIGN (0x4)
                0x0000000008048d98                _edata = ABSOLUTE (.)
                [!provide]                        PROVIDE (edata, ABSOLUTE (.))
                0x0000000008048d98                PROVIDE (__ram_rwdata_end, ABSOLUTE (.))
                0x0000000008048d98                PROVIDE (__flash_rwdata_start, LOADADDR (.rwdata))

.bss            0x000000000804a8b0      0x180
                0x000000000804a8b0                __bss_start = ABSOLUTE (.)
                [!provide]                        PROVIDE (__sbss_start, ABSOLUTE (.))
                [!provide]                        PROVIDE (___sbss_start, ABSOLUTE (.))
 *(.dynsbss)
 *(.sbss .sbss.* .gnu.linkonce.sb.*)
 .sbss          0x000000000804a8b0       0x24 obj/default/hello_world.o
                0x000000000804a8b0                buffer_avg
                0x000000000804a8b4                buffer2_avg
                0x000000000804a8b8                effect1_avg
                0x000000000804a8bc                effect2_avg
                0x000000000804a8c0                effect3_avg
                0x000000000804a8c4                effect4_avg
                0x000000000804a8c8                interrupted
                0x000000000804a8cc                state
                0x000000000804a8d0                beat_state
 .sbss          0x000000000804a8d4        0x8 obj/default/hello_world.o
                0x000000000804a8d4                audio_dev
                0x000000000804a8d8                audio_conf
 .sbss          0x000000000804a8dc        0x4 ../final_proj_bsp/\libhal_bsp.a(alt_irq_vars.o)
                0x000000000804a8dc                alt_irq_active
 .sbss          0x000000000804a8e0        0xc ../final_proj_bsp/\libhal_bsp.a(alt_main.o)
                0x000000000804a8e0                alt_argc
                0x000000000804a8e4                alt_argv
                0x000000000804a8e8                alt_envp
 .sbss          0x000000000804a8ec        0x4 ../final_proj_bsp/\libhal_bsp.a(alt_instruction_exception_entry.o)
                0x000000000804a8ec                alt_instruction_exception_handler
 .sbss          0x000000000804a8f0        0x8 ../final_proj_bsp/\libhal_bsp.a(alt_tick.o)
                0x000000000804a8f0                _alt_tick_rate
                0x000000000804a8f4                _alt_nticks
 .sbss          0x000000000804a8f8        0x4 c:/intelfpga_lite/18.1/nios2eds/bin/gnu/h-x86_64-mingw32/bin/../lib/gcc/nios2-elf/5.3.0/../../../../../H-x86_64-mingw32/nios2-elf/lib\libc.a(lib_a-int_errno.o)
                0x000000000804a8f8                errno
 .sbss.__malloc_max_total_mem
                0x000000000804a8fc        0x4 c:/intelfpga_lite/18.1/nios2eds/bin/gnu/h-x86_64-mingw32/bin/../lib/gcc/nios2-elf/5.3.0/../../../../../H-x86_64-mingw32/nios2-elf/lib\libc.a(lib_a-mallocr.o)
                0x000000000804a8fc                __malloc_max_total_mem
 .sbss.__malloc_max_sbrked_mem
                0x000000000804a900        0x4 c:/intelfpga_lite/18.1/nios2eds/bin/gnu/h-x86_64-mingw32/bin/../lib/gcc/nios2-elf/5.3.0/../../../../../H-x86_64-mingw32/nios2-elf/lib\libc.a(lib_a-mallocr.o)
                0x000000000804a900                __malloc_max_sbrked_mem
 .sbss.__malloc_top_pad
                0x000000000804a904        0x4 c:/intelfpga_lite/18.1/nios2eds/bin/gnu/h-x86_64-mingw32/bin/../lib/gcc/nios2-elf/5.3.0/../../../../../H-x86_64-mingw32/nios2-elf/lib\libc.a(lib_a-mallocr.o)
                0x000000000804a904                __malloc_top_pad
 *(.sbss2 .sbss2.* .gnu.linkonce.sb2.*)
 *(.scommon)
                [!provide]                        PROVIDE (__sbss_end, ABSOLUTE (.))
                [!provide]                        PROVIDE (___sbss_end, ABSOLUTE (.))
 *(.dynbss)
 *(.bss .bss.* .gnu.linkonce.b.*)
 .bss           0x000000000804a908        0x0 ../final_proj_bsp//obj/HAL/src/crt0.o
 .bss           0x000000000804a908        0x0 obj/default/hello_world.o
 .bss           0x000000000804a908        0x0 c:/intelfpga_lite/18.1/nios2eds/bin/gnu/h-x86_64-mingw32/bin/../lib/gcc/nios2-elf/5.3.0\libgcc.a(lib2-divmod.o)
 .bss           0x000000000804a908        0x0 c:/intelfpga_lite/18.1/nios2eds/bin/gnu/h-x86_64-mingw32/bin/../lib/gcc/nios2-elf/5.3.0\libgcc.a(addsf3.o)
 .bss           0x000000000804a908        0x0 c:/intelfpga_lite/18.1/nios2eds/bin/gnu/h-x86_64-mingw32/bin/../lib/gcc/nios2-elf/5.3.0\libgcc.a(lesf2.o)
 .bss           0x000000000804a908        0x0 c:/intelfpga_lite/18.1/nios2eds/bin/gnu/h-x86_64-mingw32/bin/../lib/gcc/nios2-elf/5.3.0\libgcc.a(floatunsisf.o)
 .bss           0x000000000804a908        0x0 c:/intelfpga_lite/18.1/nios2eds/bin/gnu/h-x86_64-mingw32/bin/../lib/gcc/nios2-elf/5.3.0\libgcc.a(_clzsi2.o)
 .bss           0x000000000804a908        0x0 c:/intelfpga_lite/18.1/nios2eds/bin/gnu/h-x86_64-mingw32/bin/../lib/gcc/nios2-elf/5.3.0\libgcc.a(_clz.o)
 .bss           0x000000000804a908        0x0 c:/intelfpga_lite/18.1/nios2eds/bin/gnu/h-x86_64-mingw32/bin/../lib/gcc/nios2-elf/5.3.0/../../../../../H-x86_64-mingw32/nios2-elf/lib\libc.a(lib_a-clock.o)
 .bss           0x000000000804a908        0x0 c:/intelfpga_lite/18.1/nios2eds/bin/gnu/h-x86_64-mingw32/bin/../lib/gcc/nios2-elf/5.3.0/../../../../../H-x86_64-mingw32/nios2-elf/lib\libc.a(lib_a-impure.o)
 .bss           0x000000000804a908        0x0 c:/intelfpga_lite/18.1/nios2eds/bin/gnu/h-x86_64-mingw32/bin/../lib/gcc/nios2-elf/5.3.0/../../../../../H-x86_64-mingw32/nios2-elf/lib\libc.a(lib_a-timesr.o)
 .bss           0x000000000804a908        0x0 ../final_proj_bsp/\libhal_bsp.a(alt_iic.o)
 .bss           0x000000000804a908        0x0 ../final_proj_bsp/\libhal_bsp.a(alt_iic_isr_register.o)
 .bss           0x000000000804a908        0x0 ../final_proj_bsp/\libhal_bsp.a(alt_irq_entry.o)
 .bss           0x000000000804a908        0x0 ../final_proj_bsp/\libhal_bsp.a(alt_irq_handler.o)
 .bss           0x000000000804a908        0x0 ../final_proj_bsp/\libhal_bsp.a(alt_irq_vars.o)
 .bss           0x000000000804a908        0x0 ../final_proj_bsp/\libhal_bsp.a(alt_load.o)
 .bss           0x000000000804a908        0x0 ../final_proj_bsp/\libhal_bsp.a(alt_main.o)
 .bss           0x000000000804a908        0x0 ../final_proj_bsp/\libhal_bsp.a(alt_printf.o)
 .bss           0x000000000804a908        0x0 ../final_proj_bsp/\libhal_bsp.a(alt_putchar.o)
 .bss           0x000000000804a908        0x0 ../final_proj_bsp/\libhal_bsp.a(alt_times.o)
 .bss           0x000000000804a908        0x0 ../final_proj_bsp/\libhal_bsp.a(alt_sys_init.o)
 .bss           0x000000000804a908        0x0 ../final_proj_bsp/\libhal_bsp.a(altera_avalon_jtag_uart_fd.o)
 .bss           0x000000000804a908        0x0 ../final_proj_bsp/\libhal_bsp.a(altera_avalon_jtag_uart_init.o)
 .bss           0x000000000804a908        0x0 ../final_proj_bsp/\libhal_bsp.a(altera_avalon_jtag_uart_ioctl.o)
 .bss           0x000000000804a908        0x0 ../final_proj_bsp/\libhal_bsp.a(altera_avalon_jtag_uart_read.o)
 .bss           0x000000000804a908        0x0 ../final_proj_bsp/\libhal_bsp.a(altera_avalon_jtag_uart_write.o)
 .bss           0x000000000804a908        0x0 ../final_proj_bsp/\libhal_bsp.a(altera_avalon_timer_sc.o)
 .bss           0x000000000804a908        0x0 ../final_proj_bsp/\libhal_bsp.a(altera_up_avalon_audio.o)
 .bss           0x000000000804a908        0x0 ../final_proj_bsp/\libhal_bsp.a(altera_up_avalon_audio_and_video_config.o)
 .bss           0x000000000804a908        0x0 ../final_proj_bsp/\libhal_bsp.a(alt_alarm_start.o)
 .bss           0x000000000804a908        0x0 ../final_proj_bsp/\libhal_bsp.a(alt_close.o)
 .bss           0x000000000804a908        0x0 ../final_proj_bsp/\libhal_bsp.a(alt_dcache_flush_all.o)
 .bss           0x000000000804a908        0x0 ../final_proj_bsp/\libhal_bsp.a(alt_dev.o)
 .bss           0x000000000804a908        0x0 ../final_proj_bsp/\libhal_bsp.a(alt_dev_llist_insert.o)
 .bss           0x000000000804a908        0x0 ../final_proj_bsp/\libhal_bsp.a(alt_do_ctors.o)
 .bss           0x000000000804a908        0x0 ../final_proj_bsp/\libhal_bsp.a(alt_do_dtors.o)
 .bss           0x000000000804a908        0x0 ../final_proj_bsp/\libhal_bsp.a(alt_errno.o)
 .bss           0x000000000804a908        0x0 ../final_proj_bsp/\libhal_bsp.a(alt_exception_entry.o)
 .bss           0x000000000804a908        0x0 ../final_proj_bsp/\libhal_bsp.a(alt_find_dev.o)
 .bss           0x000000000804a908        0x0 ../final_proj_bsp/\libhal_bsp.a(alt_icache_flush_all.o)
 .bss           0x000000000804a908        0x0 ../final_proj_bsp/\libhal_bsp.a(alt_instruction_exception_entry.o)
 .bss           0x000000000804a908        0x0 ../final_proj_bsp/\libhal_bsp.a(alt_io_redirect.o)
 .bss           0x000000000804a908        0x0 ../final_proj_bsp/\libhal_bsp.a(alt_open.o)
 .bss           0x000000000804a908        0x0 ../final_proj_bsp/\libhal_bsp.a(alt_release_fd.o)
 .bss           0x000000000804a908        0x0 ../final_proj_bsp/\libhal_bsp.a(alt_tick.o)
 .bss           0x000000000804a908        0x0 ../final_proj_bsp/\libhal_bsp.a(altera_nios2_gen2_irq.o)
 .bss           0x000000000804a908        0x0 ../final_proj_bsp/\libhal_bsp.a(alt_find_file.o)
 .bss           0x000000000804a908        0x0 ../final_proj_bsp/\libhal_bsp.a(alt_get_fd.o)
 .bss           0x000000000804a908        0x0 ../final_proj_bsp/\libhal_bsp.a(alt_icache_flush.o)
 .bss           0x000000000804a908        0x0 c:/intelfpga_lite/18.1/nios2eds/bin/gnu/h-x86_64-mingw32/bin/../lib/gcc/nios2-elf/5.3.0/../../../../../H-x86_64-mingw32/nios2-elf/lib\libc.a(lib_a-atexit.o)
 .bss           0x000000000804a908        0x0 c:/intelfpga_lite/18.1/nios2eds/bin/gnu/h-x86_64-mingw32/bin/../lib/gcc/nios2-elf/5.3.0/../../../../../H-x86_64-mingw32/nios2-elf/lib\libc.a(lib_a-exit.o)
 .bss           0x000000000804a908        0x0 c:/intelfpga_lite/18.1/nios2eds/bin/gnu/h-x86_64-mingw32/bin/../lib/gcc/nios2-elf/5.3.0/../../../../../H-x86_64-mingw32/nios2-elf/lib\libc.a(lib_a-int_errno.o)
 .bss           0x000000000804a908        0x0 c:/intelfpga_lite/18.1/nios2eds/bin/gnu/h-x86_64-mingw32/bin/../lib/gcc/nios2-elf/5.3.0/../../../../../H-x86_64-mingw32/nios2-elf/lib\libc.a(lib_a-memcmp.o)
 .bss           0x000000000804a908        0x0 c:/intelfpga_lite/18.1/nios2eds/bin/gnu/h-x86_64-mingw32/bin/../lib/gcc/nios2-elf/5.3.0/../../../../../H-x86_64-mingw32/nios2-elf/lib\libc.a(lib_a-memcpy.o)
 .bss           0x000000000804a908        0x0 c:/intelfpga_lite/18.1/nios2eds/bin/gnu/h-x86_64-mingw32/bin/../lib/gcc/nios2-elf/5.3.0/../../../../../H-x86_64-mingw32/nios2-elf/lib\libc.a(lib_a-putc.o)
 .bss           0x000000000804a908        0x0 c:/intelfpga_lite/18.1/nios2eds/bin/gnu/h-x86_64-mingw32/bin/../lib/gcc/nios2-elf/5.3.0/../../../../../H-x86_64-mingw32/nios2-elf/lib\libc.a(lib_a-strlen.o)
 .bss           0x000000000804a908        0x0 c:/intelfpga_lite/18.1/nios2eds/bin/gnu/h-x86_64-mingw32/bin/../lib/gcc/nios2-elf/5.3.0/../../../../../H-x86_64-mingw32/nios2-elf/lib\libc.a(lib_a-wbuf.o)
 .bss           0x000000000804a908        0x0 c:/intelfpga_lite/18.1/nios2eds/bin/gnu/h-x86_64-mingw32/bin/../lib/gcc/nios2-elf/5.3.0/../../../../../H-x86_64-mingw32/nios2-elf/lib\libc.a(lib_a-wsetup.o)
 .bss           0x000000000804a908        0x0 c:/intelfpga_lite/18.1/nios2eds/bin/gnu/h-x86_64-mingw32/bin/../lib/gcc/nios2-elf/5.3.0/../../../../../H-x86_64-mingw32/nios2-elf/lib\libc.a(lib_a-__atexit.o)
 .bss           0x000000000804a908        0x0 c:/intelfpga_lite/18.1/nios2eds/bin/gnu/h-x86_64-mingw32/bin/../lib/gcc/nios2-elf/5.3.0/../../../../../H-x86_64-mingw32/nios2-elf/lib\libc.a(lib_a-__call_atexit.o)
 .bss           0x000000000804a908        0x0 c:/intelfpga_lite/18.1/nios2eds/bin/gnu/h-x86_64-mingw32/bin/../lib/gcc/nios2-elf/5.3.0/../../../../../H-x86_64-mingw32/nios2-elf/lib\libc.a(lib_a-fflush.o)
 .bss           0x000000000804a908        0x0 c:/intelfpga_lite/18.1/nios2eds/bin/gnu/h-x86_64-mingw32/bin/../lib/gcc/nios2-elf/5.3.0/../../../../../H-x86_64-mingw32/nios2-elf/lib\libc.a(lib_a-findfp.o)
 .bss           0x000000000804a908        0x0 c:/intelfpga_lite/18.1/nios2eds/bin/gnu/h-x86_64-mingw32/bin/../lib/gcc/nios2-elf/5.3.0/../../../../../H-x86_64-mingw32/nios2-elf/lib\libc.a(lib_a-freer.o)
 .bss           0x000000000804a908        0x0 c:/intelfpga_lite/18.1/nios2eds/bin/gnu/h-x86_64-mingw32/bin/../lib/gcc/nios2-elf/5.3.0/../../../../../H-x86_64-mingw32/nios2-elf/lib\libc.a(lib_a-fwalk.o)
 .bss           0x000000000804a908        0x0 c:/intelfpga_lite/18.1/nios2eds/bin/gnu/h-x86_64-mingw32/bin/../lib/gcc/nios2-elf/5.3.0/../../../../../H-x86_64-mingw32/nios2-elf/lib\libc.a(lib_a-makebuf.o)
 .bss           0x000000000804a908        0x0 c:/intelfpga_lite/18.1/nios2eds/bin/gnu/h-x86_64-mingw32/bin/../lib/gcc/nios2-elf/5.3.0/../../../../../H-x86_64-mingw32/nios2-elf/lib\libc.a(lib_a-mallocr.o)
 .bss.__malloc_current_mallinfo
                0x000000000804a908       0x28 c:/intelfpga_lite/18.1/nios2eds/bin/gnu/h-x86_64-mingw32/bin/../lib/gcc/nios2-elf/5.3.0/../../../../../H-x86_64-mingw32/nios2-elf/lib\libc.a(lib_a-mallocr.o)
                0x000000000804a908                __malloc_current_mallinfo
 .bss           0x000000000804a930        0x0 c:/intelfpga_lite/18.1/nios2eds/bin/gnu/h-x86_64-mingw32/bin/../lib/gcc/nios2-elf/5.3.0/../../../../../H-x86_64-mingw32/nios2-elf/lib\libc.a(lib_a-memset.o)
 .bss           0x000000000804a930        0x0 c:/intelfpga_lite/18.1/nios2eds/bin/gnu/h-x86_64-mingw32/bin/../lib/gcc/nios2-elf/5.3.0/../../../../../H-x86_64-mingw32/nios2-elf/lib\libc.a(lib_a-sbrkr.o)
 .bss           0x000000000804a930        0x0 c:/intelfpga_lite/18.1/nios2eds/bin/gnu/h-x86_64-mingw32/bin/../lib/gcc/nios2-elf/5.3.0/../../../../../H-x86_64-mingw32/nios2-elf/lib\libc.a(lib_a-stdio.o)
 .bss           0x000000000804a930        0x0 c:/intelfpga_lite/18.1/nios2eds/bin/gnu/h-x86_64-mingw32/bin/../lib/gcc/nios2-elf/5.3.0/../../../../../H-x86_64-mingw32/nios2-elf/lib\libc.a(lib_a-writer.o)
 .bss           0x000000000804a930        0x0 c:/intelfpga_lite/18.1/nios2eds/bin/gnu/h-x86_64-mingw32/bin/../lib/gcc/nios2-elf/5.3.0/../../../../../H-x86_64-mingw32/nios2-elf/lib\libc.a(closer.o)
 .bss           0x000000000804a930        0x0 c:/intelfpga_lite/18.1/nios2eds/bin/gnu/h-x86_64-mingw32/bin/../lib/gcc/nios2-elf/5.3.0/../../../../../H-x86_64-mingw32/nios2-elf/lib\libc.a(lib_a-fclose.o)
 .bss           0x000000000804a930        0x0 c:/intelfpga_lite/18.1/nios2eds/bin/gnu/h-x86_64-mingw32/bin/../lib/gcc/nios2-elf/5.3.0/../../../../../H-x86_64-mingw32/nios2-elf/lib\libc.a(lib_a-fstatr.o)
 .bss           0x000000000804a930        0x0 c:/intelfpga_lite/18.1/nios2eds/bin/gnu/h-x86_64-mingw32/bin/../lib/gcc/nios2-elf/5.3.0/../../../../../H-x86_64-mingw32/nios2-elf/lib\libc.a(lib_a-isattyr.o)
 .bss           0x000000000804a930        0x0 c:/intelfpga_lite/18.1/nios2eds/bin/gnu/h-x86_64-mingw32/bin/../lib/gcc/nios2-elf/5.3.0/../../../../../H-x86_64-mingw32/nios2-elf/lib\libc.a(lib_a-lseekr.o)
 .bss           0x000000000804a930        0x0 c:/intelfpga_lite/18.1/nios2eds/bin/gnu/h-x86_64-mingw32/bin/../lib/gcc/nios2-elf/5.3.0/../../../../../H-x86_64-mingw32/nios2-elf/lib\libc.a(lib_a-readr.o)
 .bss           0x000000000804a930        0x0 ../final_proj_bsp/\libhal_bsp.a(alt_exit.o)
 .bss           0x000000000804a930        0x0 ../final_proj_bsp/\libhal_bsp.a(alt_fstat.o)
 .bss           0x000000000804a930        0x0 ../final_proj_bsp/\libhal_bsp.a(alt_isatty.o)
 .bss           0x000000000804a930        0x0 ../final_proj_bsp/\libhal_bsp.a(alt_lseek.o)
 .bss           0x000000000804a930        0x0 ../final_proj_bsp/\libhal_bsp.a(alt_malloc_lock.o)
 .bss           0x000000000804a930        0x0 ../final_proj_bsp/\libhal_bsp.a(alt_read.o)
 .bss           0x000000000804a930        0x0 ../final_proj_bsp/\libhal_bsp.a(alt_sbrk.o)
 .bss           0x000000000804a930        0x0 ../final_proj_bsp/\libhal_bsp.a(alt_write.o)
 *(COMMON)
 COMMON         0x000000000804a930      0x100 ../final_proj_bsp/\libhal_bsp.a(alt_irq_handler.o)
                0x000000000804a930                alt_irq
                0x000000000804aa30                . = ALIGN (0x4)
                0x000000000804aa30                __bss_end = ABSOLUTE (.)

.new_sdram_controller_0
                0x0000000004000000        0x0 load address 0x000000000804aa30
                [!provide]                        PROVIDE (_alt_partition_new_sdram_controller_0_start, ABSOLUTE (.))
 *(.new_sdram_controller_0 .new_sdram_controller_0. new_sdram_controller_0.*)
                0x0000000004000000                . = ALIGN (0x4)
                [!provide]                        PROVIDE (_alt_partition_new_sdram_controller_0_end, ABSOLUTE (.))
                [!provide]                        PROVIDE (_alt_partition_new_sdram_controller_0_load_addr, LOADADDR (.new_sdram_controller_0))

.onchip_memory2_0
                0x000000000804aa30        0x0
                [!provide]                        PROVIDE (_alt_partition_onchip_memory2_0_start, ABSOLUTE (.))
 *(.onchip_memory2_0 .onchip_memory2_0. onchip_memory2_0.*)
                0x000000000804aa30                . = ALIGN (0x4)
                [!provide]                        PROVIDE (_alt_partition_onchip_memory2_0_end, ABSOLUTE (.))
                0x000000000804aa30                _end = ABSOLUTE (.)
                0x000000000804aa30                end = ABSOLUTE (.)
                0x000000000804aa30                __alt_stack_base = ABSOLUTE (.)
                [!provide]                        PROVIDE (_alt_partition_onchip_memory2_0_load_addr, LOADADDR (.onchip_memory2_0))

.stab
 *(.stab)

.stabstr
 *(.stabstr)

.stab.excl
 *(.stab.excl)

.stab.exclstr
 *(.stab.exclstr)

.stab.index
 *(.stab.index)

.stab.indexstr
 *(.stab.indexstr)

.comment        0x0000000000000000       0x23
 *(.comment)
 .comment       0x0000000000000000       0x23 obj/default/hello_world.o
                                         0x24 (size before relaxing)
 .comment       0x0000000000000023       0x24 c:/intelfpga_lite/18.1/nios2eds/bin/gnu/h-x86_64-mingw32/bin/../lib/gcc/nios2-elf/5.3.0\libgcc.a(lib2-divmod.o)
 .comment       0x0000000000000023       0x24 c:/intelfpga_lite/18.1/nios2eds/bin/gnu/h-x86_64-mingw32/bin/../lib/gcc/nios2-elf/5.3.0\libgcc.a(addsf3.o)
 .comment       0x0000000000000023       0x24 c:/intelfpga_lite/18.1/nios2eds/bin/gnu/h-x86_64-mingw32/bin/../lib/gcc/nios2-elf/5.3.0\libgcc.a(lesf2.o)
 .comment       0x0000000000000023       0x24 c:/intelfpga_lite/18.1/nios2eds/bin/gnu/h-x86_64-mingw32/bin/../lib/gcc/nios2-elf/5.3.0\libgcc.a(floatunsisf.o)
 .comment       0x0000000000000023       0x24 c:/intelfpga_lite/18.1/nios2eds/bin/gnu/h-x86_64-mingw32/bin/../lib/gcc/nios2-elf/5.3.0\libgcc.a(_clzsi2.o)
 .comment       0x0000000000000023       0x24 c:/intelfpga_lite/18.1/nios2eds/bin/gnu/h-x86_64-mingw32/bin/../lib/gcc/nios2-elf/5.3.0\libgcc.a(_clz.o)
 .comment       0x0000000000000023       0x24 c:/intelfpga_lite/18.1/nios2eds/bin/gnu/h-x86_64-mingw32/bin/../lib/gcc/nios2-elf/5.3.0/../../../../../H-x86_64-mingw32/nios2-elf/lib\libc.a(lib_a-clock.o)
 .comment       0x0000000000000023       0x24 c:/intelfpga_lite/18.1/nios2eds/bin/gnu/h-x86_64-mingw32/bin/../lib/gcc/nios2-elf/5.3.0/../../../../../H-x86_64-mingw32/nios2-elf/lib\libc.a(lib_a-impure.o)
 .comment       0x0000000000000023       0x24 c:/intelfpga_lite/18.1/nios2eds/bin/gnu/h-x86_64-mingw32/bin/../lib/gcc/nios2-elf/5.3.0/../../../../../H-x86_64-mingw32/nios2-elf/lib\libc.a(lib_a-timesr.o)
 .comment       0x0000000000000023       0x24 ../final_proj_bsp/\libhal_bsp.a(alt_iic.o)
 .comment       0x0000000000000023       0x24 ../final_proj_bsp/\libhal_bsp.a(alt_iic_isr_register.o)
 .comment       0x0000000000000023       0x24 ../final_proj_bsp/\libhal_bsp.a(alt_irq_handler.o)
 .comment       0x0000000000000023       0x24 ../final_proj_bsp/\libhal_bsp.a(alt_irq_vars.o)
 .comment       0x0000000000000023       0x24 ../final_proj_bsp/\libhal_bsp.a(alt_load.o)
 .comment       0x0000000000000023       0x24 ../final_proj_bsp/\libhal_bsp.a(alt_main.o)
 .comment       0x0000000000000023       0x24 ../final_proj_bsp/\libhal_bsp.a(alt_printf.o)
 .comment       0x0000000000000023       0x24 ../final_proj_bsp/\libhal_bsp.a(alt_putchar.o)
 .comment       0x0000000000000023       0x24 ../final_proj_bsp/\libhal_bsp.a(alt_times.o)
 .comment       0x0000000000000023       0x24 ../final_proj_bsp/\libhal_bsp.a(alt_sys_init.o)
 .comment       0x0000000000000023       0x24 ../final_proj_bsp/\libhal_bsp.a(altera_avalon_jtag_uart_fd.o)
 .comment       0x0000000000000023       0x24 ../final_proj_bsp/\libhal_bsp.a(altera_avalon_jtag_uart_init.o)
 .comment       0x0000000000000023       0x24 ../final_proj_bsp/\libhal_bsp.a(altera_avalon_jtag_uart_ioctl.o)
 .comment       0x0000000000000023       0x24 ../final_proj_bsp/\libhal_bsp.a(altera_avalon_jtag_uart_read.o)
 .comment       0x0000000000000023       0x24 ../final_proj_bsp/\libhal_bsp.a(altera_avalon_jtag_uart_write.o)
 .comment       0x0000000000000023       0x24 ../final_proj_bsp/\libhal_bsp.a(altera_avalon_timer_sc.o)
 .comment       0x0000000000000023       0x24 ../final_proj_bsp/\libhal_bsp.a(altera_up_avalon_audio.o)
 .comment       0x0000000000000023       0x24 ../final_proj_bsp/\libhal_bsp.a(altera_up_avalon_audio_and_video_config.o)
 .comment       0x0000000000000023       0x24 ../final_proj_bsp/\libhal_bsp.a(alt_alarm_start.o)
 .comment       0x0000000000000023       0x24 ../final_proj_bsp/\libhal_bsp.a(alt_close.o)
 .comment       0x0000000000000023       0x24 ../final_proj_bsp/\libhal_bsp.a(alt_dcache_flush_all.o)
 .comment       0x0000000000000023       0x24 ../final_proj_bsp/\libhal_bsp.a(alt_dev.o)
 .comment       0x0000000000000023       0x24 ../final_proj_bsp/\libhal_bsp.a(alt_dev_llist_insert.o)
 .comment       0x0000000000000023       0x24 ../final_proj_bsp/\libhal_bsp.a(alt_do_ctors.o)
 .comment       0x0000000000000023       0x24 ../final_proj_bsp/\libhal_bsp.a(alt_do_dtors.o)
 .comment       0x0000000000000023       0x24 ../final_proj_bsp/\libhal_bsp.a(alt_errno.o)
 .comment       0x0000000000000023       0x24 ../final_proj_bsp/\libhal_bsp.a(alt_find_dev.o)
 .comment       0x0000000000000023       0x24 ../final_proj_bsp/\libhal_bsp.a(alt_icache_flush_all.o)
 .comment       0x0000000000000023       0x24 ../final_proj_bsp/\libhal_bsp.a(alt_instruction_exception_entry.o)
 .comment       0x0000000000000023       0x24 ../final_proj_bsp/\libhal_bsp.a(alt_io_redirect.o)
 .comment       0x0000000000000023       0x24 ../final_proj_bsp/\libhal_bsp.a(alt_open.o)
 .comment       0x0000000000000023       0x24 ../final_proj_bsp/\libhal_bsp.a(alt_release_fd.o)
 .comment       0x0000000000000023       0x24 ../final_proj_bsp/\libhal_bsp.a(alt_tick.o)
 .comment       0x0000000000000023       0x24 ../final_proj_bsp/\libhal_bsp.a(altera_nios2_gen2_irq.o)
 .comment       0x0000000000000023       0x24 ../final_proj_bsp/\libhal_bsp.a(alt_find_file.o)
 .comment       0x0000000000000023       0x24 ../final_proj_bsp/\libhal_bsp.a(alt_get_fd.o)
 .comment       0x0000000000000023       0x24 ../final_proj_bsp/\libhal_bsp.a(alt_icache_flush.o)
 .comment       0x0000000000000023       0x24 c:/intelfpga_lite/18.1/nios2eds/bin/gnu/h-x86_64-mingw32/bin/../lib/gcc/nios2-elf/5.3.0/../../../../../H-x86_64-mingw32/nios2-elf/lib\libc.a(lib_a-atexit.o)
 .comment       0x0000000000000023       0x24 c:/intelfpga_lite/18.1/nios2eds/bin/gnu/h-x86_64-mingw32/bin/../lib/gcc/nios2-elf/5.3.0/../../../../../H-x86_64-mingw32/nios2-elf/lib\libc.a(lib_a-exit.o)
 .comment       0x0000000000000023       0x24 c:/intelfpga_lite/18.1/nios2eds/bin/gnu/h-x86_64-mingw32/bin/../lib/gcc/nios2-elf/5.3.0/../../../../../H-x86_64-mingw32/nios2-elf/lib\libc.a(lib_a-int_errno.o)
 .comment       0x0000000000000023       0x24 c:/intelfpga_lite/18.1/nios2eds/bin/gnu/h-x86_64-mingw32/bin/../lib/gcc/nios2-elf/5.3.0/../../../../../H-x86_64-mingw32/nios2-elf/lib\libc.a(lib_a-memcmp.o)
 .comment       0x0000000000000023       0x24 c:/intelfpga_lite/18.1/nios2eds/bin/gnu/h-x86_64-mingw32/bin/../lib/gcc/nios2-elf/5.3.0/../../../../../H-x86_64-mingw32/nios2-elf/lib\libc.a(lib_a-memcpy.o)
 .comment       0x0000000000000023       0x24 c:/intelfpga_lite/18.1/nios2eds/bin/gnu/h-x86_64-mingw32/bin/../lib/gcc/nios2-elf/5.3.0/../../../../../H-x86_64-mingw32/nios2-elf/lib\libc.a(lib_a-putc.o)
 .comment       0x0000000000000023       0x24 c:/intelfpga_lite/18.1/nios2eds/bin/gnu/h-x86_64-mingw32/bin/../lib/gcc/nios2-elf/5.3.0/../../../../../H-x86_64-mingw32/nios2-elf/lib\libc.a(lib_a-strlen.o)
 .comment       0x0000000000000023       0x24 c:/intelfpga_lite/18.1/nios2eds/bin/gnu/h-x86_64-mingw32/bin/../lib/gcc/nios2-elf/5.3.0/../../../../../H-x86_64-mingw32/nios2-elf/lib\libc.a(lib_a-wbuf.o)
 .comment       0x0000000000000023       0x24 c:/intelfpga_lite/18.1/nios2eds/bin/gnu/h-x86_64-mingw32/bin/../lib/gcc/nios2-elf/5.3.0/../../../../../H-x86_64-mingw32/nios2-elf/lib\libc.a(lib_a-wsetup.o)
 .comment       0x0000000000000023       0x24 c:/intelfpga_lite/18.1/nios2eds/bin/gnu/h-x86_64-mingw32/bin/../lib/gcc/nios2-elf/5.3.0/../../../../../H-x86_64-mingw32/nios2-elf/lib\libc.a(lib_a-__atexit.o)
 .comment       0x0000000000000023       0x24 c:/intelfpga_lite/18.1/nios2eds/bin/gnu/h-x86_64-mingw32/bin/../lib/gcc/nios2-elf/5.3.0/../../../../../H-x86_64-mingw32/nios2-elf/lib\libc.a(lib_a-__call_atexit.o)
 .comment       0x0000000000000023       0x24 c:/intelfpga_lite/18.1/nios2eds/bin/gnu/h-x86_64-mingw32/bin/../lib/gcc/nios2-elf/5.3.0/../../../../../H-x86_64-mingw32/nios2-elf/lib\libc.a(lib_a-fflush.o)
 .comment       0x0000000000000023       0x24 c:/intelfpga_lite/18.1/nios2eds/bin/gnu/h-x86_64-mingw32/bin/../lib/gcc/nios2-elf/5.3.0/../../../../../H-x86_64-mingw32/nios2-elf/lib\libc.a(lib_a-findfp.o)
 .comment       0x0000000000000023       0x24 c:/intelfpga_lite/18.1/nios2eds/bin/gnu/h-x86_64-mingw32/bin/../lib/gcc/nios2-elf/5.3.0/../../../../../H-x86_64-mingw32/nios2-elf/lib\libc.a(lib_a-freer.o)
 .comment       0x0000000000000023       0x24 c:/intelfpga_lite/18.1/nios2eds/bin/gnu/h-x86_64-mingw32/bin/../lib/gcc/nios2-elf/5.3.0/../../../../../H-x86_64-mingw32/nios2-elf/lib\libc.a(lib_a-fwalk.o)
 .comment       0x0000000000000023       0x24 c:/intelfpga_lite/18.1/nios2eds/bin/gnu/h-x86_64-mingw32/bin/../lib/gcc/nios2-elf/5.3.0/../../../../../H-x86_64-mingw32/nios2-elf/lib\libc.a(lib_a-makebuf.o)
 .comment       0x0000000000000023       0x24 c:/intelfpga_lite/18.1/nios2eds/bin/gnu/h-x86_64-mingw32/bin/../lib/gcc/nios2-elf/5.3.0/../../../../../H-x86_64-mingw32/nios2-elf/lib\libc.a(lib_a-mallocr.o)
 .comment       0x0000000000000023       0x24 c:/intelfpga_lite/18.1/nios2eds/bin/gnu/h-x86_64-mingw32/bin/../lib/gcc/nios2-elf/5.3.0/../../../../../H-x86_64-mingw32/nios2-elf/lib\libc.a(lib_a-memset.o)
 .comment       0x0000000000000023       0x24 c:/intelfpga_lite/18.1/nios2eds/bin/gnu/h-x86_64-mingw32/bin/../lib/gcc/nios2-elf/5.3.0/../../../../../H-x86_64-mingw32/nios2-elf/lib\libc.a(lib_a-sbrkr.o)
 .comment       0x0000000000000023       0x24 c:/intelfpga_lite/18.1/nios2eds/bin/gnu/h-x86_64-mingw32/bin/../lib/gcc/nios2-elf/5.3.0/../../../../../H-x86_64-mingw32/nios2-elf/lib\libc.a(lib_a-stdio.o)
 .comment       0x0000000000000023       0x24 c:/intelfpga_lite/18.1/nios2eds/bin/gnu/h-x86_64-mingw32/bin/../lib/gcc/nios2-elf/5.3.0/../../../../../H-x86_64-mingw32/nios2-elf/lib\libc.a(lib_a-writer.o)
 .comment       0x0000000000000023       0x24 c:/intelfpga_lite/18.1/nios2eds/bin/gnu/h-x86_64-mingw32/bin/../lib/gcc/nios2-elf/5.3.0/../../../../../H-x86_64-mingw32/nios2-elf/lib\libc.a(closer.o)
 .comment       0x0000000000000023       0x24 c:/intelfpga_lite/18.1/nios2eds/bin/gnu/h-x86_64-mingw32/bin/../lib/gcc/nios2-elf/5.3.0/../../../../../H-x86_64-mingw32/nios2-elf/lib\libc.a(lib_a-fclose.o)
 .comment       0x0000000000000023       0x24 c:/intelfpga_lite/18.1/nios2eds/bin/gnu/h-x86_64-mingw32/bin/../lib/gcc/nios2-elf/5.3.0/../../../../../H-x86_64-mingw32/nios2-elf/lib\libc.a(lib_a-fstatr.o)
 .comment       0x0000000000000023       0x24 c:/intelfpga_lite/18.1/nios2eds/bin/gnu/h-x86_64-mingw32/bin/../lib/gcc/nios2-elf/5.3.0/../../../../../H-x86_64-mingw32/nios2-elf/lib\libc.a(lib_a-isattyr.o)
 .comment       0x0000000000000023       0x24 c:/intelfpga_lite/18.1/nios2eds/bin/gnu/h-x86_64-mingw32/bin/../lib/gcc/nios2-elf/5.3.0/../../../../../H-x86_64-mingw32/nios2-elf/lib\libc.a(lib_a-lseekr.o)
 .comment       0x0000000000000023       0x24 c:/intelfpga_lite/18.1/nios2eds/bin/gnu/h-x86_64-mingw32/bin/../lib/gcc/nios2-elf/5.3.0/../../../../../H-x86_64-mingw32/nios2-elf/lib\libc.a(lib_a-readr.o)
 .comment       0x0000000000000023       0x24 ../final_proj_bsp/\libhal_bsp.a(alt_exit.o)
 .comment       0x0000000000000023       0x24 ../final_proj_bsp/\libhal_bsp.a(alt_fstat.o)
 .comment       0x0000000000000023       0x24 ../final_proj_bsp/\libhal_bsp.a(alt_isatty.o)
 .comment       0x0000000000000023       0x24 ../final_proj_bsp/\libhal_bsp.a(alt_lseek.o)
 .comment       0x0000000000000023       0x24 ../final_proj_bsp/\libhal_bsp.a(alt_malloc_lock.o)
 .comment       0x0000000000000023       0x24 ../final_proj_bsp/\libhal_bsp.a(alt_read.o)
 .comment       0x0000000000000023       0x24 ../final_proj_bsp/\libhal_bsp.a(alt_sbrk.o)
 .comment       0x0000000000000023       0x24 ../final_proj_bsp/\libhal_bsp.a(alt_write.o)

.debug
 *(.debug)

.line
 *(.line)

.debug_srcinfo
 *(.debug_srcinfo)

.debug_sfnames
 *(.debug_sfnames)

.debug_aranges  0x0000000000000000      0xb50
 *(.debug_aranges)
 .debug_aranges
                0x0000000000000000       0x28 ../final_proj_bsp//obj/HAL/src/crt0.o
 .debug_aranges
                0x0000000000000028       0x20 obj/default/hello_world.o
 .debug_aranges
                0x0000000000000048       0x20 c:/intelfpga_lite/18.1/nios2eds/bin/gnu/h-x86_64-mingw32/bin/../lib/gcc/nios2-elf/5.3.0\libgcc.a(lib2-divmod.o)
 .debug_aranges
                0x0000000000000068       0x20 c:/intelfpga_lite/18.1/nios2eds/bin/gnu/h-x86_64-mingw32/bin/../lib/gcc/nios2-elf/5.3.0\libgcc.a(addsf3.o)
 .debug_aranges
                0x0000000000000088       0x20 c:/intelfpga_lite/18.1/nios2eds/bin/gnu/h-x86_64-mingw32/bin/../lib/gcc/nios2-elf/5.3.0\libgcc.a(lesf2.o)
 .debug_aranges
                0x00000000000000a8       0x20 c:/intelfpga_lite/18.1/nios2eds/bin/gnu/h-x86_64-mingw32/bin/../lib/gcc/nios2-elf/5.3.0\libgcc.a(floatunsisf.o)
 .debug_aranges
                0x00000000000000c8       0x20 c:/intelfpga_lite/18.1/nios2eds/bin/gnu/h-x86_64-mingw32/bin/../lib/gcc/nios2-elf/5.3.0\libgcc.a(_clzsi2.o)
 .debug_aranges
                0x00000000000000e8       0x18 c:/intelfpga_lite/18.1/nios2eds/bin/gnu/h-x86_64-mingw32/bin/../lib/gcc/nios2-elf/5.3.0\libgcc.a(_clz.o)
 .debug_aranges
                0x0000000000000100       0x20 c:/intelfpga_lite/18.1/nios2eds/bin/gnu/h-x86_64-mingw32/bin/../lib/gcc/nios2-elf/5.3.0/../../../../../H-x86_64-mingw32/nios2-elf/lib\libc.a(lib_a-clock.o)
 .debug_aranges
                0x0000000000000120       0x18 c:/intelfpga_lite/18.1/nios2eds/bin/gnu/h-x86_64-mingw32/bin/../lib/gcc/nios2-elf/5.3.0/../../../../../H-x86_64-mingw32/nios2-elf/lib\libc.a(lib_a-impure.o)
 .debug_aranges
                0x0000000000000138       0x20 c:/intelfpga_lite/18.1/nios2eds/bin/gnu/h-x86_64-mingw32/bin/../lib/gcc/nios2-elf/5.3.0/../../../../../H-x86_64-mingw32/nios2-elf/lib\libc.a(lib_a-timesr.o)
 .debug_aranges
                0x0000000000000158       0x20 ../final_proj_bsp/\libhal_bsp.a(alt_iic.o)
 .debug_aranges
                0x0000000000000178       0x20 ../final_proj_bsp/\libhal_bsp.a(alt_iic_isr_register.o)
 .debug_aranges
                0x0000000000000198       0x30 ../final_proj_bsp/\libhal_bsp.a(alt_irq_entry.o)
 .debug_aranges
                0x00000000000001c8       0x20 ../final_proj_bsp/\libhal_bsp.a(alt_irq_handler.o)
 .debug_aranges
                0x00000000000001e8       0x18 ../final_proj_bsp/\libhal_bsp.a(alt_irq_vars.o)
 .debug_aranges
                0x0000000000000200       0x20 ../final_proj_bsp/\libhal_bsp.a(alt_load.o)
 .debug_aranges
                0x0000000000000220       0x20 ../final_proj_bsp/\libhal_bsp.a(alt_main.o)
 .debug_aranges
                0x0000000000000240       0x20 ../final_proj_bsp/\libhal_bsp.a(alt_printf.o)
 .debug_aranges
                0x0000000000000260       0x20 ../final_proj_bsp/\libhal_bsp.a(alt_putchar.o)
 .debug_aranges
                0x0000000000000280       0x20 ../final_proj_bsp/\libhal_bsp.a(alt_times.o)
 .debug_aranges
                0x00000000000002a0       0x20 ../final_proj_bsp/\libhal_bsp.a(alt_sys_init.o)
 .debug_aranges
                0x00000000000002c0       0x20 ../final_proj_bsp/\libhal_bsp.a(altera_avalon_jtag_uart_fd.o)
 .debug_aranges
                0x00000000000002e0       0x20 ../final_proj_bsp/\libhal_bsp.a(altera_avalon_jtag_uart_init.o)
 .debug_aranges
                0x0000000000000300       0x20 ../final_proj_bsp/\libhal_bsp.a(altera_avalon_jtag_uart_ioctl.o)
 .debug_aranges
                0x0000000000000320       0x20 ../final_proj_bsp/\libhal_bsp.a(altera_avalon_jtag_uart_read.o)
 .debug_aranges
                0x0000000000000340       0x20 ../final_proj_bsp/\libhal_bsp.a(altera_avalon_jtag_uart_write.o)
 .debug_aranges
                0x0000000000000360       0x20 ../final_proj_bsp/\libhal_bsp.a(altera_avalon_timer_sc.o)
 .debug_aranges
                0x0000000000000380       0x20 ../final_proj_bsp/\libhal_bsp.a(altera_up_avalon_audio.o)
 .debug_aranges
                0x00000000000003a0       0x20 ../final_proj_bsp/\libhal_bsp.a(altera_up_avalon_audio_and_video_config.o)
 .debug_aranges
                0x00000000000003c0       0x20 ../final_proj_bsp/\libhal_bsp.a(alt_alarm_start.o)
 .debug_aranges
                0x00000000000003e0       0x20 ../final_proj_bsp/\libhal_bsp.a(alt_close.o)
 .debug_aranges
                0x0000000000000400       0x20 ../final_proj_bsp/\libhal_bsp.a(alt_dcache_flush_all.o)
 .debug_aranges
                0x0000000000000420       0x20 ../final_proj_bsp/\libhal_bsp.a(alt_dev.o)
 .debug_aranges
                0x0000000000000440       0x20 ../final_proj_bsp/\libhal_bsp.a(alt_dev_llist_insert.o)
 .debug_aranges
                0x0000000000000460       0x20 ../final_proj_bsp/\libhal_bsp.a(alt_do_ctors.o)
 .debug_aranges
                0x0000000000000480       0x20 ../final_proj_bsp/\libhal_bsp.a(alt_do_dtors.o)
 .debug_aranges
                0x00000000000004a0       0x18 ../final_proj_bsp/\libhal_bsp.a(alt_errno.o)
 .debug_aranges
                0x00000000000004b8       0x38 ../final_proj_bsp/\libhal_bsp.a(alt_exception_entry.o)
 .debug_aranges
                0x00000000000004f0       0x20 ../final_proj_bsp/\libhal_bsp.a(alt_find_dev.o)
 .debug_aranges
                0x0000000000000510       0x20 ../final_proj_bsp/\libhal_bsp.a(alt_icache_flush_all.o)
 .debug_aranges
                0x0000000000000530       0x28 ../final_proj_bsp/\libhal_bsp.a(alt_instruction_exception_entry.o)
 .debug_aranges
                0x0000000000000558       0x20 ../final_proj_bsp/\libhal_bsp.a(alt_io_redirect.o)
 .debug_aranges
                0x0000000000000578       0x20 ../final_proj_bsp/\libhal_bsp.a(alt_open.o)
 .debug_aranges
                0x0000000000000598       0x20 ../final_proj_bsp/\libhal_bsp.a(alt_release_fd.o)
 .debug_aranges
                0x00000000000005b8       0x20 ../final_proj_bsp/\libhal_bsp.a(alt_tick.o)
 .debug_aranges
                0x00000000000005d8       0x20 ../final_proj_bsp/\libhal_bsp.a(altera_nios2_gen2_irq.o)
 .debug_aranges
                0x00000000000005f8       0x20 ../final_proj_bsp/\libhal_bsp.a(alt_find_file.o)
 .debug_aranges
                0x0000000000000618       0x20 ../final_proj_bsp/\libhal_bsp.a(alt_get_fd.o)
 .debug_aranges
                0x0000000000000638       0x20 ../final_proj_bsp/\libhal_bsp.a(alt_icache_flush.o)
 .debug_aranges
                0x0000000000000658       0x20 c:/intelfpga_lite/18.1/nios2eds/bin/gnu/h-x86_64-mingw32/bin/../lib/gcc/nios2-elf/5.3.0/../../../../../H-x86_64-mingw32/nios2-elf/lib\libc.a(lib_a-atexit.o)
 .debug_aranges
                0x0000000000000678       0x20 c:/intelfpga_lite/18.1/nios2eds/bin/gnu/h-x86_64-mingw32/bin/../lib/gcc/nios2-elf/5.3.0/../../../../../H-x86_64-mingw32/nios2-elf/lib\libc.a(lib_a-exit.o)
 .debug_aranges
                0x0000000000000698       0x18 c:/intelfpga_lite/18.1/nios2eds/bin/gnu/h-x86_64-mingw32/bin/../lib/gcc/nios2-elf/5.3.0/../../../../../H-x86_64-mingw32/nios2-elf/lib\libc.a(lib_a-int_errno.o)
 .debug_aranges
                0x00000000000006b0       0x20 c:/intelfpga_lite/18.1/nios2eds/bin/gnu/h-x86_64-mingw32/bin/../lib/gcc/nios2-elf/5.3.0/../../../../../H-x86_64-mingw32/nios2-elf/lib\libc.a(lib_a-memcmp.o)
 .debug_aranges
                0x00000000000006d0       0x20 c:/intelfpga_lite/18.1/nios2eds/bin/gnu/h-x86_64-mingw32/bin/../lib/gcc/nios2-elf/5.3.0/../../../../../H-x86_64-mingw32/nios2-elf/lib\libc.a(lib_a-memcpy.o)
 .debug_aranges
                0x00000000000006f0       0x28 c:/intelfpga_lite/18.1/nios2eds/bin/gnu/h-x86_64-mingw32/bin/../lib/gcc/nios2-elf/5.3.0/../../../../../H-x86_64-mingw32/nios2-elf/lib\libc.a(lib_a-putc.o)
 .debug_aranges